Microchip MPLAB XC8 Compiler V1.32 ()

Linker command line:

--edf=C:\Program Files\Microchip\xc8\v1.32\dat\en_msgs.txt -cs \
  -h+dist/default/production\SerialLED.X.production.sym \
  --cmf=dist/default/production\SerialLED.X.production.cmf -z -Q16F1827 \
  -oC:\Users\mmk2715\AppData\Local\Temp\s1fc.6 \
  -Mdist/default/production/SerialLED.X.production.map -E1 -ver=XC8 \
  -ASTACK=020C8h-0216fh -pstack=STACK -ACONST=00h-0FFhx16 \
  -ACODE=00h-07FFhx2 -ASTRCODE=00h-0FFFh -AENTRY=00h-0FFhx16 \
  -ASTRING=00h-0FFhx16 -ACOMMON=070h-07Fh -ABANK0=020h-06Fh \
  -ABANK1=0A0h-0EFh -ABANK2=0120h-016Fh -ABANK3=01A0h-01EFh \
  -ABANK4=0220h-024Fh -ABIGRAM=02000h-0216Fh \
  -ARAM=020h-06Fh,0A0h-0EFh,0120h-016Fh,01A0h-01EFh,0220h-024Fh \
  -AABS1=020h-07Fh,0A0h-0EFh,0120h-016Fh,01A0h-01EFh,0220h-024Fh \
  -ASFR0=00h-01Fh -ASFR1=080h-09Fh -ASFR2=0100h-011Fh -ASFR3=0180h-019Fh \
  -ASFR4=0200h-021Fh -ASFR5=0280h-02EFh -ASFR6=0300h-036Fh \
  -ASFR7=0380h-03EFh -ASFR8=0400h-046Fh -ASFR9=0480h-04EFh \
  -ASFR10=0500h-056Fh -ASFR11=0580h-05EFh -ASFR12=0600h-066Fh \
  -ASFR13=0680h-06EFh -ASFR14=0700h-076Fh -ASFR15=0780h-07EFh \
  -ASFR16=0800h-086Fh -ASFR17=0880h-08EFh -ASFR18=0900h-096Fh \
  -ASFR19=0980h-09EFh -ASFR20=0A00h-0A6Fh -ASFR21=0A80h-0AEFh \
  -ASFR22=0B00h-0B6Fh -ASFR23=0B80h-0BEFh -ASFR24=0C00h-0C6Fh \
  -ASFR25=0C80h-0CEFh -ASFR26=0D00h-0D6Fh -ASFR27=0D80h-0DEFh \
  -ASFR28=0E00h-0E6Fh -ASFR29=0E80h-0EEFh -ASFR30=0F00h-0F6Fh \
  -ASFR31=0F80h-0FEFh -preset_vec=00h,intentry,init,end_init -ppowerup=CODE \
  -pcinit=CODE -pfunctab=CODE -ACONFIG=08007h-08008h -pconfig=CONFIG \
  -DCONFIG=2 -AIDLOC=08000h-08003h -pidloc=IDLOC -DIDLOC=2 \
  -AEEDATA=00h-0FFh/0F000h -peeprom_data=EEDATA -DEEDATA=2 -DCODE=2 \
  -DSTRCODE=2 -DSTRING=2 -DCONST=2 -DENTRY=2 -k \
  C:\Users\mmk2715\AppData\Local\Temp\s1fc.obj \
  dist/default/production\SerialLED.X.production.obj 

Object code version is 3.11

Machine type is 16F1827



                Name                               Link     Load   Length Selector   Space Scale
C:\Users\mmk2715\AppData\Local\Temp\s1fc.obj
                end_init                              2        2        2        0       0
                reset_vec                             0        0        2        0       0
                config                             8007     8007        2    1000E       0
dist/default/production\SerialLED.X.production.obj
                cinit                               7D9      7D9       27      FB2       0
                text19                              953      953        B     12A6       0
                text18                                5        5       13        A       0
                text17                              BF1      BF1       B2     17E2       0
                text16                              152      152      1E0      2A4       0
                text15                              E21      E21      1DF     1C42       0
                text14                              A10      A10       54     1420       0
                text13                              9B1      9B1       1D     1362       0
                text12                              96D      96D       11     12DA       0
                text11                               18       18      13A       30       0
                text10                              97E      97E       19     12FC       0
                text9                               B4B      B4B       A6     1696       0
                text8                               A64      A64       60     14C8       0
                text7                               CA3      CA3       B4     1946       0
                text6                               AC4      AC4       87     1588       0
                text5                               997      997       1A     132E       0
                text4                               D57      D57       CA     1AAE       0
                text3                               941      941        6     1282       0
                text2                               332      332      218      664       0
                text1                               54A      54A      28F      A94       0
                maintext                            9CE      9CE       42     139C       0
                cstackBANK0                          20       20       2C       20       1
                cstackCOMMON                         70       70        E       70       1
                inittext                            947      947        6     128E       0
                clrtext                             94D      94D        6     129A       0
                bssBANK2                            120      120       28      120       1
                bssBANK1                             A0       A0       50       A0       1
                dataBANK0                            4C       4C        F       20       1
                bssBANK0                             5B       5B        9       20       1
                idataBANK0                          95E      95E        F     12BC       0

TOTAL           Name                               Link     Load   Length     Space
        CLASS   STACK          

        CLASS   CONST          

        CLASS   CODE           
                end_init                              2        2        2         0
                cinit                               7D9      7D9       27         0
                reset_vec                             0        0        2         0
                text19                              953      953        B         0
                text18                                5        5       13         0
                text17                              BF1      BF1       B2         0
                text16                              152      152      1E0         0
                text15                              E21      E21      1DF         0
                text14                              A10      A10       54         0
                text13                              9B1      9B1       1D         0
                text12                              96D      96D       11         0
                text11                               18       18      13A         0
                text10                              97E      97E       19         0
                text9                               B4B      B4B       A6         0
                text8                               A64      A64       60         0
                text7                               CA3      CA3       B4         0
                text6                               AC4      AC4       87         0
                text5                               997      997       1A         0
                text4                               D57      D57       CA         0
                text3                               941      941        6         0
                text2                               332      332      218         0
                text1                               54A      54A      28F         0
                maintext                            9CE      9CE       42         0
                inittext                            947      947        6         0
                clrtext                             94D      94D        6         0
                idataBANK0                          95E      95E        F         0

        CLASS   STRCODE        

        CLASS   ENTRY          

        CLASS   STRING         

        CLASS   COMMON         
                cstackCOMMON                         70       70        E         1

        CLASS   BANK0          
                cstackBANK0                          20       20       2C         1
                dataBANK0                            4C       4C        F         1
                bssBANK0                             5B       5B        9         1

        CLASS   BANK1          
                bssBANK1                             A0       A0       50         1

        CLASS   BANK2          
                bssBANK2                            120      120       28         1

        CLASS   BANK3          

        CLASS   BANK4          

        CLASS   BIGRAM         

        CLASS   RAM            

        CLASS   ABS1           
                abs_s1                               7E       7E        2         1

        CLASS   SFR0           

        CLASS   SFR1           

        CLASS   SFR2           

        CLASS   SFR3           

        CLASS   SFR4           

        CLASS   SFR5           

        CLASS   SFR6           

        CLASS   SFR7           

        CLASS   SFR8           

        CLASS   SFR9           

        CLASS   SFR10          

        CLASS   SFR11          

        CLASS   SFR12          

        CLASS   SFR13          

        CLASS   SFR14          

        CLASS   SFR15          

        CLASS   SFR16          

        CLASS   SFR17          

        CLASS   SFR18          

        CLASS   SFR19          

        CLASS   SFR20          

        CLASS   SFR21          

        CLASS   SFR22          

        CLASS   SFR23          

        CLASS   SFR24          

        CLASS   SFR25          

        CLASS   SFR26          

        CLASS   SFR27          

        CLASS   SFR28          

        CLASS   SFR29          

        CLASS   SFR30          

        CLASS   SFR31          

        CLASS   CONFIG         
                config                             8007     8007        2         0

        CLASS   IDLOC          

        CLASS   EEDATA         

        CLASS   BANK31         

        CLASS   BANK30         

        CLASS   BANK29         

        CLASS   BANK28         

        CLASS   BANK27         

        CLASS   BANK26         

        CLASS   BANK25         

        CLASS   BANK24         

        CLASS   BANK23         

        CLASS   BANK22         

        CLASS   BANK21         

        CLASS   BANK20         

        CLASS   BANK19         

        CLASS   BANK18         

        CLASS   BANK17         

        CLASS   BANK16         

        CLASS   BANK15         

        CLASS   BANK14         

        CLASS   BANK13         

        CLASS   BANK12         

        CLASS   BANK11         

        CLASS   BANK10         

        CLASS   BANK9          

        CLASS   BANK8          

        CLASS   BANK7          

        CLASS   BANK6          

        CLASS   BANK5          



SEGMENTS        Name                           Load    Length   Top    Selector   Space  Class     Delta

                reset_vec                      000000  000004  000004         0       0  CODE        2
                text18                         000005  000013  000018         A       0  CODE        2
                cstackBANK0                    000020  000044  000064        20       1  BANK0       1
                text11                         000018  00013A  000152        30       0  CODE        2
                cstackCOMMON                   000070  00000E  00007E        70       1  COMMON      1
                bssBANK1                       0000A0  000050  0000F0        A0       1  BANK1       1
                bssBANK2                       000120  000028  000148       120       1  BANK2       1
                text16                         000152  0001E0  000332       2A4       0  CODE        2
                text2                          000332  000218  00054A       664       0  CODE        2
                text1                          00054A  00028F  0007D9       A94       0  CODE        2
                cinit                          0007D9  000027  000800       FB2       0  CODE        2
                text3                          000941  000006  000947      1282       0  CODE        2
                inittext                       000947  000006  00094D      128E       0  CODE        2
                clrtext                        00094D  000006  000953      129A       0  CODE        2
                text19                         000953  00000B  00095E      12A6       0  CODE        2
                idataBANK0                     00095E  00000F  00096D      12BC       0  CODE        2
                text12                         00096D  000011  00097E      12DA       0  CODE        2
                text10                         00097E  000019  000997      12FC       0  CODE        2
                text5                          000997  00001A  0009B1      132E       0  CODE        2
                text13                         0009B1  00001D  0009CE      1362       0  CODE        2
                maintext                       0009CE  000042  000A10      139C       0  CODE        2
                text14                         000A10  000054  000A64      1420       0  CODE        2
                text8                          000A64  000060  000AC4      14C8       0  CODE        2
                text6                          000AC4  000087  000B4B      1588       0  CODE        2
                text9                          000B4B  0000A6  000BF1      1696       0  CODE        2
                text17                         000BF1  0000B2  000CA3      17E2       0  CODE        2
                text7                          000CA3  0000B4  000D57      1946       0  CODE        2
                text4                          000D57  0000CA  000E21      1AAE       0  CODE        2
                text15                         000E21  0001DF  001000      1C42       0  CODE        2
                config                         008007  000002  008009     1000E       0  CONFIG      2


UNUSED ADDRESS RANGES

        Name                Unused          Largest block    Delta
        BANK0            00064-0006F               C           1
        BANK2            00148-0016F              28           1
        BANK3            001A0-001EF              50           1
        BANK4            00220-0024F              30           1
        BIGRAM           02000-0216F             170           1
        CODE             00004-00004               1           2
                         00800-00940             141
        CONST            00004-00004               1           2
                         00800-00940             100
        EEDATA           0F000-0F0FF             100           2
        ENTRY            00004-00004               1           2
                         00800-00940             100
        IDLOC            08000-08003               4           2
        RAM              00064-0006F               C           1
                         00148-0016F              28
                         001A0-001EF              50
                         00220-0024F              30
        SFR0             00000-0001F              20           1
        SFR1             00080-0009F              20           1
        SFR10            00500-0056F              70           1
        SFR11            00580-005EF              70           1
        SFR12            00600-0066F              70           1
        SFR13            00680-006EF              70           1
        SFR14            00700-0076F              70           1
        SFR15            00780-007EF              70           1
        SFR16            00800-0086F              70           1
        SFR17            00880-008EF              70           1
        SFR18            00900-0096F              70           1
        SFR19            00980-009EF              70           1
        SFR2             00100-0011F              20           1
        SFR20            00A00-00A6F              70           1
        SFR21            00A80-00AEF              70           1
        SFR22            00B00-00B6F              70           1
        SFR23            00B80-00BEF              70           1
        SFR24            00C00-00C6F              70           1
        SFR25            00C80-00CEF              70           1
        SFR26            00D00-00D6F              70           1
        SFR27            00D80-00DEF              70           1
        SFR28            00E00-00E6F              70           1
        SFR29            00E80-00EEF              70           1
        SFR3             00180-0019F              20           1
        SFR30            00F00-00F6F              70           1
        SFR31            00F80-00FEF              70           1
        SFR4             00200-0021F              20           1
        SFR5             00280-002EF              70           1
        SFR6             00300-0036F              70           1
        SFR7             00380-003EF              70           1
        SFR8             00400-0046F              70           1
        SFR9             00480-004EF              70           1
        STACK            020C8-0216F              A8           1
        STRCODE          00004-00004               1           2
                         00800-00940             141
        STRING           00004-00004               1           2
                         00800-00940             100

                                  Symbol Table

?___awdiv                    cstackCOMMON 00076
?___ftmul                    cstackBANK0  00024
?___ftpack                   cstackCOMMON 00070
?___fttol                    cstackBANK0  00034
?___lbtoft                   cstackCOMMON 00078
?___wmul                     cstackCOMMON 00070
FadeIn@Blue                  cstackBANK0  00025
FadeIn@Green                 cstackBANK0  00024
FadeIn@Red                   cstackBANK0  0002A
FadeIn@delay                 cstackBANK0  00028
FadeIn@goal                  cstackBANK0  00029
FadeIn@goal1                 cstackBANK0  00027
FadeIn@i3                    cstackBANK0  0002B
FadeIn@start1                cstackBANK0  00026
SendLED@comp                 cstackCOMMON 00077
SendLED@loop8                cstackCOMMON 00075
SendLED@loopNum              cstackCOMMON 00073
SendLED@num                  cstackCOMMON 00070
_ANSELA                      (abs)        0018C
_AlarmAccession              text16       00152
_AlarmAccessionLeft          text15       00E21
_B                           bssBANK2     00120
_Color1                      dataBANK0    0004C
_Color2                      dataBANK0    0004F
_Color3                      dataBANK0    00052
_Color4                      dataBANK0    00055
_Data0                       text19       00953
_Data1                       text18       00005
_Decay                       text4        00D57
_FadeIn                      text11       00018
_FireWorks                   text9        00B4B
_FireWorksFadeOut            text3        00941
_G                           bssBANK1     000A0
_LATA                        (abs)        0010C
_MyColor                     text2        00332
_OSCCONbits                  (abs)        00099
_PORTAbits                   (abs)        0000C
_R                           bssBANK1     000C8
_SendLED                     text17       00BF1
_Start                       text1        0054A
_TRISA                       (abs)        0008C
__CFG_BOREN$ON               (abs)        00000
__CFG_BORV$LO                (abs)        00000
__CFG_CLKOUTEN$OFF           (abs)        00000
__CFG_CP$OFF                 (abs)        00000
__CFG_CPD$OFF                (abs)        00000
__CFG_FCMEN$ON               (abs)        00000
__CFG_FOSC$HS                (abs)        00000
__CFG_IESO$ON                (abs)        00000
__CFG_LVP$ON                 (abs)        00000
__CFG_MCLRE$ON               (abs)        00000
__CFG_PLLEN$ON               (abs)        00000
__CFG_PWRTE$OFF              (abs)        00000
__CFG_STVREN$ON              (abs)        00000
__CFG_WDTE$OFF               (abs)        00000
__CFG_WRT$OFF                (abs)        00000
__Habs1                      abs1         00000
__Hbank0                     bank0        00000
__Hbank1                     bank1        00000
__Hbank10                    bank10       00000
__Hbank11                    bank11       00000
__Hbank12                    bank12       00000
__Hbank13                    bank13       00000
__Hbank14                    bank14       00000
__Hbank15                    bank15       00000
__Hbank16                    bank16       00000
__Hbank17                    bank17       00000
__Hbank18                    bank18       00000
__Hbank19                    bank19       00000
__Hbank2                     bank2        00000
__Hbank20                    bank20       00000
__Hbank21                    bank21       00000
__Hbank22                    bank22       00000
__Hbank23                    bank23       00000
__Hbank24                    bank24       00000
__Hbank25                    bank25       00000
__Hbank26                    bank26       00000
__Hbank27                    bank27       00000
__Hbank28                    bank28       00000
__Hbank29                    bank29       00000
__Hbank3                     bank3        00000
__Hbank30                    bank30       00000
__Hbank31                    bank31       00000
__Hbank4                     bank4        00000
__Hbank5                     bank5        00000
__Hbank6                     bank6        00000
__Hbank7                     bank7        00000
__Hbank8                     bank8        00000
__Hbank9                     bank9        00000
__Hbigram                    bigram       00000
__HbssBANK0                  bssBANK0     00000
__HbssBANK1                  bssBANK1     00000
__HbssBANK2                  bssBANK2     00000
__Hcinit                     cinit        00800
__Hclrtext                   clrtext      00000
__Hcode                      code         00000
__Hcommon                    common       00000
__Hconfig                    config       08009
__HcstackBANK0               cstackBANK0  00000
__HcstackCOMMON              cstackCOMMON 00000
__HdataBANK0                 dataBANK0    00000
__Heeprom_data               eeprom_data  00000
__Hend_init                  end_init     00004
__Hfunctab                   functab      00000
__HidataBANK0                idataBANK0   00000
__Hidloc                     idloc        00000
__Hinit                      init         00002
__Hinittext                  inittext     00000
__Hintentry                  intentry     00002
__Hmaintext                  maintext     00000
__Hpowerup                   powerup      00000
__Hram                       ram          00000
__Hreset_vec                 reset_vec    00002
__Hsfr0                      sfr0         00000
__Hsfr1                      sfr1         00000
__Hsfr10                     sfr10        00000
__Hsfr11                     sfr11        00000
__Hsfr12                     sfr12        00000
__Hsfr13                     sfr13        00000
__Hsfr14                     sfr14        00000
__Hsfr15                     sfr15        00000
__Hsfr16                     sfr16        00000
__Hsfr17                     sfr17        00000
__Hsfr18                     sfr18        00000
__Hsfr19                     sfr19        00000
__Hsfr2                      sfr2         00000
__Hsfr20                     sfr20        00000
__Hsfr21                     sfr21        00000
__Hsfr22                     sfr22        00000
__Hsfr23                     sfr23        00000
__Hsfr24                     sfr24        00000
__Hsfr25                     sfr25        00000
__Hsfr26                     sfr26        00000
__Hsfr27                     sfr27        00000
__Hsfr28                     sfr28        00000
__Hsfr29                     sfr29        00000
__Hsfr3                      sfr3         00000
__Hsfr30                     sfr30        00000
__Hsfr31                     sfr31        00000
__Hsfr4                      sfr4         00000
__Hsfr5                      sfr5         00000
__Hsfr6                      sfr6         00000
__Hsfr7                      sfr7         00000
__Hsfr8                      sfr8         00000
__Hsfr9                      sfr9         00000
__Hspace_0                   (abs)        08009
__Hspace_1                   (abs)        00148
__Hspace_2                   (abs)        00000
__Hspace_3                   (abs)        00000
__Hstack                     stack        00000
__Hstrings                   strings      00000
__Htext                      text         00000
__Labs1                      abs1         00000
__Lbank0                     bank0        00000
__Lbank1                     bank1        00000
__Lbank10                    bank10       00000
__Lbank11                    bank11       00000
__Lbank12                    bank12       00000
__Lbank13                    bank13       00000
__Lbank14                    bank14       00000
__Lbank15                    bank15       00000
__Lbank16                    bank16       00000
__Lbank17                    bank17       00000
__Lbank18                    bank18       00000
__Lbank19                    bank19       00000
__Lbank2                     bank2        00000
__Lbank20                    bank20       00000
__Lbank21                    bank21       00000
__Lbank22                    bank22       00000
__Lbank23                    bank23       00000
__Lbank24                    bank24       00000
__Lbank25                    bank25       00000
__Lbank26                    bank26       00000
__Lbank27                    bank27       00000
__Lbank28                    bank28       00000
__Lbank29                    bank29       00000
__Lbank3                     bank3        00000
__Lbank30                    bank30       00000
__Lbank31                    bank31       00000
__Lbank4                     bank4        00000
__Lbank5                     bank5        00000
__Lbank6                     bank6        00000
__Lbank7                     bank7        00000
__Lbank8                     bank8        00000
__Lbank9                     bank9        00000
__Lbigram                    bigram       00000
__LbssBANK0                  bssBANK0     00000
__LbssBANK1                  bssBANK1     00000
__LbssBANK2                  bssBANK2     00000
__Lcinit                     cinit        007D9
__Lclrtext                   clrtext      00000
__Lcode                      code         00000
__Lcommon                    common       00000
__Lconfig                    config       08007
__LcstackBANK0               cstackBANK0  00000
__LcstackCOMMON              cstackCOMMON 00000
__LdataBANK0                 dataBANK0    00000
__Leeprom_data               eeprom_data  00000
__Lend_init                  end_init     00002
__Lfunctab                   functab      00000
__LidataBANK0                idataBANK0   00000
__Lidloc                     idloc        00000
__Linit                      init         00002
__Linittext                  inittext     00000
__Lintentry                  intentry     00002
__Lmaintext                  maintext     00000
__Lpowerup                   powerup      00000
__Lram                       ram          00000
__Lreset_vec                 reset_vec    00000
__Lsfr0                      sfr0         00000
__Lsfr1                      sfr1         00000
__Lsfr10                     sfr10        00000
__Lsfr11                     sfr11        00000
__Lsfr12                     sfr12        00000
__Lsfr13                     sfr13        00000
__Lsfr14                     sfr14        00000
__Lsfr15                     sfr15        00000
__Lsfr16                     sfr16        00000
__Lsfr17                     sfr17        00000
__Lsfr18                     sfr18        00000
__Lsfr19                     sfr19        00000
__Lsfr2                      sfr2         00000
__Lsfr20                     sfr20        00000
__Lsfr21                     sfr21        00000
__Lsfr22                     sfr22        00000
__Lsfr23                     sfr23        00000
__Lsfr24                     sfr24        00000
__Lsfr25                     sfr25        00000
__Lsfr26                     sfr26        00000
__Lsfr27                     sfr27        00000
__Lsfr28                     sfr28        00000
__Lsfr29                     sfr29        00000
__Lsfr3                      sfr3         00000
__Lsfr30                     sfr30        00000
__Lsfr31                     sfr31        00000
__Lsfr4                      sfr4         00000
__Lsfr5                      sfr5         00000
__Lsfr6                      sfr6         00000
__Lsfr7                      sfr7         00000
__Lsfr8                      sfr8         00000
__Lsfr9                      sfr9         00000
__Lspace_0                   (abs)        00000
__Lspace_1                   (abs)        00000
__Lspace_2                   (abs)        00000
__Lspace_3                   (abs)        00000
__Lstack                     stack        00000
__Lstrings                   strings      00000
__Ltext                      text         00000
__S0                         (abs)        08009
__S1                         (abs)        00148
__S2                         (abs)        00000
__S3                         (abs)        00000
___awdiv                     text14       00A10
___awdiv@counter             cstackBANK0  00020
___awdiv@dividend            cstackCOMMON 00078
___awdiv@divisor             cstackCOMMON 00076
___awdiv@quotient            cstackBANK0  00022
___awdiv@sign                cstackBANK0  00021
___ftmul                     text7        00CA3
___ftmul@cntr                cstackBANK0  00032
___ftmul@exp                 cstackBANK0  0002E
___ftmul@f1                  cstackBANK0  00024
___ftmul@f2                  cstackBANK0  00027
___ftmul@f3_as_product       cstackBANK0  0002F
___ftmul@sign                cstackBANK0  00033
___ftpack                    text8        00A64
___ftpack@arg                cstackCOMMON 00070
___ftpack@exp                cstackCOMMON 00073
___ftpack@sign               cstackCOMMON 00074
___fttol                     text6        00AC4
___fttol@exp1                cstackBANK0  00041
___fttol@f1                  cstackBANK0  00034
___fttol@lval                cstackBANK0  0003D
___fttol@sign1               cstackBANK0  0003C
___int_sp                    stack        00000
___latbits                   (abs)        00001
___lbtoft                    text5        00997
___lbtoft@c                  cstackCOMMON 0007B
___sp                        stack        00000
___wmul                      text13       009B1
___wmul@multiplicand         cstackCOMMON 00072
___wmul@multiplier           cstackCOMMON 00070
___wmul@product              cstackCOMMON 00074
__end_of_AlarmAccession      text16       00332
__end_of_AlarmAccessionLeft  text15       01000
__end_of_Data0               text19       0095E
__end_of_Data1               text18       00018
__end_of_Decay               text4        00E21
__end_of_FadeIn              text11       00152
__end_of_FireWorks           text9        00BF1
__end_of_FireWorksFadeOut    text3        00947
__end_of_MyColor             text2        0054A
__end_of_SendLED             text17       00CA3
__end_of_Start               text1        007D9
__end_of___awdiv             text14       00A64
__end_of___ftmul             text7        00D57
__end_of___ftpack            text8        00AC4
__end_of___fttol             text6        00B4B
__end_of___lbtoft            text5        009B1
__end_of___wmul              text13       009CE
__end_of__initialization     cinit        007FC
__end_of_delay_ms            text10       00997
__end_of_delay_us            text12       0097E
__end_of_main                maintext     00A10
__initialization             cinit        007D9
__pbssBANK0                  bssBANK0     0005B
__pbssBANK1                  bssBANK1     000A0
__pbssBANK2                  bssBANK2     00120
__pcstackBANK0               cstackBANK0  00020
__pcstackCOMMON              cstackCOMMON 00070
__pdataBANK0                 dataBANK0    0004C
__pidataBANK0                idataBANK0   0095E
__pmaintext                  maintext     009CE
__ptext1                     text1        0054A
__ptext10                    text10       0097E
__ptext11                    text11       00018
__ptext12                    text12       0096D
__ptext13                    text13       009B1
__ptext14                    text14       00A10
__ptext15                    text15       00E21
__ptext16                    text16       00152
__ptext17                    text17       00BF1
__ptext18                    text18       00005
__ptext19                    text19       00953
__ptext2                     text2        00332
__ptext3                     text3        00941
__ptext4                     text4        00D57
__ptext5                     text5        00997
__ptext6                     text6        00AC4
__ptext7                     text7        00CA3
__ptext8                     text8        00A64
__ptext9                     text9        00B4B
__size_of_AlarmAccession     (abs)        00000
__size_of_AlarmAccessionLeft (abs)        00000
__size_of_Data0              (abs)        00000
__size_of_Data1              (abs)        00000
__size_of_Decay              (abs)        00000
__size_of_FadeIn             (abs)        00000
__size_of_FireWorks          (abs)        00000
__size_of_FireWorksFadeOut   (abs)        00000
__size_of_MyColor            (abs)        00000
__size_of_SendLED            (abs)        00000
__size_of_Start              (abs)        00000
__size_of___awdiv            (abs)        00000
__size_of___ftmul            (abs)        00000
__size_of___ftpack           (abs)        00000
__size_of___fttol            (abs)        00000
__size_of___lbtoft           (abs)        00000
__size_of___wmul             (abs)        00000
__size_of_delay_ms           (abs)        00000
__size_of_delay_us           (abs)        00000
__size_of_main               (abs)        00000
_delay_ms                    text10       0097E
_delay_us                    text12       0096D
_i0                          bssBANK0     0005E
_i1                          bssBANK0     00060
_i2                          bssBANK0     00062
_main                        maintext     009CE
_pi                          dataBANK0    00058
_rad1                        bssBANK0     0005B
btemp                        (abs)        0007E
clear_ram0                   clrtext      0094D
delay_ms@time                cstackCOMMON 00070
delay_us@utime               cstackCOMMON 00070
end_of_initialization        cinit        007FC
init_ram                     inittext     00947
intlevel0                    functab      00000
intlevel1                    functab      00000
intlevel2                    functab      00000
intlevel3                    functab      00000
intlevel4                    functab      00000
intlevel5                    functab      00000
ltemp                        (abs)        0007E
ltemp0                       (abs)        0007E
ltemp1                       (abs)        00082
ltemp2                       (abs)        00086
ltemp3                       (abs)        00080
pic14e$flags                 (abs)        0007E
reset_vec                    reset_vec    00000
stackhi                      (abs)        0216F
stacklo                      (abs)        020C8
start                        init         00002
start_initialization         cinit        007D9
ttemp                        (abs)        0007E
ttemp0                       (abs)        0007E
ttemp1                       (abs)        00081
ttemp2                       (abs)        00084
ttemp3                       (abs)        00087
ttemp4                       (abs)        0007F
wtemp                        (abs)        0007E
wtemp0                       (abs)        0007E
wtemp1                       (abs)        00080
wtemp2                       (abs)        00082
wtemp3                       (abs)        00084
wtemp4                       (abs)        00086
wtemp5                       (abs)        00088
wtemp6                       (abs)        0007F


FUNCTION INFORMATION:

 *************** function _main *****************
 Defined at:
		line 531 in file "newmain.c"
 Parameters:    Size  Location     Type
  argc            2   40[BANK0 ] int 
  argv            2   42[BANK0 ] PTR PTR unsigned char 
 Auto vars:     Size  Location     Type
		None
 Return value:  Size  Location     Type
                  2   40[BANK0 ] int 
 Registers used:
		wreg, fsr1l, fsr1h, status,2, status,0, pclath, cstack
 Tracked objects:
		On entry : 
		On exit  : 
		Unchanged: 
 Data sizes:     COMMON   BANK0   BANK1   BANK2   BANK3   BANK4
      Params:         0       4       0       0       0       0
      Locals:         0       0       0       0       0       0
      Temps:          0       0       0       0       0       0
      Totals:         0       4       0       0       0       0
Total ram usage:        4 bytes
 Hardware stack levels required when called:    4
 This function calls:
		_AlarmAccession
		_AlarmAccessionLeft
		_FireWorks
		_FireWorksFadeOut
		_MyColor
		_Start
		_delay_ms
 This function is called by:
		Startup code after reset
 This function uses a non-reentrant model


 *************** function _Start *****************
 Defined at:
		line 133 in file "newmain.c"
 Parameters:    Size  Location     Type
		None
 Auto vars:     Size  Location     Type
		None
 Return value:  Size  Location     Type
		None               void
 Registers used:
		wreg, fsr1l, fsr1h, status,2, status,0, pclath, cstack
 Tracked objects:
		On entry : 
		On exit  : 
		Unchanged: 
 Data sizes:     COMMON   BANK0   BANK1   BANK2   BANK3   BANK4
      Params:         0       0       0       0       0       0
      Locals:         0       0       0       0       0       0
      Temps:          0       3       0       0       0       0
      Totals:         0       3       0       0       0       0
Total ram usage:        3 bytes
 Hardware stack levels used:    1
 Hardware stack levels required when called:    3
 This function calls:
		_Decay
		_SendLED
		_delay_ms
 This function is called by:
		_main
 This function uses a non-reentrant model


 *************** function _MyColor *****************
 Defined at:
		line 216 in file "newmain.c"
 Parameters:    Size  Location     Type
		None
 Auto vars:     Size  Location     Type
		None
 Return value:  Size  Location     Type
		None               void
 Registers used:
		wreg, fsr1l, fsr1h, status,2, status,0, pclath, cstack
 Tracked objects:
		On entry : 
		On exit  : 
		Unchanged: 
 Data sizes:     COMMON   BANK0   BANK1   BANK2   BANK3   BANK4
      Params:         0       0       0       0       0       0
      Locals:         0       0       0       0       0       0
      Temps:          3       0       0       0       0       0
      Totals:         3       0       0       0       0       0
Total ram usage:        3 bytes
 Hardware stack levels used:    1
 Hardware stack levels required when called:    2
 This function calls:
		_SendLED
		_delay_ms
 This function is called by:
		_main
 This function uses a non-reentrant model


 *************** function _FireWorksFadeOut *****************
 Defined at:
		line 515 in file "newmain.c"
 Parameters:    Size  Location     Type
		None
 Auto vars:     Size  Location     Type
		None
 Return value:  Size  Location     Type
		None               void
 Registers used:
		wreg, fsr1l, fsr1h, status,2, status,0, pclath, cstack
 Tracked objects:
		On entry : 
		On exit  : 
		Unchanged: 
 Data sizes:     COMMON   BANK0   BANK1   BANK2   BANK3   BANK4
      Params:         0       0       0       0       0       0
      Locals:         0       0       0       0       0       0
      Temps:          0       0       0       0       0       0
      Totals:         0       0       0       0       0       0
Total ram usage:        0 bytes
 Hardware stack levels used:    1
 Hardware stack levels required when called:    3
 This function calls:
		_Decay
 This function is called by:
		_main
 This function uses a non-reentrant model


 *************** function _Decay *****************
 Defined at:
		line 122 in file "newmain.c"
 Parameters:    Size  Location     Type
		None
 Auto vars:     Size  Location     Type
		None
 Return value:  Size  Location     Type
		None               void
 Registers used:
		wreg, fsr1l, fsr1h, status,2, status,0, pclath, cstack
 Tracked objects:
		On entry : 
		On exit  : 
		Unchanged: 
 Data sizes:     COMMON   BANK0   BANK1   BANK2   BANK3   BANK4
      Params:         0       0       0       0       0       0
      Locals:         0       0       0       0       0       0
      Temps:          0       3       0       0       0       0
      Totals:         0       3       0       0       0       0
Total ram usage:        3 bytes
 Hardware stack levels used:    1
 Hardware stack levels required when called:    2
 This function calls:
		_SendLED
		___ftmul
		___fttol
		___lbtoft
 This function is called by:
		_Start
		_FireWorksFadeOut
 This function uses a non-reentrant model


 *************** function ___lbtoft *****************
 Defined at:
		line 27 in file "C:\Program Files\Microchip\xc8\v1.32\sources\common\lbtoft.c"
 Parameters:    Size  Location     Type
  c               1    wreg     unsigned char 
 Auto vars:     Size  Location     Type
  c               1   11[COMMON] unsigned char 
 Return value:  Size  Location     Type
                  3    8[COMMON] float 
 Registers used:
		wreg, status,2, status,0, pclath, cstack
 Tracked objects:
		On entry : 
		On exit  : 
		Unchanged: 
 Data sizes:     COMMON   BANK0   BANK1   BANK2   BANK3   BANK4
      Params:         3       0       0       0       0       0
      Locals:         1       0       0       0       0       0
      Temps:          0       4       0       0       0       0
      Totals:         4       4       0       0       0       0
Total ram usage:        8 bytes
 Hardware stack levels used:    1
 Hardware stack levels required when called:    1
 This function calls:
		___ftpack
 This function is called by:
		_Decay
 This function uses a non-reentrant model


 *************** function ___fttol *****************
 Defined at:
		line 44 in file "C:\Program Files\Microchip\xc8\v1.32\sources\common\fttol.c"
 Parameters:    Size  Location     Type
  f1              3   20[BANK0 ] float 
 Auto vars:     Size  Location     Type
  lval            4   29[BANK0 ] unsigned long 
  exp1            1   33[BANK0 ] unsigned char 
  sign1           1   28[BANK0 ] unsigned char 
 Return value:  Size  Location     Type
                  4   20[BANK0 ] long 
 Registers used:
		wreg, status,2, status,0
 Tracked objects:
		On entry : 
		On exit  : 
		Unchanged: 
 Data sizes:     COMMON   BANK0   BANK1   BANK2   BANK3   BANK4
      Params:         0       4       0       0       0       0
      Locals:         0       6       0       0       0       0
      Temps:          0       4       0       0       0       0
      Totals:         0      14       0       0       0       0
Total ram usage:       14 bytes
 Hardware stack levels used:    1
 This function calls:
		Nothing
 This function is called by:
		_Decay
 This function uses a non-reentrant model


 *************** function ___ftmul *****************
 Defined at:
		line 62 in file "C:\Program Files\Microchip\xc8\v1.32\sources\common\ftmul.c"
 Parameters:    Size  Location     Type
  f1              3    4[BANK0 ] float 
  f2              3    7[BANK0 ] float 
 Auto vars:     Size  Location     Type
  f3_as_produc    3   15[BANK0 ] unsigned um
  sign            1   19[BANK0 ] unsigned char 
  cntr            1   18[BANK0 ] unsigned char 
  exp             1   14[BANK0 ] unsigned char 
 Return value:  Size  Location     Type
                  3    4[BANK0 ] float 
 Registers used:
		wreg, status,2, status,0, pclath, cstack
 Tracked objects:
		On entry : 
		On exit  : 
		Unchanged: 
 Data sizes:     COMMON   BANK0   BANK1   BANK2   BANK3   BANK4
      Params:         0       6       0       0       0       0
      Locals:         0       6       0       0       0       0
      Temps:          0       4       0       0       0       0
      Totals:         0      16       0       0       0       0
Total ram usage:       16 bytes
 Hardware stack levels used:    1
 Hardware stack levels required when called:    1
 This function calls:
		___ftpack
 This function is called by:
		_Decay
 This function uses a non-reentrant model


 *************** function ___ftpack *****************
 Defined at:
		line 62 in file "C:\Program Files\Microchip\xc8\v1.32\sources\common\float.c"
 Parameters:    Size  Location     Type
  arg             3    0[COMMON] unsigned um
  exp             1    3[COMMON] unsigned char 
  sign            1    4[COMMON] unsigned char 
 Auto vars:     Size  Location     Type
		None
 Return value:  Size  Location     Type
                  3    0[COMMON] float 
 Registers used:
		wreg, status,2, status,0
 Tracked objects:
		On entry : 
		On exit  : 
		Unchanged: 
 Data sizes:     COMMON   BANK0   BANK1   BANK2   BANK3   BANK4
      Params:         5       0       0       0       0       0
      Locals:         0       0       0       0       0       0
      Temps:          3       0       0       0       0       0
      Totals:         8       0       0       0       0       0
Total ram usage:        8 bytes
 Hardware stack levels used:    1
 This function calls:
		Nothing
 This function is called by:
		___ftmul
		___lbtoft
 This function uses a non-reentrant model


 *************** function _FireWorks *****************
 Defined at:
		line 491 in file "newmain.c"
 Parameters:    Size  Location     Type
		None
 Auto vars:     Size  Location     Type
		None
 Return value:  Size  Location     Type
		None               void
 Registers used:
		wreg, fsr1l, fsr1h, status,2, status,0, pclath, cstack
 Tracked objects:
		On entry : 
		On exit  : 
		Unchanged: 
 Data sizes:     COMMON   BANK0   BANK1   BANK2   BANK3   BANK4
      Params:         0       0       0       0       0       0
      Locals:         0       0       0       0       0       0
      Temps:          0       4       0       0       0       0
      Totals:         0       4       0       0       0       0
Total ram usage:        4 bytes
 Hardware stack levels used:    1
 Hardware stack levels required when called:    3
 This function calls:
		_FadeIn
		_delay_ms
 This function is called by:
		_main
 This function uses a non-reentrant model


 *************** function _delay_ms *****************
 Defined at:
		line 51 in file "newmain.c"
 Parameters:    Size  Location     Type
  time            2    0[COMMON] int 
 Auto vars:     Size  Location     Type
		None
 Return value:  Size  Location     Type
		None               void
 Registers used:
		wreg
 Tracked objects:
		On entry : 
		On exit  : 
		Unchanged: 
 Data sizes:     COMMON   BANK0   BANK1   BANK2   BANK3   BANK4
      Params:         2       0       0       0       0       0
      Locals:         0       0       0       0       0       0
      Temps:          2       0       0       0       0       0
      Totals:         4       0       0       0       0       0
Total ram usage:        4 bytes
 Hardware stack levels used:    1
 This function calls:
		Nothing
 This function is called by:
		_Start
		_MyColor
		_FireWorks
		_main
 This function uses a non-reentrant model


 *************** function _FadeIn *****************
 Defined at:
		line 469 in file "newmain.c"
 Parameters:    Size  Location     Type
  Red             1    wreg     unsigned char 
  Green           1    4[BANK0 ] unsigned char 
  Blue            1    5[BANK0 ] unsigned char 
  start1          1    6[BANK0 ] unsigned char 
  goal1           1    7[BANK0 ] unsigned char 
  delay           1    8[BANK0 ] unsigned char 
 Auto vars:     Size  Location     Type
  Red             1   10[BANK0 ] unsigned char 
  i3              1   11[BANK0 ] unsigned char 
  goal            1    9[BANK0 ] unsigned char 
  goal0           1    0        unsigned char 
  start0          1    0        unsigned char 
  start           1    0        unsigned char 
 Return value:  Size  Location     Type
		None               void
 Registers used:
		wreg, fsr1l, fsr1h, status,2, status,0, pclath, cstack
 Tracked objects:
		On entry : 
		On exit  : 
		Unchanged: 
 Data sizes:     COMMON   BANK0   BANK1   BANK2   BANK3   BANK4
      Params:         0       5       0       0       0       0
      Locals:         0       3       0       0       0       0
      Temps:          3       0       0       0       0       0
      Totals:         3       8       0       0       0       0
Total ram usage:       11 bytes
 Hardware stack levels used:    1
 Hardware stack levels required when called:    2
 This function calls:
		_SendLED
		___awdiv
		___wmul
		_delay_us
 This function is called by:
		_FireWorks
 This function uses a non-reentrant model


 *************** function _delay_us *****************
 Defined at:
		line 56 in file "newmain.c"
 Parameters:    Size  Location     Type
  utime           2    0[COMMON] int 
 Auto vars:     Size  Location     Type
		None
 Return value:  Size  Location     Type
		None               void
 Registers used:
		wreg
 Tracked objects:
		On entry : 
		On exit  : 
		Unchanged: 
 Data sizes:     COMMON   BANK0   BANK1   BANK2   BANK3   BANK4
      Params:         2       0       0       0       0       0
      Locals:         0       0       0       0       0       0
      Temps:          1       0       0       0       0       0
      Totals:         3       0       0       0       0       0
Total ram usage:        3 bytes
 Hardware stack levels used:    1
 This function calls:
		Nothing
 This function is called by:
		_FadeIn
 This function uses a non-reentrant model


 *************** function ___wmul *****************
 Defined at:
		line 15 in file "C:\Program Files\Microchip\xc8\v1.32\sources\common\Umul16.c"
 Parameters:    Size  Location     Type
  multiplier      2    0[COMMON] unsigned int 
  multiplicand    2    2[COMMON] unsigned int 
 Auto vars:     Size  Location     Type
  product         2    4[COMMON] unsigned int 
 Return value:  Size  Location     Type
                  2    0[COMMON] unsigned int 
 Registers used:
		wreg, status,2, status,0
 Tracked objects:
		On entry : 
		On exit  : 
		Unchanged: 
 Data sizes:     COMMON   BANK0   BANK1   BANK2   BANK3   BANK4
      Params:         4       0       0       0       0       0
      Locals:         2       0       0       0       0       0
      Temps:          0       0       0       0       0       0
      Totals:         6       0       0       0       0       0
Total ram usage:        6 bytes
 Hardware stack levels used:    1
 This function calls:
		Nothing
 This function is called by:
		_FadeIn
 This function uses a non-reentrant model


 *************** function ___awdiv *****************
 Defined at:
		line 6 in file "C:\Program Files\Microchip\xc8\v1.32\sources\common\awdiv.c"
 Parameters:    Size  Location     Type
  divisor         2    6[COMMON] int 
  dividend        2    8[COMMON] int 
 Auto vars:     Size  Location     Type
  quotient        2    2[BANK0 ] int 
  sign            1    1[BANK0 ] unsigned char 
  counter         1    0[BANK0 ] unsigned char 
 Return value:  Size  Location     Type
                  2    6[COMMON] int 
 Registers used:
		wreg, status,2, status,0
 Tracked objects:
		On entry : 
		On exit  : 
		Unchanged: 
 Data sizes:     COMMON   BANK0   BANK1   BANK2   BANK3   BANK4
      Params:         4       0       0       0       0       0
      Locals:         0       4       0       0       0       0
      Temps:          1       0       0       0       0       0
      Totals:         5       4       0       0       0       0
Total ram usage:        9 bytes
 Hardware stack levels used:    1
 This function calls:
		Nothing
 This function is called by:
		_FadeIn
 This function uses a non-reentrant model


 *************** function _AlarmAccessionLeft *****************
 Defined at:
		line 278 in file "newmain.c"
 Parameters:    Size  Location     Type
		None
 Auto vars:     Size  Location     Type
		None
 Return value:  Size  Location     Type
		None               void
 Registers used:
		wreg, fsr1l, fsr1h, status,2, status,0, pclath, cstack
 Tracked objects:
		On entry : 
		On exit  : 
		Unchanged: 
 Data sizes:     COMMON   BANK0   BANK1   BANK2   BANK3   BANK4
      Params:         0       0       0       0       0       0
      Locals:         0       0       0       0       0       0
      Temps:          3       0       0       0       0       0
      Totals:         3       0       0       0       0       0
Total ram usage:        3 bytes
 Hardware stack levels used:    1
 Hardware stack levels required when called:    2
 This function calls:
		_SendLED
 This function is called by:
		_main
 This function uses a non-reentrant model


 *************** function _AlarmAccession *****************
 Defined at:
		line 351 in file "newmain.c"
 Parameters:    Size  Location     Type
		None
 Auto vars:     Size  Location     Type
		None
 Return value:  Size  Location     Type
		None               void
 Registers used:
		wreg, fsr1l, fsr1h, status,2, status,0, pclath, cstack
 Tracked objects:
		On entry : 
		On exit  : 
		Unchanged: 
 Data sizes:     COMMON   BANK0   BANK1   BANK2   BANK3   BANK4
      Params:         0       0       0       0       0       0
      Locals:         0       0       0       0       0       0
      Temps:          3       0       0       0       0       0
      Totals:         3       0       0       0       0       0
Total ram usage:        3 bytes
 Hardware stack levels used:    1
 Hardware stack levels required when called:    2
 This function calls:
		_SendLED
 This function is called by:
		_main
 This function uses a non-reentrant model


 *************** function _SendLED *****************
 Defined at:
		line 97 in file "newmain.c"
 Parameters:    Size  Location     Type
  num             2    0[COMMON] int 
 Auto vars:     Size  Location     Type
  comp            2    7[COMMON] int 
  loop8           2    5[COMMON] int 
  loopNum         2    3[COMMON] int 
 Return value:  Size  Location     Type
                  2    0[COMMON] int 
 Registers used:
		wreg, fsr1l, fsr1h, status,2, status,0, pclath, cstack
 Tracked objects:
		On entry : 
		On exit  : 
		Unchanged: 
 Data sizes:     COMMON   BANK0   BANK1   BANK2   BANK3   BANK4
      Params:         2       0       0       0       0       0
      Locals:         6       0       0       0       0       0
      Temps:          1       0       0       0       0       0
      Totals:         9       0       0       0       0       0
Total ram usage:        9 bytes
 Hardware stack levels used:    1
 Hardware stack levels required when called:    1
 This function calls:
		_Data0
		_Data1
 This function is called by:
		_Decay
		_Start
		_MyColor
		_AlarmAccessionLeft
		_AlarmAccession
		_FadeIn
 This function uses a non-reentrant model


 *************** function _Data1 *****************
 Defined at:
		line 74 in file "newmain.c"
 Parameters:    Size  Location     Type
		None
 Auto vars:     Size  Location     Type
		None
 Return value:  Size  Location     Type
		None               void
 Registers used:
		None
 Tracked objects:
		On entry : 
		On exit  : 
		Unchanged: 
 Data sizes:     COMMON   BANK0   BANK1   BANK2   BANK3   BANK4
      Params:         0       0       0       0       0       0
      Locals:         0       0       0       0       0       0
      Temps:          0       0       0       0       0       0
      Totals:         0       0       0       0       0       0
Total ram usage:        0 bytes
 Hardware stack levels used:    1
 This function calls:
		Nothing
 This function is called by:
		_SendLED
 This function uses a non-reentrant model


 *************** function _Data0 *****************
 Defined at:
		line 62 in file "newmain.c"
 Parameters:    Size  Location     Type
		None
 Auto vars:     Size  Location     Type
		None
 Return value:  Size  Location     Type
		None               void
 Registers used:
		None
 Tracked objects:
		On entry : 
		On exit  : 
		Unchanged: 
 Data sizes:     COMMON   BANK0   BANK1   BANK2   BANK3   BANK4
      Params:         0       0       0       0       0       0
      Locals:         0       0       0       0       0       0
      Temps:          0       0       0       0       0       0
      Totals:         0       0       0       0       0       0
Total ram usage:        0 bytes
 Hardware stack levels used:    1
 This function calls:
		Nothing
 This function is called by:
		_SendLED
 This function uses a non-reentrant model



MODULE INFORMATION

Module		Function		Class		Link	Load	Size
C:\Program Files\Microchip\xc8\v1.32\sources\common\Umul16.c
		___wmul        		CODE           	09B1	0000	29

C:\Program Files\Microchip\xc8\v1.32\sources\common\Umul16.c estimated size: 29

C:\Program Files\Microchip\xc8\v1.32\sources\common\fttol.c
		___fttol       		CODE           	0AC4	0000	135

C:\Program Files\Microchip\xc8\v1.32\sources\common\fttol.c estimated size: 135

C:\Program Files\Microchip\xc8\v1.32\sources\common\awdiv.c
		___awdiv       		CODE           	0A10	0000	84

C:\Program Files\Microchip\xc8\v1.32\sources\common\awdiv.c estimated size: 84

newmain.c
		_SendLED       		CODE           	0BF1	0000	178
		_MyColor       		CODE           	0332	0000	536
		_FireWorks     		CODE           	0B4B	0000	166
		_FadeIn        		CODE           	0018	0000	314
		_delay_us      		CODE           	096D	0000	17
		_main          		CODE           	09CE	0000	66
		_Start         		CODE           	054A	0000	655
		_Decay         		CODE           	0D57	0000	202
		_FireWorksFadeO		CODE           	0941	0000	6
		_Data0         		CODE           	0953	0000	11
		_AlarmAccession		CODE           	0152	0000	480
		_Data1         		CODE           	0005	0000	19
		_delay_ms      		CODE           	097E	0000	25
		_AlarmAccession		CODE           	0E21	0000	479

newmain.c estimated size: 3154

C:\Program Files\Microchip\xc8\v1.32\sources\common\float.c
		___ftpack      		CODE           	0A64	0000	96

C:\Program Files\Microchip\xc8\v1.32\sources\common\float.c estimated size: 96

C:\Program Files\Microchip\xc8\v1.32\sources\common\lbtoft.c
		___lbtoft      		CODE           	0997	0000	26

C:\Program Files\Microchip\xc8\v1.32\sources\common\lbtoft.c estimated size: 26

shared
		__initializatio		CODE           	07D9	0000	35

shared estimated size: 35

C:\Program Files\Microchip\xc8\v1.32\sources\common\ftmul.c
		___ftmul       		CODE           	0CA3	0000	180

C:\Program Files\Microchip\xc8\v1.32\sources\common\ftmul.c estimated size: 180

