Microchip MPLAB XC8 Compiler V1.32 ()

Linker command line:

--edf=C:\Program Files\Microchip\xc8\v1.32\dat\en_msgs.txt -cs \
  -h+dist/default/production\Injector2.0v.X.production.sym \
  --cmf=dist/default/production\Injector2.0v.X.production.cmf -z -Q16F1823 \
  -oC:\Users\mmk2715\AppData\Local\Temp\s5r4.6 \
  -Mdist/default/production/Injector2.0v.X.production.map -E1 -ver=XC8 \
  -ASTACK=0205Ah-0206fh -pstack=STACK -ACONST=00h-0FFhx8 -ACODE=00h-07FFh \
  -ASTRCODE=00h-07FFh -AENTRY=00h-0FFhx8 -ASTRING=00h-0FFhx8 \
  -ACOMMON=070h-07Fh -ABANK0=020h-06Fh -ABANK1=0A0h-0BFh \
  -ABIGRAM=02000h-0206Fh -ARAM=020h-06Fh,0A0h-0BFh \
  -AABS1=020h-07Fh,0A0h-0BFh -ASFR0=00h-01Fh -ASFR1=080h-09Fh \
  -ASFR2=0100h-016Fh -ASFR3=0180h-01EFh -ASFR4=0200h-026Fh \
  -ASFR5=0280h-02EFh -ASFR6=0300h-036Fh -ASFR7=0380h-03EFh \
  -ASFR8=0400h-046Fh -ASFR9=0480h-04EFh -ASFR10=0500h-056Fh \
  -ASFR11=0580h-05EFh -ASFR12=0600h-066Fh -ASFR13=0680h-06EFh \
  -ASFR14=0700h-076Fh -ASFR15=0780h-07EFh -ASFR16=0800h-086Fh \
  -ASFR17=0880h-08EFh -ASFR18=0900h-096Fh -ASFR19=0980h-09EFh \
  -ASFR20=0A00h-0A6Fh -ASFR21=0A80h-0AEFh -ASFR22=0B00h-0B6Fh \
  -ASFR23=0B80h-0BEFh -ASFR24=0C00h-0C6Fh -ASFR25=0C80h-0CEFh \
  -ASFR26=0D00h-0D6Fh -ASFR27=0D80h-0DEFh -ASFR28=0E00h-0E6Fh \
  -ASFR29=0E80h-0EEFh -ASFR30=0F00h-0F6Fh -ASFR31=0F80h-0FEFh \
  -preset_vec=00h,intentry=04h,init,end_init -ppowerup=CODE -pcinit=CODE \
  -pfunctab=CODE -ACONFIG=08007h-08008h -pconfig=CONFIG -DCONFIG=2 \
  -AIDLOC=08000h-08003h -pidloc=IDLOC -DIDLOC=2 -AEEDATA=00h-0FFh/0F000h \
  -peeprom_data=EEDATA -DEEDATA=2 -DCODE=2 -DSTRCODE=2 -DSTRING=2 -DCONST=2 \
  -DENTRY=2 -k C:\Users\mmk2715\AppData\Local\Temp\s5r4.obj \
  dist/default/production\Injector2.0v.X.production.obj 

Object code version is 3.11

Machine type is 16F1823



                Name                               Link     Load   Length Selector   Space Scale
C:\Users\mmk2715\AppData\Local\Temp\s5r4.obj
                end_init                             4D       4D        1        8       0
                reset_vec                             0        0        1        0       0
                config                             8007     8007        2    1000E       0
dist/default/production\Injector2.0v.X.production.obj
                cinit                                4E       4E        9        8       0
                intentry                              4        4       49        8       0
                text31                              602      602       1E        8       0
                text30                              688      688       17        8       0
                text29                              6FB      6FB        6        8       0
                text28                              6E5      6E5        A        8       0
                text27                              210      210       A3        8       0
                text26                              58B      58B       35        8       0
                text25                              4E3      4E3       3C        8       0
                text24                              314      314       60        8       0
                text23                              6C9      6C9       12        8       0
                text22                              417      417       4E        8       0
                text20                              556      556       35        8       0
                text19                              704      704        3        8       0
                text18                              701      701        3        8       0
                text17                              671      671       17        8       0
                text16                              6F5      6F5        6        8       0
                text15                              6DB      6DB        A        8       0
                text14                              161      161       AF        8       0
                text13                              51F      51F       37        8       0
                text12                              620      620       1D        8       0
                text11                              659      659       18        8       0
                text10                              5C0      5C0       24        8       0
                text9                               69F      69F       16        8       0
                text8                               4A7      4A7       3C        8       0
                text7                               2B3      2B3       61        8       0
                text6                               6B5      6B5       14        8       0
                text5                               374      374       54        8       0
                text4                               5E4      5E4       1E        8       0
                text3                               3C8      3C8       4F        8       0
                text2                               63D      63D       1C        8       0
                text1                               465      465       42        8       0
                maintext                             57       57      10A        8       0
                cstackBANK0                          20       20       29       20       1
                cstackCOMMON                         70       70        E       70       1
                cstackBANK1                          A0       A0        A       A0       1
                clrtext                             6EF      6EF        6        8       0
                bssBANK0                             49       49       16       20       1

TOTAL           Name                               Link     Load   Length     Space
        CLASS   STACK          

        CLASS   CONST          

        CLASS   CODE           
                end_init                             4D       4D        1         0
                cinit                                4E       4E        9         0
                intentry                              4        4       49         0
                reset_vec                             0        0        1         0
                text31                              602      602       1E         0
                text30                              688      688       17         0
                text29                              6FB      6FB        6         0
                text28                              6E5      6E5        A         0
                text27                              210      210       A3         0
                text26                              58B      58B       35         0
                text25                              4E3      4E3       3C         0
                text24                              314      314       60         0
                text23                              6C9      6C9       12         0
                text22                              417      417       4E         0
                text20                              556      556       35         0
                text19                              704      704        3         0
                text18                              701      701        3         0
                text17                              671      671       17         0
                text16                              6F5      6F5        6         0
                text15                              6DB      6DB        A         0
                text14                              161      161       AF         0
                text13                              51F      51F       37         0
                text12                              620      620       1D         0
                text11                              659      659       18         0
                text10                              5C0      5C0       24         0
                text9                               69F      69F       16         0
                text8                               4A7      4A7       3C         0
                text7                               2B3      2B3       61         0
                text6                               6B5      6B5       14         0
                text5                               374      374       54         0
                text4                               5E4      5E4       1E         0
                text3                               3C8      3C8       4F         0
                text2                               63D      63D       1C         0
                text1                               465      465       42         0
                maintext                             57       57      10A         0
                clrtext                             6EF      6EF        6         0

        CLASS   STRCODE        

        CLASS   ENTRY          

        CLASS   STRING         

        CLASS   COMMON         
                cstackCOMMON                         70       70        E         1

        CLASS   BANK0          
                cstackBANK0                          20       20       29         1
                bssBANK0                             49       49       16         1

        CLASS   BANK1          
                cstackBANK1                          A0       A0        A         1

        CLASS   BIGRAM         

        CLASS   RAM            

        CLASS   ABS1           
                abs_s1                               7E       7E        2         1

        CLASS   SFR0           

        CLASS   SFR1           

        CLASS   SFR2           

        CLASS   SFR3           

        CLASS   SFR4           

        CLASS   SFR5           

        CLASS   SFR6           

        CLASS   SFR7           

        CLASS   SFR8           

        CLASS   SFR9           

        CLASS   SFR10          

        CLASS   SFR11          

        CLASS   SFR12          

        CLASS   SFR13          

        CLASS   SFR14          

        CLASS   SFR15          

        CLASS   SFR16          

        CLASS   SFR17          

        CLASS   SFR18          

        CLASS   SFR19          

        CLASS   SFR20          

        CLASS   SFR21          

        CLASS   SFR22          

        CLASS   SFR23          

        CLASS   SFR24          

        CLASS   SFR25          

        CLASS   SFR26          

        CLASS   SFR27          

        CLASS   SFR28          

        CLASS   SFR29          

        CLASS   SFR30          

        CLASS   SFR31          

        CLASS   CONFIG         
                config                             8007     8007        2         0

        CLASS   IDLOC          

        CLASS   EEDATA         

        CLASS   BANK31         

        CLASS   BANK30         

        CLASS   BANK29         

        CLASS   BANK28         

        CLASS   BANK27         

        CLASS   BANK26         

        CLASS   BANK25         

        CLASS   BANK24         

        CLASS   BANK23         

        CLASS   BANK22         

        CLASS   BANK21         

        CLASS   BANK20         

        CLASS   BANK19         

        CLASS   BANK18         

        CLASS   BANK17         

        CLASS   BANK16         

        CLASS   BANK15         

        CLASS   BANK14         

        CLASS   BANK13         

        CLASS   BANK12         

        CLASS   BANK11         

        CLASS   BANK10         

        CLASS   BANK9          

        CLASS   BANK8          

        CLASS   BANK7          

        CLASS   BANK6          

        CLASS   BANK5          

        CLASS   BANK4          

        CLASS   BANK3          

        CLASS   BANK2          



SEGMENTS        Name                           Load    Length   Top    Selector   Space  Class     Delta

                reset_vec                      000000  000001  000001         0       0  CODE        2
                intentry                       000004  000703  000707         8       0  CODE        2
                cstackBANK0                    000020  00003F  00005F        20       1  BANK0       1
                cstackCOMMON                   000070  00000E  00007E        70       1  COMMON      1
                cstackBANK1                    0000A0  00000A  0000AA        A0       1  BANK1       1
                config                         008007  000002  008009     1000E       0  CONFIG      2


UNUSED ADDRESS RANGES

        Name                Unused          Largest block    Delta
        BANK0            0005F-0006F              11           1
        BANK1            000AA-000BF              16           1
        BIGRAM           02000-0206F              70           1
        CODE             00001-00003               3           2
                         00707-007FF              F9
        CONST            00001-00003               3           2
                         00707-007FF              F9
        EEDATA           0F000-0F0FF             100           2
        ENTRY            00001-00003               3           2
                         00707-007FF              F9
        IDLOC            08000-08003               4           2
        RAM              0005F-0006F              11           1
                         000AA-000BF              16
        SFR0             00000-0001F              20           1
        SFR1             00080-0009F              20           1
        SFR10            00500-0056F              70           1
        SFR11            00580-005EF              70           1
        SFR12            00600-0066F              70           1
        SFR13            00680-006EF              70           1
        SFR14            00700-0076F              70           1
        SFR15            00780-007EF              70           1
        SFR16            00800-0086F              70           1
        SFR17            00880-008EF              70           1
        SFR18            00900-0096F              70           1
        SFR19            00980-009EF              70           1
        SFR2             00100-0016F              70           1
        SFR20            00A00-00A6F              70           1
        SFR21            00A80-00AEF              70           1
        SFR22            00B00-00B6F              70           1
        SFR23            00B80-00BEF              70           1
        SFR24            00C00-00C6F              70           1
        SFR25            00C80-00CEF              70           1
        SFR26            00D00-00D6F              70           1
        SFR27            00D80-00DEF              70           1
        SFR28            00E00-00E6F              70           1
        SFR29            00E80-00EEF              70           1
        SFR3             00180-001EF              70           1
        SFR30            00F00-00F6F              70           1
        SFR31            00F80-00FEF              70           1
        SFR4             00200-0026F              70           1
        SFR5             00280-002EF              70           1
        SFR6             00300-0036F              70           1
        SFR7             00380-003EF              70           1
        SFR8             00400-0046F              70           1
        SFR9             00480-004EF              70           1
        STACK            0205A-0206F              16           1
        STRCODE          00001-00003               3           2
                         00707-007FF              F9
        STRING           00001-00003               3           2
                         00707-007FF              F9

                                  Symbol Table

?_BatteryCheckVoltage           cstackBANK0  0002C
?___ftpack                      cstackBANK0  0002C
?___lwtoft                      cstackBANK0  00034
?i1_BatteryCheckVoltage         cstackCOMMON 00070
?i1___ftpack                    cstackCOMMON 00070
?i1___lwtoft                    cstackCOMMON 00078
CheckVoltage@ad2                cstackBANK0  0002C
CheckVoltage@thresh             cstackBANK0  0002E
SendLED@comp                    cstackBANK0  00033
SendLED@loop8                   cstackBANK0  00031
SendLED@loopNum                 cstackBANK0  0002F
SendLED@num                     cstackBANK0  0002C
SerialLED@b                     cstackBANK0  00036
SerialLED@g                     cstackBANK0  00035
SerialLED@r                     cstackBANK0  00039
_ADCON0                         (abs)        0009D
_ADCON1                         (abs)        0009E
_ADRESH                         (abs)        0009C
_ADRESL                         (abs)        0009B
_ANSELA                         (abs)        0018C
_ANSELC                         (abs)        0018E
_AdcRes                         bssBANK0     00049
_B                              bssBANK0     00053
_B_LED_OFF                      text19       00704
_B_LED_ON                       text18       00701
_BatteryCheckVoltage            text17       00671
_BeepStatus                     bssBANK0     00054
_CCP1CON                        (abs)        00293
_CCP1CONbits                    (abs)        00293
_CCPR1L                         (abs)        00291
_ChargeStatus                   bssBANK0     00055
_CheckStatus                    text4        005E4
_CheckVoltage                   text20       00556
_Data0                          text16       006F5
_Data1                          text15       006DB
_G                              bssBANK0     00056
_INTCONbits                     (abs)        0000B
_IOCAFbits                      (abs)        00393
_IOCANbits                      (abs)        00392
_Inject                         text5        00374
_LATA                           (abs)        0010C
_LATAbits                       (abs)        0010C
_LATC                           (abs)        0010E
_LATCbits                       (abs)        0010E
_LastChargeStatus               bssBANK0     00057
_MyBuff                         bssBANK0     00058
_MyCNT                          bssBANK0     0004B
_OSCCONbits                     (abs)        00099
_PIE1bits                       (abs)        00091
_PIR1bits                       (abs)        00011
_PORTAbits                      (abs)        0000C
_PORTCbits                      (abs)        0000E
_PR2                            (abs)        0001B
_R                              bssBANK0     00059
_SendLED                        text14       00161
_SerialLED                      text13       0051F
_StartBeepHigh                  text12       00620
_StartBeepLow                   text10       005C0
_StartStatus                    text2        0063D
_Status                         bssBANK0     0005A
_StatusDisplay1                 text1        00465
_StatusDisplayADC               text3        003C8
_StopBeep                       text9        0069F
_T1CON                          (abs)        00018
_T1CONbits                      (abs)        00018
_T2CONbits                      (abs)        0001C
_TMR1H                          (abs)        00017
_TMR1L                          (abs)        00016
_TRISA                          (abs)        0008C
_TRISC                          (abs)        0008E
__CFG_BOREN$OFF                 (abs)        00000
__CFG_BORV$LO                   (abs)        00000
__CFG_CLKOUTEN$OFF              (abs)        00000
__CFG_CP$ON                     (abs)        00000
__CFG_CPD$OFF                   (abs)        00000
__CFG_FCMEN$ON                  (abs)        00000
__CFG_FOSC$INTOSC               (abs)        00000
__CFG_IESO$ON                   (abs)        00000
__CFG_LVP$ON                    (abs)        00000
__CFG_MCLRE$OFF                 (abs)        00000
__CFG_PLLEN$ON                  (abs)        00000
__CFG_PWRTE$OFF                 (abs)        00000
__CFG_STVREN$ON                 (abs)        00000
__CFG_WDTE$OFF                  (abs)        00000
__CFG_WRT$OFF                   (abs)        00000
__Habs1                         abs1         00000
__Hbank0                        bank0        00000
__Hbank1                        bank1        00000
__Hbank10                       bank10       00000
__Hbank11                       bank11       00000
__Hbank12                       bank12       00000
__Hbank13                       bank13       00000
__Hbank14                       bank14       00000
__Hbank15                       bank15       00000
__Hbank16                       bank16       00000
__Hbank17                       bank17       00000
__Hbank18                       bank18       00000
__Hbank19                       bank19       00000
__Hbank2                        bank2        00000
__Hbank20                       bank20       00000
__Hbank21                       bank21       00000
__Hbank22                       bank22       00000
__Hbank23                       bank23       00000
__Hbank24                       bank24       00000
__Hbank25                       bank25       00000
__Hbank26                       bank26       00000
__Hbank27                       bank27       00000
__Hbank28                       bank28       00000
__Hbank29                       bank29       00000
__Hbank3                        bank3        00000
__Hbank30                       bank30       00000
__Hbank31                       bank31       00000
__Hbank4                        bank4        00000
__Hbank5                        bank5        00000
__Hbank6                        bank6        00000
__Hbank7                        bank7        00000
__Hbank8                        bank8        00000
__Hbank9                        bank9        00000
__Hbigram                       bigram       00000
__HbssBANK0                     bssBANK0     00000
__Hcinit                        cinit        00057
__Hclrtext                      clrtext      00000
__Hcode                         code         00000
__Hcommon                       common       00000
__Hconfig                       config       08009
__HcstackBANK0                  cstackBANK0  00000
__HcstackBANK1                  cstackBANK1  00000
__HcstackCOMMON                 cstackCOMMON 00000
__Heeprom_data                  eeprom_data  00000
__Hend_init                     end_init     0004E
__Hfunctab                      functab      00000
__Hidloc                        idloc        00000
__Hinit                         init         0004D
__Hintentry                     intentry     0004D
__Hmaintext                     maintext     00000
__Hpowerup                      powerup      00000
__Hram                          ram          00000
__Hreset_vec                    reset_vec    00001
__Hsfr0                         sfr0         00000
__Hsfr1                         sfr1         00000
__Hsfr10                        sfr10        00000
__Hsfr11                        sfr11        00000
__Hsfr12                        sfr12        00000
__Hsfr13                        sfr13        00000
__Hsfr14                        sfr14        00000
__Hsfr15                        sfr15        00000
__Hsfr16                        sfr16        00000
__Hsfr17                        sfr17        00000
__Hsfr18                        sfr18        00000
__Hsfr19                        sfr19        00000
__Hsfr2                         sfr2         00000
__Hsfr20                        sfr20        00000
__Hsfr21                        sfr21        00000
__Hsfr22                        sfr22        00000
__Hsfr23                        sfr23        00000
__Hsfr24                        sfr24        00000
__Hsfr25                        sfr25        00000
__Hsfr26                        sfr26        00000
__Hsfr27                        sfr27        00000
__Hsfr28                        sfr28        00000
__Hsfr29                        sfr29        00000
__Hsfr3                         sfr3         00000
__Hsfr30                        sfr30        00000
__Hsfr31                        sfr31        00000
__Hsfr4                         sfr4         00000
__Hsfr5                         sfr5         00000
__Hsfr6                         sfr6         00000
__Hsfr7                         sfr7         00000
__Hsfr8                         sfr8         00000
__Hsfr9                         sfr9         00000
__Hspace_0                      (abs)        08009
__Hspace_1                      (abs)        000AA
__Hspace_2                      (abs)        00000
__Hspace_3                      (abs)        00000
__Hstack                        stack        00000
__Hstrings                      strings      00000
__Htext                         text         00000
__Labs1                         abs1         00000
__Lbank0                        bank0        00000
__Lbank1                        bank1        00000
__Lbank10                       bank10       00000
__Lbank11                       bank11       00000
__Lbank12                       bank12       00000
__Lbank13                       bank13       00000
__Lbank14                       bank14       00000
__Lbank15                       bank15       00000
__Lbank16                       bank16       00000
__Lbank17                       bank17       00000
__Lbank18                       bank18       00000
__Lbank19                       bank19       00000
__Lbank2                        bank2        00000
__Lbank20                       bank20       00000
__Lbank21                       bank21       00000
__Lbank22                       bank22       00000
__Lbank23                       bank23       00000
__Lbank24                       bank24       00000
__Lbank25                       bank25       00000
__Lbank26                       bank26       00000
__Lbank27                       bank27       00000
__Lbank28                       bank28       00000
__Lbank29                       bank29       00000
__Lbank3                        bank3        00000
__Lbank30                       bank30       00000
__Lbank31                       bank31       00000
__Lbank4                        bank4        00000
__Lbank5                        bank5        00000
__Lbank6                        bank6        00000
__Lbank7                        bank7        00000
__Lbank8                        bank8        00000
__Lbank9                        bank9        00000
__Lbigram                       bigram       00000
__LbssBANK0                     bssBANK0     00000
__Lcinit                        cinit        0004E
__Lclrtext                      clrtext      00000
__Lcode                         code         00000
__Lcommon                       common       00000
__Lconfig                       config       08007
__LcstackBANK0                  cstackBANK0  00000
__LcstackBANK1                  cstackBANK1  00000
__LcstackCOMMON                 cstackCOMMON 00000
__Leeprom_data                  eeprom_data  00000
__Lend_init                     end_init     0004D
__Lfunctab                      functab      00000
__Lidloc                        idloc        00000
__Linit                         init         0004D
__Lintentry                     intentry     00004
__Lmaintext                     maintext     00000
__Lpowerup                      powerup      00000
__Lram                          ram          00000
__Lreset_vec                    reset_vec    00000
__Lsfr0                         sfr0         00000
__Lsfr1                         sfr1         00000
__Lsfr10                        sfr10        00000
__Lsfr11                        sfr11        00000
__Lsfr12                        sfr12        00000
__Lsfr13                        sfr13        00000
__Lsfr14                        sfr14        00000
__Lsfr15                        sfr15        00000
__Lsfr16                        sfr16        00000
__Lsfr17                        sfr17        00000
__Lsfr18                        sfr18        00000
__Lsfr19                        sfr19        00000
__Lsfr2                         sfr2         00000
__Lsfr20                        sfr20        00000
__Lsfr21                        sfr21        00000
__Lsfr22                        sfr22        00000
__Lsfr23                        sfr23        00000
__Lsfr24                        sfr24        00000
__Lsfr25                        sfr25        00000
__Lsfr26                        sfr26        00000
__Lsfr27                        sfr27        00000
__Lsfr28                        sfr28        00000
__Lsfr29                        sfr29        00000
__Lsfr3                         sfr3         00000
__Lsfr30                        sfr30        00000
__Lsfr31                        sfr31        00000
__Lsfr4                         sfr4         00000
__Lsfr5                         sfr5         00000
__Lsfr6                         sfr6         00000
__Lsfr7                         sfr7         00000
__Lsfr8                         sfr8         00000
__Lsfr9                         sfr9         00000
__Lspace_0                      (abs)        00000
__Lspace_1                      (abs)        00000
__Lspace_2                      (abs)        00000
__Lspace_3                      (abs)        00000
__Lstack                        stack        00000
__Lstrings                      strings      00000
__Ltext                         text         00000
__S0                            (abs)        08009
__S1                            (abs)        000AA
__S2                            (abs)        00000
__S3                            (abs)        00000
___ftge                         text8        004A7
___ftge@ff1                     cstackBANK0  00038
___ftge@ff2                     cstackBANK0  0003B
___ftpack                       text7        002B3
___ftpack@arg                   cstackBANK0  0002C
___ftpack@exp                   cstackBANK0  0002F
___ftpack@sign                  cstackBANK0  00030
___int_sp                       stack        00000
___latbits                      (abs)        00000
___lwtoft                       text6        006B5
___lwtoft@c                     cstackBANK0  00034
___sp                           stack        00000
__end_of_B_LED_OFF              text19       00707
__end_of_B_LED_ON               text18       00704
__end_of_BatteryCheckVoltage    text17       00688
__end_of_CheckStatus            text4        00602
__end_of_CheckVoltage           text20       0058B
__end_of_Data0                  text16       006FB
__end_of_Data1                  text15       006E5
__end_of_Inject                 text5        003C8
__end_of_SendLED                text14       00210
__end_of_SerialLED              text13       00556
__end_of_StartBeepHigh          text12       0063D
__end_of_StartBeepLow           text10       005E4
__end_of_StartStatus            text2        00659
__end_of_StatusDisplay1         text1        004A7
__end_of_StatusDisplayADC       text3        00417
__end_of_StopBeep               text9        006B5
__end_of___ftge                 text8        004E3
__end_of___ftpack               text7        00314
__end_of___lwtoft               text6        006C9
__end_of__initialization        cinit        00054
__end_of_delay_ms               text11       00671
__end_of_isr                    intentry     0004D
__end_of_main                   maintext     00161
__end_ofi1_BatteryCheckVoltage  text30       0069F
__end_ofi1_CheckStatus          text31       00620
__end_ofi1_Data0                text29       00701
__end_ofi1_Data1                text28       006EF
__end_ofi1_SendLED              text27       002B3
__end_ofi1_SerialLED            text26       005C0
__end_ofi1_StatusDisplayADC     text22       00465
__end_ofi1___ftge               text25       0051F
__end_ofi1___ftpack             text24       00374
__end_ofi1___lwtoft             text23       006DB
__initialization                cinit        0004E
__pbssBANK0                     bssBANK0     00049
__pcstackBANK0                  cstackBANK0  00020
__pcstackBANK1                  cstackBANK1  000A0
__pcstackCOMMON                 cstackCOMMON 00070
__pintentry                     intentry     00004
__pmaintext                     maintext     00057
__ptext0                        text0        00000
__ptext1                        text1        00465
__ptext10                       text10       005C0
__ptext11                       text11       00659
__ptext12                       text12       00620
__ptext13                       text13       0051F
__ptext14                       text14       00161
__ptext15                       text15       006DB
__ptext16                       text16       006F5
__ptext17                       text17       00671
__ptext18                       text18       00701
__ptext19                       text19       00704
__ptext2                        text2        0063D
__ptext20                       text20       00556
__ptext22                       text22       00417
__ptext23                       text23       006C9
__ptext24                       text24       00314
__ptext25                       text25       004E3
__ptext26                       text26       0058B
__ptext27                       text27       00210
__ptext28                       text28       006E5
__ptext29                       text29       006FB
__ptext3                        text3        003C8
__ptext30                       text30       00688
__ptext31                       text31       00602
__ptext4                        text4        005E4
__ptext5                        text5        00374
__ptext6                        text6        006B5
__ptext7                        text7        002B3
__ptext8                        text8        004A7
__ptext9                        text9        0069F
__size_of_B_LED_OFF             (abs)        00000
__size_of_B_LED_ON              (abs)        00000
__size_of_BatteryCheckVoltage   (abs)        00000
__size_of_CheckStatus           (abs)        00000
__size_of_CheckVoltage          (abs)        00000
__size_of_Data0                 (abs)        00000
__size_of_Data1                 (abs)        00000
__size_of_Inject                (abs)        00000
__size_of_SendLED               (abs)        00000
__size_of_SerialLED             (abs)        00000
__size_of_StartBeepHigh         (abs)        00000
__size_of_StartBeepLow          (abs)        00000
__size_of_StartStatus           (abs)        00000
__size_of_StatusDisplay1        (abs)        00000
__size_of_StatusDisplayADC      (abs)        00000
__size_of_StopBeep              (abs)        00000
__size_of___ftge                (abs)        00000
__size_of___ftpack              (abs)        00000
__size_of___lwtoft              (abs)        00000
__size_of_delay_ms              (abs)        00000
__size_of_isr                   (abs)        00000
__size_of_main                  (abs)        00000
__size_ofi1_BatteryCheckVoltage (abs)        00000
__size_ofi1_CheckStatus         (abs)        00000
__size_ofi1_Data0               (abs)        00000
__size_ofi1_Data1               (abs)        00000
__size_ofi1_SendLED             (abs)        00000
__size_ofi1_SerialLED           (abs)        00000
__size_ofi1_StatusDisplayADC    (abs)        00000
__size_ofi1___ftge              (abs)        00000
__size_ofi1___ftpack            (abs)        00000
__size_ofi1___lwtoft            (abs)        00000
_cnt                            bssBANK0     0005B
_cntCharge                      bssBANK0     0005C
_cntChargeNon                   bssBANK0     0004D
_delay_ms                       text11       00659
_fDsky                          bssBANK0     0005D
_fLED                           bssBANK0     0005E
_i1                             bssBANK0     0004F
_isr                            intentry     00004
_main                           maintext     00057
_vBattery                       bssBANK0     00051
btemp                           (abs)        0007E
clear_ram0                      clrtext      006EF
delay_ms@time                   cstackBANK0  0002C
end_of_initialization           cinit        00054
i1SendLED@comp                  cstackCOMMON 00077
i1SendLED@loop8                 cstackCOMMON 00075
i1SendLED@loopNum               cstackCOMMON 00073
i1SendLED@num                   cstackCOMMON 00070
i1SerialLED@b                   cstackCOMMON 0007A
i1SerialLED@g                   cstackCOMMON 00079
i1SerialLED@r                   cstackCOMMON 0007D
i1_BatteryCheckVoltage          text30       00688
i1_CheckStatus                  text31       00602
i1_Data0                        text29       006FB
i1_Data1                        text28       006E5
i1_SendLED                      text27       00210
i1_SerialLED                    text26       0058B
i1_StatusDisplayADC             text22       00417
i1___ftge                       text25       004E3
i1___ftge@ff1                   cstackBANK0  00020
i1___ftge@ff2                   cstackBANK0  00023
i1___ftpack                     text24       00314
i1___ftpack@arg                 cstackCOMMON 00070
i1___ftpack@exp                 cstackCOMMON 00073
i1___ftpack@sign                cstackCOMMON 00074
i1___lwtoft                     text23       006C9
i1___lwtoft@c                   cstackCOMMON 00078
intlevel0                       functab      00000
intlevel1                       functab      00000
intlevel2                       functab      00000
intlevel3                       functab      00000
intlevel4                       functab      00000
intlevel5                       functab      00000
ltemp                           (abs)        0007E
ltemp0                          (abs)        0007E
ltemp1                          (abs)        00082
ltemp2                          (abs)        00086
ltemp3                          (abs)        00080
main@bBeep                      cstackBANK1  000A8
main@bStay                      cstackBANK1  000A5
main@bSwFixed                   cstackBANK1  000A3
main@bSwHolding                 cstackBANK1  000A6
main@checkv                     cstackBANK1  000A4
main@nBeepLengthCount           cstackBANK1  000A7
main@nBeepRepeatCount           cstackBANK1  000A2
main@nSwHoldingCount            cstackBANK1  000A0
main@nSwStableCount             cstackBANK1  000A1
main@nSwStat                    cstackBANK1  000A9
pic14e$flags                    (abs)        0007E
reset_vec                       reset_vec    00000
stackhi                         (abs)        0206F
stacklo                         (abs)        0205A
start                           init         0004D
start_initialization            cinit        0004E
ttemp                           (abs)        0007E
ttemp0                          (abs)        0007E
ttemp1                          (abs)        00081
ttemp2                          (abs)        00084
ttemp3                          (abs)        00087
ttemp4                          (abs)        0007F
wtemp                           (abs)        0007E
wtemp0                          (abs)        0007E
wtemp1                          (abs)        00080
wtemp2                          (abs)        00082
wtemp3                          (abs)        00084
wtemp4                          (abs)        00086
wtemp5                          (abs)        00088
wtemp6                          (abs)        0007F


FUNCTION INFORMATION:

 *************** function _main *****************
 Defined at:
		line 204 in file "main.c"
 Parameters:    Size  Location     Type
  argc            2   35[BANK0 ] int 
  argv            2   37[BANK0 ] PTR PTR unsigned char 
 Auto vars:     Size  Location     Type
  nSwStat         1    9[BANK1 ] unsigned char 
  bBeep           1    8[BANK1 ] unsigned char 
  nBeepLengthC    1    7[BANK1 ] unsigned char 
  bSwHolding      1    6[BANK1 ] unsigned char 
  bStay           1    5[BANK1 ] unsigned char 
  checkv          1    4[BANK1 ] unsigned char 
  bSwFixed        1    3[BANK1 ] unsigned char 
  nBeepRepeatC    1    2[BANK1 ] unsigned char 
  nSwStableCou    1    1[BANK1 ] unsigned char 
  nSwHoldingCo    1    0[BANK1 ] unsigned char 
  i               1    0        unsigned char 
 Return value:  Size  Location     Type
                  2   35[BANK0 ] int 
 Registers used:
		wreg, fsr1l, fsr1h, status,2, status,0, pclath, cstack
 Tracked objects:
		On entry : 
		On exit  : 
		Unchanged: 
 Data sizes:     COMMON   BANK0   BANK1
      Params:         0       4       0
      Locals:         0       0      10
      Temps:          0       2       0
      Totals:         0       6      10
Total ram usage:       16 bytes
 Hardware stack levels required when called:   10
 This function calls:
		_CheckVoltage
		_Inject
		_SerialLED
		_StartBeepHigh
		_StartBeepLow
		_StartStatus
		_StatusDisplay1
		_StopBeep
		_delay_ms
 This function is called by:
		Startup code after reset
 This function uses a non-reentrant model


 *************** function _StatusDisplay1 *****************
 Defined at:
		line 153 in file "main.c"
 Parameters:    Size  Location     Type
		None
 Auto vars:     Size  Location     Type
		None
 Return value:  Size  Location     Type
		None               void
 Registers used:
		wreg, fsr1l, fsr1h, status,2, status,0, pclath, cstack
 Tracked objects:
		On entry : 
		On exit  : 
		Unchanged: 
 Data sizes:     COMMON   BANK0   BANK1
      Params:         0       0       0
      Locals:         0       0       0
      Temps:          0       2       0
      Totals:         0       2       0
Total ram usage:        2 bytes
 Hardware stack levels used:    1
 Hardware stack levels required when called:    8
 This function calls:
		_CheckStatus
		_SerialLED
 This function is called by:
		_main
 This function uses a non-reentrant model


 *************** function _StartStatus *****************
 Defined at:
		line 187 in file "main.c"
 Parameters:    Size  Location     Type
		None
 Auto vars:     Size  Location     Type
		None
 Return value:  Size  Location     Type
		None               void
 Registers used:
		wreg, fsr1l, fsr1h, status,2, status,0, pclath, cstack
 Tracked objects:
		On entry : 
		On exit  : 
		Unchanged: 
 Data sizes:     COMMON   BANK0   BANK1
      Params:         0       0       0
      Locals:         0       0       0
      Temps:          0       0       0
      Totals:         0       0       0
Total ram usage:        0 bytes
 Hardware stack levels used:    1
 Hardware stack levels required when called:    9
 This function calls:
		_CheckStatus
		_SerialLED
		_StatusDisplayADC
 This function is called by:
		_main
 This function uses a non-reentrant model


 *************** function _StatusDisplayADC *****************
 Defined at:
		line 174 in file "main.c"
 Parameters:    Size  Location     Type
		None
 Auto vars:     Size  Location     Type
		None
 Return value:  Size  Location     Type
		None               void
 Registers used:
		wreg, fsr1l, fsr1h, status,2, status,0, pclath, cstack
 Tracked objects:
		On entry : 
		On exit  : 
		Unchanged: 
 Data sizes:     COMMON   BANK0   BANK1
      Params:         0       0       0
      Locals:         0       0       0
      Temps:          0       1       0
      Totals:         0       1       0
Total ram usage:        1 bytes
 Hardware stack levels used:    1
 Hardware stack levels required when called:    8
 This function calls:
		_BatteryCheckVoltage
		_SerialLED
		___ftge
		___lwtoft
 This function is called by:
		_StartStatus
 This function uses a non-reentrant model


 *************** function _CheckStatus *****************
 Defined at:
		line 136 in file "main.c"
 Parameters:    Size  Location     Type
		None
 Auto vars:     Size  Location     Type
		None
 Return value:  Size  Location     Type
		None               void
 Registers used:
		wreg
 Tracked objects:
		On entry : 
		On exit  : 
		Unchanged: 
 Data sizes:     COMMON   BANK0   BANK1
      Params:         0       0       0
      Locals:         0       0       0
      Temps:          0       1       0
      Totals:         0       1       0
Total ram usage:        1 bytes
 Hardware stack levels used:    1
 Hardware stack levels required when called:    5
 This function calls:
		Nothing
 This function is called by:
		_StatusDisplay1
		_StartStatus
 This function uses a non-reentrant model


 *************** function _Inject *****************
 Defined at:
		line 417 in file "main.c"
 Parameters:    Size  Location     Type
		None
 Auto vars:     Size  Location     Type
		None
 Return value:  Size  Location     Type
		None               void
 Registers used:
		wreg, fsr1l, fsr1h, status,2, status,0, pclath, cstack
 Tracked objects:
		On entry : 
		On exit  : 
		Unchanged: 
 Data sizes:     COMMON   BANK0   BANK1
      Params:         0       0       0
      Locals:         0       0       0
      Temps:          0       2       0
      Totals:         0       2       0
Total ram usage:        2 bytes
 Hardware stack levels used:    1
 Hardware stack levels required when called:    9
 This function calls:
		_B_LED_OFF
		_B_LED_ON
		_BatteryCheckVoltage
		_StartBeepHigh
		_StartBeepLow
		_StopBeep
		___ftge
		___lwtoft
 This function is called by:
		_main
 This function uses a non-reentrant model


 *************** function ___lwtoft *****************
 Defined at:
		line 28 in file "C:\Program Files\Microchip\xc8\v1.32\sources\common\lwtoft.c"
 Parameters:    Size  Location     Type
  c               2   20[BANK0 ] unsigned int 
 Auto vars:     Size  Location     Type
		None
 Return value:  Size  Location     Type
                  3   20[BANK0 ] float 
 Registers used:
		wreg, status,2, status,0, pclath, cstack
 Tracked objects:
		On entry : 
		On exit  : 
		Unchanged: 
 Data sizes:     COMMON   BANK0   BANK1
      Params:         0       3       0
      Locals:         0       0       0
      Temps:          0       1       0
      Totals:         0       4       0
Total ram usage:        4 bytes
 Hardware stack levels used:    1
 Hardware stack levels required when called:    6
 This function calls:
		___ftpack
 This function is called by:
		_StatusDisplayADC
		_Inject
 This function uses a non-reentrant model


 *************** function ___ftpack *****************
 Defined at:
		line 62 in file "C:\Program Files\Microchip\xc8\v1.32\sources\common\float.c"
 Parameters:    Size  Location     Type
  arg             3   12[BANK0 ] unsigned um
  exp             1   15[BANK0 ] unsigned char 
  sign            1   16[BANK0 ] unsigned char 
 Auto vars:     Size  Location     Type
		None
 Return value:  Size  Location     Type
                  3   12[BANK0 ] float 
 Registers used:
		wreg, status,2, status,0
 Tracked objects:
		On entry : 
		On exit  : 
		Unchanged: 
 Data sizes:     COMMON   BANK0   BANK1
      Params:         0       5       0
      Locals:         0       0       0
      Temps:          0       3       0
      Totals:         0       8       0
Total ram usage:        8 bytes
 Hardware stack levels used:    1
 Hardware stack levels required when called:    5
 This function calls:
		Nothing
 This function is called by:
		___lwtoft
 This function uses a non-reentrant model


 *************** function ___ftge *****************
 Defined at:
		line 4 in file "C:\Program Files\Microchip\xc8\v1.32\sources\common\ftge.c"
 Parameters:    Size  Location     Type
  ff1             3   24[BANK0 ] float 
  ff2             3   27[BANK0 ] float 
 Auto vars:     Size  Location     Type
		None
 Return value:  Size  Location     Type
		None               void
 Registers used:
		wreg, status,2, status,0
 Tracked objects:
		On entry : 
		On exit  : 
		Unchanged: 
 Data sizes:     COMMON   BANK0   BANK1
      Params:         0       6       0
      Locals:         0       0       0
      Temps:          0       3       0
      Totals:         0       9       0
Total ram usage:        9 bytes
 Hardware stack levels used:    1
 Hardware stack levels required when called:    5
 This function calls:
		Nothing
 This function is called by:
		_StatusDisplayADC
		_Inject
 This function uses a non-reentrant model


 *************** function _StopBeep *****************
 Defined at:
		line 401 in file "main.c"
 Parameters:    Size  Location     Type
		None
 Auto vars:     Size  Location     Type
		None
 Return value:  Size  Location     Type
		None               void
 Registers used:
		wreg, fsr1l, fsr1h, status,2, status,0, pclath, cstack
 Tracked objects:
		On entry : 
		On exit  : 
		Unchanged: 
 Data sizes:     COMMON   BANK0   BANK1
      Params:         0       0       0
      Locals:         0       0       0
      Temps:          0       0       0
      Totals:         0       0       0
Total ram usage:        0 bytes
 Hardware stack levels used:    1
 Hardware stack levels required when called:    8
 This function calls:
		_SerialLED
 This function is called by:
		_main
		_Inject
 This function uses a non-reentrant model


 *************** function _StartBeepLow *****************
 Defined at:
		line 379 in file "main.c"
 Parameters:    Size  Location     Type
		None
 Auto vars:     Size  Location     Type
		None
 Return value:  Size  Location     Type
		None               void
 Registers used:
		wreg, fsr1l, fsr1h, status,2, status,0, pclath, cstack
 Tracked objects:
		On entry : 
		On exit  : 
		Unchanged: 
 Data sizes:     COMMON   BANK0   BANK1
      Params:         0       0       0
      Locals:         0       0       0
      Temps:          0       0       0
      Totals:         0       0       0
Total ram usage:        0 bytes
 Hardware stack levels used:    1
 Hardware stack levels required when called:    8
 This function calls:
		_SerialLED
		_delay_ms
 This function is called by:
		_main
		_Inject
 This function uses a non-reentrant model


 *************** function _delay_ms *****************
 Defined at:
		line 72 in file "main.c"
 Parameters:    Size  Location     Type
  time            2   12[BANK0 ] int 
 Auto vars:     Size  Location     Type
		None
 Return value:  Size  Location     Type
		None               void
 Registers used:
		wreg
 Tracked objects:
		On entry : 
		On exit  : 
		Unchanged: 
 Data sizes:     COMMON   BANK0   BANK1
      Params:         0       2       0
      Locals:         0       0       0
      Temps:          0       1       0
      Totals:         0       3       0
Total ram usage:        3 bytes
 Hardware stack levels used:    1
 Hardware stack levels required when called:    5
 This function calls:
		Nothing
 This function is called by:
		_main
		_StartBeepLow
 This function uses a non-reentrant model


 *************** function _StartBeepHigh *****************
 Defined at:
		line 359 in file "main.c"
 Parameters:    Size  Location     Type
		None
 Auto vars:     Size  Location     Type
		None
 Return value:  Size  Location     Type
		None               void
 Registers used:
		wreg, fsr1l, fsr1h, status,2, status,0, pclath, cstack
 Tracked objects:
		On entry : 
		On exit  : 
		Unchanged: 
 Data sizes:     COMMON   BANK0   BANK1
      Params:         0       0       0
      Locals:         0       0       0
      Temps:          0       1       0
      Totals:         0       1       0
Total ram usage:        1 bytes
 Hardware stack levels used:    1
 Hardware stack levels required when called:    8
 This function calls:
		_SerialLED
 This function is called by:
		_main
		_Inject
 This function uses a non-reentrant model


 *************** function _SerialLED *****************
 Defined at:
		line 123 in file "main.c"
 Parameters:    Size  Location     Type
  r               1    wreg     unsigned char 
  g               1   21[BANK0 ] unsigned char 
  b               1   22[BANK0 ] unsigned char 
 Auto vars:     Size  Location     Type
  r               1   25[BANK0 ] unsigned char 
 Return value:  Size  Location     Type
		None               void
 Registers used:
		wreg, fsr1l, fsr1h, status,2, status,0, pclath, cstack
 Tracked objects:
		On entry : 
		On exit  : 
		Unchanged: 
 Data sizes:     COMMON   BANK0   BANK1
      Params:         0       2       0
      Locals:         0       1       0
      Temps:          0       2       0
      Totals:         0       5       0
Total ram usage:        5 bytes
 Hardware stack levels used:    1
 Hardware stack levels required when called:    7
 This function calls:
		_SendLED
 This function is called by:
		_StatusDisplay1
		_StatusDisplayADC
		_StartStatus
		_main
		_StartBeepHigh
		_StartBeepLow
		_StopBeep
 This function uses a non-reentrant model


 *************** function _SendLED *****************
 Defined at:
		line 98 in file "main.c"
 Parameters:    Size  Location     Type
  num             2   12[BANK0 ] int 
 Auto vars:     Size  Location     Type
  comp            2   19[BANK0 ] int 
  loop8           2   17[BANK0 ] int 
  loopNum         2   15[BANK0 ] int 
 Return value:  Size  Location     Type
		None               void
 Registers used:
		wreg, fsr1l, fsr1h, status,2, status,0, pclath, cstack
 Tracked objects:
		On entry : 
		On exit  : 
		Unchanged: 
 Data sizes:     COMMON   BANK0   BANK1
      Params:         0       2       0
      Locals:         0       6       0
      Temps:          0       1       0
      Totals:         0       9       0
Total ram usage:        9 bytes
 Hardware stack levels used:    1
 Hardware stack levels required when called:    6
 This function calls:
		_Data0
		_Data1
 This function is called by:
		_SerialLED
 This function uses a non-reentrant model


 *************** function _Data1 *****************
 Defined at:
		line 82 in file "main.c"
 Parameters:    Size  Location     Type
		None
 Auto vars:     Size  Location     Type
		None
 Return value:  Size  Location     Type
		None               void
 Registers used:
		None
 Tracked objects:
		On entry : 
		On exit  : 
		Unchanged: 
 Data sizes:     COMMON   BANK0   BANK1
      Params:         0       0       0
      Locals:         0       0       0
      Temps:          0       0       0
      Totals:         0       0       0
Total ram usage:        0 bytes
 Hardware stack levels used:    1
 Hardware stack levels required when called:    5
 This function calls:
		Nothing
 This function is called by:
		_SendLED
 This function uses a non-reentrant model


 *************** function _Data0 *****************
 Defined at:
		line 92 in file "main.c"
 Parameters:    Size  Location     Type
		None
 Auto vars:     Size  Location     Type
		None
 Return value:  Size  Location     Type
		None               void
 Registers used:
		None
 Tracked objects:
		On entry : 
		On exit  : 
		Unchanged: 
 Data sizes:     COMMON   BANK0   BANK1
      Params:         0       0       0
      Locals:         0       0       0
      Temps:          0       0       0
      Totals:         0       0       0
Total ram usage:        0 bytes
 Hardware stack levels used:    1
 Hardware stack levels required when called:    5
 This function calls:
		Nothing
 This function is called by:
		_SendLED
 This function uses a non-reentrant model


 *************** function _BatteryCheckVoltage *****************
 Defined at:
		line 442 in file "main.c"
 Parameters:    Size  Location     Type
		None
 Auto vars:     Size  Location     Type
  i               2    0        unsigned int 
  thresh          2    0        unsigned int 
  ad2             2    0        unsigned int 
  ad1             2    0        unsigned int 
 Return value:  Size  Location     Type
                  2   12[BANK0 ] unsigned int 
 Registers used:
		wreg, status,2, status,0
 Tracked objects:
		On entry : 
		On exit  : 
		Unchanged: 
 Data sizes:     COMMON   BANK0   BANK1
      Params:         0       2       0
      Locals:         0       0       0
      Temps:          0       0       0
      Totals:         0       2       0
Total ram usage:        2 bytes
 Hardware stack levels used:    1
 Hardware stack levels required when called:    5
 This function calls:
		Nothing
 This function is called by:
		_StatusDisplayADC
		_Inject
 This function uses a non-reentrant model


 *************** function _B_LED_ON *****************
 Defined at:
		line 55 in file "main.c"
 Parameters:    Size  Location     Type
		None
 Auto vars:     Size  Location     Type
		None
 Return value:  Size  Location     Type
		None               void
 Registers used:
		None
 Tracked objects:
		On entry : 
		On exit  : 
		Unchanged: 
 Data sizes:     COMMON   BANK0   BANK1
      Params:         0       0       0
      Locals:         0       0       0
      Temps:          0       0       0
      Totals:         0       0       0
Total ram usage:        0 bytes
 Hardware stack levels used:    1
 Hardware stack levels required when called:    5
 This function calls:
		Nothing
 This function is called by:
		_Inject
 This function uses a non-reentrant model


 *************** function _B_LED_OFF *****************
 Defined at:
		line 56 in file "main.c"
 Parameters:    Size  Location     Type
		None
 Auto vars:     Size  Location     Type
		None
 Return value:  Size  Location     Type
		None               void
 Registers used:
		None
 Tracked objects:
		On entry : 
		On exit  : 
		Unchanged: 
 Data sizes:     COMMON   BANK0   BANK1
      Params:         0       0       0
      Locals:         0       0       0
      Temps:          0       0       0
      Totals:         0       0       0
Total ram usage:        0 bytes
 Hardware stack levels used:    1
 Hardware stack levels required when called:    5
 This function calls:
		Nothing
 This function is called by:
		_Inject
 This function uses a non-reentrant model


 *************** function _CheckVoltage *****************
 Defined at:
		line 459 in file "main.c"
 Parameters:    Size  Location     Type
		None
 Auto vars:     Size  Location     Type
  thresh          2   14[BANK0 ] unsigned int 
  ad2             2   12[BANK0 ] unsigned int 
  i               2    0        unsigned int 
  ad1             2    0        unsigned int 
 Return value:  Size  Location     Type
                  1    wreg      unsigned char 
 Registers used:
		wreg, status,2, status,0
 Tracked objects:
		On entry : 
		On exit  : 
		Unchanged: 
 Data sizes:     COMMON   BANK0   BANK1
      Params:         0       0       0
      Locals:         0       4       0
      Temps:          0       0       0
      Totals:         0       4       0
Total ram usage:        4 bytes
 Hardware stack levels used:    1
 Hardware stack levels required when called:    5
 This function calls:
		Nothing
 This function is called by:
		_main
 This function uses a non-reentrant model


 *************** function _isr *****************
 Defined at:
		line 493 in file "main.c"
 Parameters:    Size  Location     Type
		None
 Auto vars:     Size  Location     Type
		None
 Return value:  Size  Location     Type
		None               void
 Registers used:
		wreg, fsr1l, fsr1h, status,2, status,0, pclath, cstack
 Tracked objects:
		On entry : 
		On exit  : 
		Unchanged: 
 Data sizes:     COMMON   BANK0   BANK1
      Params:         0       0       0
      Locals:         0       0       0
      Temps:          0       2       0
      Totals:         0       2       0
Total ram usage:        2 bytes
 Hardware stack levels used:    1
 Hardware stack levels required when called:    4
 This function calls:
		i1_CheckStatus
		i1_SerialLED
		i1_StatusDisplayADC
 This function is called by:
		Interrupt level 1
 This function uses a non-reentrant model


 *************** function i1_StatusDisplayADC *****************
 Defined at:
		line 174 in file "main.c"
 Parameters:    Size  Location     Type
		None
 Auto vars:     Size  Location     Type
		None
 Return value:  Size  Location     Type
		None               void
 Registers used:
		wreg, fsr1l, fsr1h, status,2, status,0, pclath, cstack
 Tracked objects:
		On entry : 
		On exit  : 
		Unchanged: 
 Data sizes:     COMMON   BANK0   BANK1
      Params:         0       0       0
      Locals:         0       0       0
      Temps:          0       1       0
      Totals:         0       1       0
Total ram usage:        1 bytes
 Hardware stack levels used:    1
 Hardware stack levels required when called:    3
 This function calls:
		i1_BatteryCheckVoltage
		i1_SerialLED
		i1___ftge
		i1___lwtoft
 This function is called by:
		_isr
 This function uses a non-reentrant model


 *************** function i1___lwtoft *****************
 Defined at:
		line 28 in file "C:\Program Files\Microchip\xc8\v1.32\sources\common\lwtoft.c"
 Parameters:    Size  Location     Type
  c               2    8[COMMON] unsigned int 
 Auto vars:     Size  Location     Type
		None
 Return value:  Size  Location     Type
                  3    8[COMMON] float 
 Registers used:
		wreg, status,2, status,0, pclath, cstack
 Tracked objects:
		On entry : 
		On exit  : 
		Unchanged: 
 Data sizes:     COMMON   BANK0   BANK1
      Params:         3       0       0
      Locals:         0       0       0
      Temps:          1       0       0
      Totals:         4       0       0
Total ram usage:        4 bytes
 Hardware stack levels used:    1
 Hardware stack levels required when called:    1
 This function calls:
		i1___ftpack
 This function is called by:
		i1_StatusDisplayADC
 This function uses a non-reentrant model


 *************** function i1___ftpack *****************
 Defined at:
		line 62 in file "C:\Program Files\Microchip\xc8\v1.32\sources\common\float.c"
 Parameters:    Size  Location     Type
  arg             3    0[COMMON] unsigned um
  exp             1    3[COMMON] unsigned char 
  sign            1    4[COMMON] unsigned char 
 Auto vars:     Size  Location     Type
		None
 Return value:  Size  Location     Type
                  3    0[COMMON] float 
 Registers used:
		wreg, status,2, status,0
 Tracked objects:
		On entry : 
		On exit  : 
		Unchanged: 
 Data sizes:     COMMON   BANK0   BANK1
      Params:         5       0       0
      Locals:         0       0       0
      Temps:          3       0       0
      Totals:         8       0       0
Total ram usage:        8 bytes
 Hardware stack levels used:    1
 This function calls:
		Nothing
 This function is called by:
		i1___lwtoft
 This function uses a non-reentrant model


 *************** function i1___ftge *****************
 Defined at:
		line 4 in file "C:\Program Files\Microchip\xc8\v1.32\sources\common\ftge.c"
 Parameters:    Size  Location     Type
  ff1             3    0[BANK0 ] float 
  ff2             3    3[BANK0 ] float 
 Auto vars:     Size  Location     Type
		None
 Return value:  Size  Location     Type
		None               void
 Registers used:
		wreg, status,2, status,0
 Tracked objects:
		On entry : 
		On exit  : 
		Unchanged: 
 Data sizes:     COMMON   BANK0   BANK1
      Params:         0       6       0
      Locals:         0       0       0
      Temps:          0       3       0
      Totals:         0       9       0
Total ram usage:        9 bytes
 Hardware stack levels used:    1
 This function calls:
		Nothing
 This function is called by:
		i1_StatusDisplayADC
 This function uses a non-reentrant model


 *************** function i1_SerialLED *****************
 Defined at:
		line 123 in file "main.c"
 Parameters:    Size  Location     Type
  r               1    wreg     unsigned char 
  g               1    9[COMMON] unsigned char 
  b               1   10[COMMON] unsigned char 
 Auto vars:     Size  Location     Type
  r               1   13[COMMON] unsigned char 
 Return value:  Size  Location     Type
		None               void
 Registers used:
		wreg, fsr1l, fsr1h, status,2, status,0, pclath, cstack
 Tracked objects:
		On entry : 
		On exit  : 
		Unchanged: 
 Data sizes:     COMMON   BANK0   BANK1
      Params:         2       0       0
      Locals:         1       0       0
      Temps:          2       0       0
      Totals:         5       0       0
Total ram usage:        5 bytes
 Hardware stack levels used:    1
 Hardware stack levels required when called:    2
 This function calls:
		i1_SendLED
 This function is called by:
		_isr
		i1_StatusDisplayADC
 This function uses a non-reentrant model


 *************** function i1_SendLED *****************
 Defined at:
		line 98 in file "main.c"
 Parameters:    Size  Location     Type
  num             2    0[COMMON] int 
 Auto vars:     Size  Location     Type
  SendLED         2    7[COMMON] int 
  SendLED         2    5[COMMON] int 
  SendLED         2    3[COMMON] int 
 Return value:  Size  Location     Type
		None               void
 Registers used:
		wreg, fsr1l, fsr1h, status,2, status,0, pclath, cstack
 Tracked objects:
		On entry : 
		On exit  : 
		Unchanged: 
 Data sizes:     COMMON   BANK0   BANK1
      Params:         2       0       0
      Locals:         6       0       0
      Temps:          1       0       0
      Totals:         9       0       0
Total ram usage:        9 bytes
 Hardware stack levels used:    1
 Hardware stack levels required when called:    1
 This function calls:
		i1_Data0
		i1_Data1
 This function is called by:
		i1_SerialLED
 This function uses a non-reentrant model


 *************** function i1_Data1 *****************
 Defined at:
		line 82 in file "main.c"
 Parameters:    Size  Location     Type
		None
 Auto vars:     Size  Location     Type
		None
 Return value:  Size  Location     Type
		None               void
 Registers used:
		None
 Tracked objects:
		On entry : 
		On exit  : 
		Unchanged: 
 Data sizes:     COMMON   BANK0   BANK1
      Params:         0       0       0
      Locals:         0       0       0
      Temps:          0       0       0
      Totals:         0       0       0
Total ram usage:        0 bytes
 Hardware stack levels used:    1
 This function calls:
		Nothing
 This function is called by:
		i1_SendLED
 This function uses a non-reentrant model


 *************** function i1_Data0 *****************
 Defined at:
		line 92 in file "main.c"
 Parameters:    Size  Location     Type
		None
 Auto vars:     Size  Location     Type
		None
 Return value:  Size  Location     Type
		None               void
 Registers used:
		None
 Tracked objects:
		On entry : 
		On exit  : 
		Unchanged: 
 Data sizes:     COMMON   BANK0   BANK1
      Params:         0       0       0
      Locals:         0       0       0
      Temps:          0       0       0
      Totals:         0       0       0
Total ram usage:        0 bytes
 Hardware stack levels used:    1
 This function calls:
		Nothing
 This function is called by:
		i1_SendLED
 This function uses a non-reentrant model


 *************** function i1_BatteryCheckVoltage *****************
 Defined at:
		line 442 in file "main.c"
 Parameters:    Size  Location     Type
		None
 Auto vars:     Size  Location     Type
  BatteryCheck    2    0        unsigned int 
  BatteryCheck    2    0        unsigned int 
  BatteryCheck    2    0        unsigned int 
  BatteryCheck    2    0        unsigned int 
 Return value:  Size  Location     Type
                  2    0[COMMON] unsigned int 
 Registers used:
		wreg, status,2, status,0
 Tracked objects:
		On entry : 
		On exit  : 
		Unchanged: 
 Data sizes:     COMMON   BANK0   BANK1
      Params:         2       0       0
      Locals:         0       0       0
      Temps:          0       0       0
      Totals:         2       0       0
Total ram usage:        2 bytes
 Hardware stack levels used:    1
 This function calls:
		Nothing
 This function is called by:
		i1_StatusDisplayADC
 This function uses a non-reentrant model


 *************** function i1_CheckStatus *****************
 Defined at:
		line 136 in file "main.c"
 Parameters:    Size  Location     Type
		None
 Auto vars:     Size  Location     Type
		None
 Return value:  Size  Location     Type
		None               void
 Registers used:
		wreg
 Tracked objects:
		On entry : 
		On exit  : 
		Unchanged: 
 Data sizes:     COMMON   BANK0   BANK1
      Params:         0       0       0
      Locals:         0       0       0
      Temps:          1       0       0
      Totals:         1       0       0
Total ram usage:        1 bytes
 Hardware stack levels used:    1
 This function calls:
		Nothing
 This function is called by:
		_isr
 This function uses a non-reentrant model



MODULE INFORMATION

Module		Function		Class		Link	Load	Size
C:\Program Files\Microchip\xc8\v1.32\sources\common\ftge.c
		___ftge        		CODE           	04A7	0000	60

C:\Program Files\Microchip\xc8\v1.32\sources\common\ftge.c estimated size: 60

C:\Program Files\Microchip\xc8\v1.32\sources\common\float.c
		___ftpack      		CODE           	02B3	0000	97

C:\Program Files\Microchip\xc8\v1.32\sources\common\float.c estimated size: 97

shared
		i1___ftge      		CODE           	04E3	0000	60
		i1___lwtoft    		CODE           	06C9	0000	18
		i1_Data0       		CODE           	06FB	0000	6
		i1_BatteryCheck		CODE           	0688	0000	23
		i1_SerialLED   		CODE           	058B	0000	53
		i1_StatusDispla		CODE           	0417	0000	78
		i1___ftpack    		CODE           	0314	0000	96
		__initializatio		CODE           	004E	0000	6
		i1_SendLED     		CODE           	0210	0000	163
		i1_CheckStatus 		CODE           	0602	0000	30
		i1_Data1       		CODE           	06E5	0000	10

shared estimated size: 543

C:\Program Files\Microchip\xc8\v1.32\sources\common\lwtoft.c
		___lwtoft      		CODE           	06B5	0000	20

C:\Program Files\Microchip\xc8\v1.32\sources\common\lwtoft.c estimated size: 20

main.c
		_SendLED       		CODE           	0161	0000	175
		_SerialLED     		CODE           	051F	0000	55
		_StatusDisplay1		CODE           	0465	0000	66
		_main          		CODE           	0057	0000	266
		_CheckVoltage  		CODE           	0556	0000	53
		_Inject        		CODE           	0374	0000	84
		_StopBeep      		CODE           	069F	0000	22
		_BatteryCheckVo		CODE           	0671	0000	23
		_Data0         		CODE           	06F5	0000	6
		_isr           		CODE           	0004	0000	73
		_Data1         		CODE           	06DB	0000	10
		_StartBeepLow  		CODE           	05C0	0000	36
		_CheckStatus   		CODE           	05E4	0000	30
		_StartBeepHigh 		CODE           	0620	0000	29
		_B_LED_ON      		CODE           	0701	0000	3
		_B_LED_OFF     		CODE           	0704	0000	3
		_StartStatus   		CODE           	063D	0000	28
		_delay_ms      		CODE           	0659	0000	24
		_StatusDisplayA		CODE           	03C8	0000	79

main.c estimated size: 1065

