Microchip Technology Inc, vv1.24 (0)

Tool Name:
  c:\program files (x86)\microchip\xc16\v1.24\bin\bin\..\bin/elf-ld.exe

Command:
  -p24FJ64GB004 \
  -o \
  dist/default/production/sbxbt_ps3.X.production.elf \
  -Lc:/program files (x86)/microchip/xc16/v1.24/bin/bin/.. \
  -Lc:/program files (x86)/microchip/xc16/v1.24/bin/bin/../../lib \
  -Lc:/program files (x86)/microchip/xc16/v1.24/bin/bin/../../lib/PIC24E \
  -Lc:/program files (x86)/microchip/xc16/v1.24/bin/bin/../../support/PIC24E/gld \
  -Lc:/program files (x86)/microchip/xc16/v1.24/bin/bin/../../lib/PIC24F \
  -Lc:/program files (x86)/microchip/xc16/v1.24/bin/bin/../../support/PIC24F/gld \
  -Lc:/program files (x86)/microchip/xc16/v1.24/bin/bin/../../lib/PIC24H \
  -Lc:/program files (x86)/microchip/xc16/v1.24/bin/bin/../../support/PIC24H/gld \
  -Lc:/program files (x86)/microchip/xc16/v1.24/bin/bin/../../lib/dsPIC30F \
  -Lc:/program files (x86)/microchip/xc16/v1.24/bin/bin/../../support/dsPIC30F/gld \
  -Lc:/program files (x86)/microchip/xc16/v1.24/bin/bin/../../lib/dsPIC33E \
  -Lc:/program files (x86)/microchip/xc16/v1.24/bin/bin/../../support/dsPIC33E/gld \
  -Lc:/program files (x86)/microchip/xc16/v1.24/bin/bin/../../lib/dsPIC33F \
  -Lc:/program files (x86)/microchip/xc16/v1.24/bin/bin/../../support/dsPIC33F/gld \
  build/default/production/_ext/1468720089/btstack_memory.o \
  build/default/production/_ext/1468720089/hci.o \
  build/default/production/_ext/1468720089/hci_cmds.o \
  build/default/production/_ext/1468720089/hci_dump.o \
  build/default/production/_ext/1468720089/hci_transport_picusb.o \
  build/default/production/_ext/1468720089/l2cap.o \
  build/default/production/_ext/1468720089/l2cap_signaling.o \
  build/default/production/_ext/1468720089/linked_list.o \
  build/default/production/_ext/1468720089/memory_pool.o \
  build/default/production/_ext/1468720089/remote_device_db_memory.o \
  build/default/production/_ext/1468720089/rfcomm.o \
  build/default/production/_ext/1468720089/run_loop.o \
  build/default/production/_ext/1468720089/run_loop_embedded.o \
  build/default/production/_ext/1468720089/sdp.o \
  build/default/production/_ext/1468720089/sdp_util.o \
  build/default/production/_ext/1468720089/utils.o \
  build/default/production/_ext/2108356922/uart2.o \
  build/default/production/_ext/2108356922/uart1.o \
  build/default/production/_ext/1360907413/usb_host.o \
  build/default/production/_ext/1360907413/usb_host_bluetooth.o \
  build/default/production/_ext/1472/main.o \
  build/default/production/_ext/1472/usb_config.o \
  build/default/production/_ext/1472/xprintf.o \
  build/default/production/_ext/1472/flash.o \
  build/default/production/_ext/1472/dev_dragonrise.o \
  build/default/production/_ext/1472/dev_elecom_u3312s.o \
  build/default/production/_ext/1472/dev_elecom_u3412s.o \
  build/default/production/_ext/1472/dev_logicool_f710.o \
  build/default/production/_ext/1472/dev_sony_ps3.o \
  build/default/production/_ext/1472/dev_logicool_f510.o \
  build/default/production/_ext/1472/TimeDelay.o \
  --defsym=__MPLAB_BUILD=1 \
  -Tp24FJ64GB004.gld.00 \
  --heap=2048 \
  --stack=1024 \
  --check-sections \
  --data-init \
  --pack-data \
  --handles \
  --isr \
  --gc-sections \
  --fill-upper=0 \
  --stackguard=16 \
  --library-path=.. \
  --no-force-link \
  --smart-io \
  -Map=dist/default/production/sbxbt_ps3.X.production.map \
  --report-mem \
  -start-group \
  --library=pic30-elf \
  --library=m-elf \
  --library=c-elf \
  -end-group \

Archive member included because of file (symbol)

c:/program files (x86)/microchip/xc16/v1.24/bin/bin/../../lib\libpic30-elf.a(crt0_standard.o)
                              (__resetPRI)
c:/program files (x86)/microchip/xc16/v1.24/bin/bin/../../lib\libpic30-elf.a(data_init_standard.o)
                              c:/program files (x86)/microchip/xc16/v1.24/bin/bin/../../lib\libpic30-elf.a(crt0_standard.o) (__data_init_standard)
c:/program files (x86)/microchip/xc16/v1.24/bin/bin/../../lib\libm-elf.a(udivsi3.eo)
                              build/default/production/_ext/2108356922/uart1.o (___udivsi3)
c:/program files (x86)/microchip/xc16/v1.24/bin/bin/../../lib\libm-elf.a(umodsi3.eo)
                              build/default/production/_ext/1472/xprintf.o (___umodsi3)
c:/program files (x86)/microchip/xc16/v1.24/bin/bin/../../lib\libc-elf.a(malloc.eo)
                              build/default/production/_ext/1468720089/hci_transport_picusb.o (_malloc)
c:/program files (x86)/microchip/xc16/v1.24/bin/bin/../../lib\libc-elf.a(memcmp.eo)
                              build/default/production/_ext/1468720089/hci.o (_memcmp)
c:/program files (x86)/microchip/xc16/v1.24/bin/bin/../../lib\libc-elf.a(memcpy.eo)
                              build/default/production/_ext/1468720089/hci.o (_memcpy)
c:/program files (x86)/microchip/xc16/v1.24/bin/bin/../../lib\libc-elf.a(memset.eo)
                              build/default/production/_ext/1468720089/hci_cmds.o (_memset)
[...]
Memory Configuration

Name             Origin             Length             Attributes
data             0x000800           0x002000           a !xr
reset            0x000000           0x000004  
ivt              0x000004           0x0000fc  
_reserved        0x000100           0x000004  
aivt             0x000104           0x0000fc  
program          0x000200           0x00a9f8           xr
CONFIG4          0x00abf8           0x000002  
CONFIG3          0x00abfa           0x000002  
CONFIG2          0x00abfc           0x000002  
CONFIG1          0x00abfe           0x000002  
*default*        0x000000           0xffffffff  

Linker script and memory map

LOAD build/default/production/_ext/1468720089/btstack_memory.o
LOAD build/default/production/_ext/1468720089/hci.o
LOAD build/default/production/_ext/1468720089/hci_cmds.o
LOAD build/default/production/_ext/1468720089/hci_dump.o
LOAD build/default/production/_ext/1468720089/hci_transport_picusb.o
LOAD build/default/production/_ext/1468720089/l2cap.o
LOAD build/default/production/_ext/1468720089/l2cap_signaling.o
LOAD build/default/production/_ext/1468720089/linked_list.o
LOAD build/default/production/_ext/1468720089/memory_pool.o
LOAD build/default/production/_ext/1468720089/remote_device_db_memory.o
LOAD build/default/production/_ext/1468720089/rfcomm.o
LOAD build/default/production/_ext/1468720089/run_loop.o
LOAD build/default/production/_ext/1468720089/run_loop_embedded.o
LOAD build/default/production/_ext/1468720089/sdp.o
LOAD build/default/production/_ext/1468720089/sdp_util.o
LOAD build/default/production/_ext/1468720089/utils.o
LOAD build/default/production/_ext/2108356922/uart2.o
LOAD build/default/production/_ext/2108356922/uart1.o
LOAD build/default/production/_ext/1360907413/usb_host.o
LOAD build/default/production/_ext/1360907413/usb_host_bluetooth.o
LOAD build/default/production/_ext/1472/main.o
LOAD build/default/production/_ext/1472/usb_config.o
LOAD build/default/production/_ext/1472/xprintf.o
LOAD build/default/production/_ext/1472/flash.o
LOAD build/default/production/_ext/1472/dev_dragonrise.o
LOAD build/default/production/_ext/1472/dev_elecom_u3312s.o
LOAD build/default/production/_ext/1472/dev_elecom_u3412s.o
LOAD build/default/production/_ext/1472/dev_logicool_f710.o
LOAD build/default/production/_ext/1472/dev_sony_ps3.o
LOAD build/default/production/_ext/1472/dev_logicool_f510.o
LOAD build/default/production/_ext/1472/TimeDelay.o
                    0x0001                  __MPLAB_BUILD = 0x1
LOAD c:/program files (x86)/microchip/xc16/v1.24/bin/bin/../../lib/PIC24F\libpPIC24Fxxx-elf.a
LOAD c:/program files (x86)/microchip/xc16/v1.24/bin/bin/../../lib\libfx-elf.a
                    0xabf8                  __CONFIG4 = 0xabf8
                    0xabfa                  __CONFIG3 = 0xabfa
                    0xabfc                  __CONFIG2 = 0xabfc
                    0xabfe                  __CONFIG1 = 0xabfe
                    0x0001                  __NO_HANDLES = 0x1
                    0x0200                  __CODE_BASE = 0x200
                    0xa9f8                  __CODE_LENGTH = 0xa9f8
                    0x0004                  __IVT_BASE = 0x4
                    0x0104                  __AIVT_BASE = 0x104
                    0x0800                  __DATA_BASE = 0x800
                    0x2000                  __DATA_LENGTH = 0x2000

.reset            0x000000          0x4
                  0x000000          0x2 SHORT 0x200 ABSOLUTE (__reset)
                  0x000001          0x2 SHORT 0x4
                  0x000002          0x2 SHORT 0x0 ((ABSOLUTE (__reset) >> 0x10) & 0x7f)
                  0x000003          0x2 SHORT 0x0

.text             0x000200        0x394
 *(.init)
 .init            0x000200         0x3c c:/program files (x86)/microchip/xc16/v1.24/bin/bin/../../lib\libpic30-elf.a(crt0_standard.o)
                  0x000200                  __resetPRI
                  0x000200                  __reset
                  0x00022c                  __psv_init
 .init            0x00023c         0x5e c:/program files (x86)/microchip/xc16/v1.24/bin/bin/../../lib\libpic30-elf.a(data_init_standard.o)
                  0x00023c                  __data_init_standard
                  0x00023c                  __data_init
 *(.user_init)
 *(.handle)
 *(.isr*)
 .isr             0x000352          0x4 default_isr
                  0x000352                  __DefaultInterrupt
 *(.libc)
 .libc            0x000356         0x28 c:/program files (x86)/microchip/xc16/v1.24/bin/bin/../../lib\libpic30-elf.a(sbrk.eo)
                  0x000356                  _sbrk
 .libc            0x00037e         0x1c c:/program files (x86)/microchip/xc16/v1.24/bin/bin/../../lib\libpic30-elf.a(brk.elo)
                  0x00037e                  _brk
 *(.libm)
 *(.libdsp)
 *(.lib*)
 .libm.udivsi3    0x00039a         0x20 c:/program files (x86)/microchip/xc16/v1.24/bin/bin/../../lib\libm-elf.a(udivsi3.eo)
                  0x00039a                  ___udivsi3
 .libm.umodsi3    0x0003ba          0x6 c:/program files (x86)/microchip/xc16/v1.24/bin/bin/../../lib\libm-elf.a(umodsi3.eo)
                  0x0003ba                  ___umodsi3
 .libc.malloc     0x0003c0        0x11c c:/program files (x86)/microchip/xc16/v1.24/bin/bin/../../lib\libc-elf.a(malloc.eo)
                  0x0003c0                  _malloc
 .libc.free       0x0004dc         0x16 c:/program files (x86)/microchip/xc16/v1.24/bin/bin/../../lib\libc-elf.a(malloc.eo)
                  0x0004dc                  _free
 .libc.memcmp     0x0004f2         0x34 c:/program files (x86)/microchip/xc16/v1.24/bin/bin/../../lib\libc-elf.a(memcmp.eo)
                  0x0004f2                  _memcmp
 .libc.memcpy     0x000526          0xe c:/program files (x86)/microchip/xc16/v1.24/bin/bin/../../lib\libc-elf.a(memcpy.eo)
                  0x000526                  _memcpy
 .libc.memset     0x000534          0xe c:/program files (x86)/microchip/xc16/v1.24/bin/bin/../../lib\libc-elf.a(memset.eo)
                  0x000534                  _memset
 .libc.strlen     0x000542          0xe c:/program files (x86)/microchip/xc16/v1.24/bin/bin/../../lib\libc-elf.a(strlen.eo)
                  0x000542                  _strlen
 .libc.strncmp    0x000550         0x22 c:/program files (x86)/microchip/xc16/v1.24/bin/bin/../../lib\libc-elf.a(strncmp.eo)
                  0x000550                  _strncmp
 .libc.strncpy    0x000572         0x22 c:/program files (x86)/microchip/xc16/v1.24/bin/bin/../../lib\libc-elf.a(strncpy.eo)
                  0x000572                  _strncpy

usercode
 *(usercode)

__CONFIG4         0x00abf8          0x2
 *(__CONFIG4.sec*)
 __CONFIG4.sec    0x00abf8          0x2 build/default/production/_ext/1472/main.o

__CONFIG3         0x00abfa          0x2
 *(__CONFIG3.sec*)
 __CONFIG3.sec    0x00abfa          0x2 build/default/production/_ext/1472/main.o

__CONFIG2         0x00abfc          0x2
 *(__CONFIG2.sec*)
 __CONFIG2.sec    0x00abfc          0x2 build/default/production/_ext/1472/main.o

__CONFIG1         0x00abfe          0x2
 *(__CONFIG1.sec*)
 __CONFIG1.sec    0x00abfe          0x2 build/default/production/_ext/1472/main.o

.comment
 *(.comment)

.debug_info       0x000000      0x19d2f
 *(.debug_info)
 .debug_info      0x000000       0x1d47 build/default/production/_ext/1468720089/btstack_memory.o
 .debug_info      0x001d47       0x1f6c build/default/production/_ext/1468720089/hci.o
 .debug_info      0x003cb3        0xe83 build/default/production/_ext/1468720089/hci_cmds.o
 .debug_info      0x004b36        0x2c0 build/default/production/_ext/1468720089/hci_dump.o
 .debug_info      0x004df6        0xa3d build/default/production/_ext/1468720089/hci_transport_picusb.o
 .debug_info      0x005833       0x2107 build/default/production/_ext/1468720089/l2cap.o
 .debug_info      0x00793a        0x435 build/default/production/_ext/1468720089/l2cap_signaling.o
 .debug_info      0x007d6f        0x34f build/default/production/_ext/1468720089/linked_list.o
 .debug_info      0x0080be        0x25f build/default/production/_ext/1468720089/memory_pool.o
 .debug_info      0x00831d        0x7c9 build/default/production/_ext/1468720089/remote_device_db_memory.o
 .debug_info      0x008ae6       0x2b50 build/default/production/_ext/1468720089/rfcomm.o
 .debug_info      0x00b636        0x5ae build/default/production/_ext/1468720089/run_loop.o
 .debug_info      0x00bbe4        0x724 build/default/production/_ext/1468720089/run_loop_embedded.o
 .debug_info      0x00c308        0xeff build/default/production/_ext/1468720089/sdp.o
 .debug_info      0x00d207       0x18a9 build/default/production/_ext/1468720089/sdp_util.o
 .debug_info      0x00eab0        0x501 build/default/production/_ext/1468720089/utils.o
 .debug_info      0x00efb1        0x13f build/default/production/_ext/2108356922/uart2.o
 .debug_info      0x00f0f0        0xa0d build/default/production/_ext/2108356922/uart1.o
 .debug_info      0x00fafd       0x39d8 build/default/production/_ext/1360907413/usb_host.o
 .debug_info      0x0134d5        0xae6 build/default/production/_ext/1360907413/usb_host_bluetooth.o
 .debug_info      0x013fbb       0x214c build/default/production/_ext/1472/main.o
 .debug_info      0x016107        0x803 build/default/production/_ext/1472/usb_config.o
 .debug_info      0x01690a        0x40a build/default/production/_ext/1472/xprintf.o
 .debug_info      0x016d14        0xa48 build/default/production/_ext/1472/flash.o
 .debug_info      0x01775c        0x538 build/default/production/_ext/1472/dev_dragonrise.o
 .debug_info      0x017c94        0x541 build/default/production/_ext/1472/dev_elecom_u3312s.o
 .debug_info      0x0181d5        0x542 build/default/production/_ext/1472/dev_elecom_u3412s.o
 .debug_info      0x018717        0x538 build/default/production/_ext/1472/dev_logicool_f710.o
 .debug_info      0x018c4f        0x982 build/default/production/_ext/1472/dev_sony_ps3.o
 .debug_info      0x0195d1        0x545 build/default/production/_ext/1472/dev_logicool_f510.o
 .debug_info      0x019b16        0x219 build/default/production/_ext/1472/TimeDelay.o
 *(.gnu.linkonce.wi.*)

.debug_abbrev     0x000000       0x2e86
 *(.debug_abbrev)
 .debug_abbrev    0x000000        0x141 build/default/production/_ext/1468720089/btstack_memory.o
 .debug_abbrev    0x000141        0x31d build/default/production/_ext/1468720089/hci.o
 .debug_abbrev    0x00045e         0xef build/default/production/_ext/1468720089/hci_cmds.o
 .debug_abbrev    0x00054d         0x92 build/default/production/_ext/1468720089/hci_dump.o
 .debug_abbrev    0x0005df        0x1fe build/default/production/_ext/1468720089/hci_transport_picusb.o
 .debug_abbrev    0x0007dd        0x28b build/default/production/_ext/1468720089/l2cap.o
 .debug_abbrev    0x000a68         0xe8 build/default/production/_ext/1468720089/l2cap_signaling.o
 .debug_abbrev    0x000b50         0xea build/default/production/_ext/1468720089/linked_list.o
 .debug_abbrev    0x000c3a         0xd1 build/default/production/_ext/1468720089/memory_pool.o
 .debug_abbrev    0x000d0b        0x17f build/default/production/_ext/1468720089/remote_device_db_memory.o
 .debug_abbrev    0x000e8a        0x221 build/default/production/_ext/1468720089/rfcomm.o
 .debug_abbrev    0x0010ab        0x11a build/default/production/_ext/1468720089/run_loop.o
 .debug_abbrev    0x0011c5        0x162 build/default/production/_ext/1468720089/run_loop_embedded.o
 .debug_abbrev    0x001327        0x211 build/default/production/_ext/1468720089/sdp.o
 .debug_abbrev    0x001538        0x218 build/default/production/_ext/1468720089/sdp_util.o
 .debug_abbrev    0x001750         0xbf build/default/production/_ext/1468720089/utils.o
 .debug_abbrev    0x00180f         0x1f build/default/production/_ext/2108356922/uart2.o
 .debug_abbrev    0x00182e        0x17a build/default/production/_ext/2108356922/uart1.o
 .debug_abbrev    0x0019a8        0x2d9 build/default/production/_ext/1360907413/usb_host.o
 .debug_abbrev    0x001c81        0x1c2 build/default/production/_ext/1360907413/usb_host_bluetooth.o
 .debug_abbrev    0x001e43        0x342 build/default/production/_ext/1472/main.o
 .debug_abbrev    0x002185        0x149 build/default/production/_ext/1472/usb_config.o
 .debug_abbrev    0x0022ce         0xe8 build/default/production/_ext/1472/xprintf.o
 .debug_abbrev    0x0023b6        0x1d7 build/default/production/_ext/1472/flash.o
 .debug_abbrev    0x00258d        0x15e build/default/production/_ext/1472/dev_dragonrise.o
 .debug_abbrev    0x0026eb        0x15e build/default/production/_ext/1472/dev_elecom_u3312s.o
 .debug_abbrev    0x002849        0x15e build/default/production/_ext/1472/dev_elecom_u3412s.o
 .debug_abbrev    0x0029a7        0x15e build/default/production/_ext/1472/dev_logicool_f710.o
 .debug_abbrev    0x002b05        0x1bb build/default/production/_ext/1472/dev_sony_ps3.o
 .debug_abbrev    0x002cc0        0x15e build/default/production/_ext/1472/dev_logicool_f510.o
 .debug_abbrev    0x002e1e         0x68 build/default/production/_ext/1472/TimeDelay.o

.debug_line       0x000000       0xe00c
 *(.debug_line)
 .debug_line      0x000000        0x3d5 build/default/production/_ext/1468720089/btstack_memory.o
 .debug_line      0x0003d5       0x145d build/default/production/_ext/1468720089/hci.o
 .debug_line      0x001832        0x235 build/default/production/_ext/1468720089/hci_cmds.o
 .debug_line      0x001a67        0x107 build/default/production/_ext/1468720089/hci_dump.o
 .debug_line      0x001b6e        0x379 build/default/production/_ext/1468720089/hci_transport_picusb.o
 .debug_line      0x001ee7       0x14da build/default/production/_ext/1468720089/l2cap.o
 .debug_line      0x0033c1        0x1ce build/default/production/_ext/1468720089/l2cap_signaling.o
 .debug_line      0x00358f        0x1ef build/default/production/_ext/1468720089/linked_list.o
 .debug_line      0x00377e         0xff build/default/production/_ext/1468720089/memory_pool.o
 .debug_line      0x00387d        0x3c8 build/default/production/_ext/1468720089/remote_device_db_memory.o
 .debug_line      0x003c45       0x209a build/default/production/_ext/1468720089/rfcomm.o
 .debug_line      0x005cdf        0x1d8 build/default/production/_ext/1468720089/run_loop.o
 .debug_line      0x005eb7        0x336 build/default/production/_ext/1468720089/run_loop_embedded.o
 .debug_line      0x0061ed        0x989 build/default/production/_ext/1468720089/sdp.o
 .debug_line      0x006b76        0xe2c build/default/production/_ext/1468720089/sdp_util.o
 .debug_line      0x0079a2        0x2a0 build/default/production/_ext/1468720089/utils.o
 .debug_line      0x007c42         0x24 build/default/production/_ext/2108356922/uart2.o
 .debug_line      0x007c66        0x2f9 build/default/production/_ext/2108356922/uart1.o
 .debug_line      0x007f5f       0x33cf build/default/production/_ext/1360907413/usb_host.o
 .debug_line      0x00b32e        0x3e2 build/default/production/_ext/1360907413/usb_host_bluetooth.o
 .debug_line      0x00b710        0xb4b build/default/production/_ext/1472/main.o
 .debug_line      0x00c25b         0x8a build/default/production/_ext/1472/usb_config.o
 .debug_line      0x00c2e5        0x463 build/default/production/_ext/1472/xprintf.o
 .debug_line      0x00c748        0x4b0 build/default/production/_ext/1472/flash.o
 .debug_line      0x00cbf8        0x2de build/default/production/_ext/1472/dev_dragonrise.o
 .debug_line      0x00ced6        0x29f build/default/production/_ext/1472/dev_elecom_u3312s.o
 .debug_line      0x00d175        0x29f build/default/production/_ext/1472/dev_elecom_u3412s.o
 .debug_line      0x00d414        0x2e1 build/default/production/_ext/1472/dev_logicool_f710.o
 .debug_line      0x00d6f5        0x538 build/default/production/_ext/1472/dev_sony_ps3.o
 .debug_line      0x00dc2d        0x2df build/default/production/_ext/1472/dev_logicool_f510.o
 .debug_line      0x00df0c        0x100 build/default/production/_ext/1472/TimeDelay.o

.debug_frame      0x000000       0x22b0
 *(.debug_frame)
 .debug_frame     0x000000        0x144 build/default/production/_ext/1468720089/btstack_memory.o
 .debug_frame     0x000144        0x4b0 build/default/production/_ext/1468720089/hci.o
 .debug_frame     0x0005f4         0x34 build/default/production/_ext/1468720089/hci_cmds.o
 .debug_frame     0x000628         0x54 build/default/production/_ext/1468720089/hci_dump.o
 .debug_frame     0x00067c         0xd4 build/default/production/_ext/1468720089/hci_transport_picusb.o
 .debug_frame     0x000750        0x574 build/default/production/_ext/1468720089/l2cap.o
 .debug_frame     0x000cc4         0x44 build/default/production/_ext/1468720089/l2cap_signaling.o
 .debug_frame     0x000d08         0x84 build/default/production/_ext/1468720089/linked_list.o
 .debug_frame     0x000d8c         0x44 build/default/production/_ext/1468720089/memory_pool.o
 .debug_frame     0x000dd0         0xb4 build/default/production/_ext/1468720089/remote_device_db_memory.o
 .debug_frame     0x000e84        0x414 build/default/production/_ext/1468720089/rfcomm.o
 .debug_frame     0x001298         0x94 build/default/production/_ext/1468720089/run_loop.o
 .debug_frame     0x00132c         0xd4 build/default/production/_ext/1468720089/run_loop_embedded.o
 .debug_frame     0x001400        0x114 build/default/production/_ext/1468720089/sdp.o
 .debug_frame     0x001514        0x324 build/default/production/_ext/1468720089/sdp_util.o
 .debug_frame     0x001838        0x114 build/default/production/_ext/1468720089/utils.o
 .debug_frame     0x00194c         0x84 build/default/production/_ext/2108356922/uart1.o
 .debug_frame     0x0019d0        0x254 build/default/production/_ext/1360907413/usb_host.o
 .debug_frame     0x001c24         0x9c build/default/production/_ext/1360907413/usb_host_bluetooth.o
 .debug_frame     0x001cc0        0x22c build/default/production/_ext/1472/main.o
 .debug_frame     0x001eec        0x114 build/default/production/_ext/1472/xprintf.o
 .debug_frame     0x002000         0xa4 build/default/production/_ext/1472/flash.o
 .debug_frame     0x0020a4         0x34 build/default/production/_ext/1472/dev_dragonrise.o
 .debug_frame     0x0020d8         0x34 build/default/production/_ext/1472/dev_elecom_u3312s.o
 .debug_frame     0x00210c         0x34 build/default/production/_ext/1472/dev_elecom_u3412s.o
 .debug_frame     0x002140         0x34 build/default/production/_ext/1472/dev_logicool_f710.o
 .debug_frame     0x002174         0xd4 build/default/production/_ext/1472/dev_sony_ps3.o
 .debug_frame     0x002248         0x34 build/default/production/_ext/1472/dev_logicool_f510.o
 .debug_frame     0x00227c         0x34 build/default/production/_ext/1472/TimeDelay.o

.debug_str        0x000000        0xfed
 *(.debug_str)
 .debug_str       0x000000         0x78 build/default/production/_ext/1468720089/btstack_memory.o
 .debug_str       0x000078        0x1e6 build/default/production/_ext/1468720089/hci.o
 .debug_str       0x00025e          0xf build/default/production/_ext/1468720089/hci_cmds.o
 .debug_str       0x00026d         0x42 build/default/production/_ext/1468720089/hci_transport_picusb.o
 .debug_str       0x0002af         0xf0 build/default/production/_ext/1468720089/l2cap.o
 .debug_str       0x00039f         0x16 build/default/production/_ext/1468720089/l2cap_signaling.o
 .debug_str       0x0003b5          0xa build/default/production/_ext/1468720089/linked_list.o
 .debug_str       0x0003bf          0xc build/default/production/_ext/1468720089/memory_pool.o
 .debug_str       0x0003cb         0xb9 build/default/production/_ext/1468720089/remote_device_db_memory.o
 .debug_str       0x000484        0x14a build/default/production/_ext/1468720089/rfcomm.o
 .debug_str       0x0005ce         0x12 build/default/production/_ext/1468720089/run_loop.o
 .debug_str       0x0005e0          0xe build/default/production/_ext/1468720089/run_loop_embedded.o
 .debug_str       0x0005ee        0x169 build/default/production/_ext/1468720089/sdp.o
 .debug_str       0x000757        0x105 build/default/production/_ext/1468720089/sdp_util.o
 .debug_str       0x00085c          0xd build/default/production/_ext/1468720089/utils.o
 .debug_str       0x000869         0x27 build/default/production/_ext/2108356922/uart1.o
 .debug_str       0x000890        0x243 build/default/production/_ext/1360907413/usb_host.o
 .debug_str       0x000ad3         0x59 build/default/production/_ext/1360907413/usb_host_bluetooth.o
 .debug_str       0x000b2c        0x200 build/default/production/_ext/1472/main.o
 .debug_str       0x000d2c          0xa build/default/production/_ext/1472/xprintf.o
 .debug_str       0x000d36         0x23 build/default/production/_ext/1472/flash.o
 .debug_str       0x000d59         0x5a build/default/production/_ext/1472/dev_dragonrise.o
 .debug_str       0x000db3         0x5a build/default/production/_ext/1472/dev_elecom_u3312s.o
 .debug_str       0x000e0d         0x5a build/default/production/_ext/1472/dev_elecom_u3412s.o
 .debug_str       0x000e67         0x5a build/default/production/_ext/1472/dev_logicool_f710.o
 .debug_str       0x000ec1         0xd2 build/default/production/_ext/1472/dev_sony_ps3.o
 .debug_str       0x000f93         0x5a build/default/production/_ext/1472/dev_logicool_f510.o

.debug_loc
 *(.debug_loc)

.debug_macinfo
 *(.debug_macinfo)

.debug_pubnames
                  0x000000       0x29bd
 *(.debug_pubnames)
 .debug_pubnames
                  0x000000        0x2fb build/default/production/_ext/1468720089/btstack_memory.o
 .debug_pubnames
                  0x0002fb        0x347 build/default/production/_ext/1468720089/hci.o
 .debug_pubnames
                  0x000642        0x8d0 build/default/production/_ext/1468720089/hci_cmds.o
 .debug_pubnames
                  0x000f12         0x5c build/default/production/_ext/1468720089/hci_dump.o
 .debug_pubnames
                  0x000f6e         0x85 build/default/production/_ext/1468720089/hci_transport_picusb.o
 .debug_pubnames
                  0x000ff3        0x395 build/default/production/_ext/1468720089/l2cap.o
 .debug_pubnames
                  0x001388         0x83 build/default/production/_ext/1468720089/l2cap_signaling.o
 .debug_pubnames
                  0x00140b         0xbc build/default/production/_ext/1468720089/linked_list.o
 .debug_pubnames
                  0x0014c7         0x52 build/default/production/_ext/1468720089/memory_pool.o
 .debug_pubnames
                  0x001519         0x54 build/default/production/_ext/1468720089/remote_device_db_memory.o
 .debug_pubnames
                  0x00156d        0x26d build/default/production/_ext/1468720089/rfcomm.o
 .debug_pubnames
                  0x0017da         0xd3 build/default/production/_ext/1468720089/run_loop.o
 .debug_pubnames
                  0x0018ad        0x132 build/default/production/_ext/1468720089/run_loop_embedded.o
 .debug_pubnames
                  0x0019df        0x1b2 build/default/production/_ext/1468720089/sdp.o
 .debug_pubnames
                  0x001b91        0x317 build/default/production/_ext/1468720089/sdp_util.o
 .debug_pubnames
                  0x001ea8         0xca build/default/production/_ext/1468720089/utils.o
 .debug_pubnames
                  0x001f72         0x96 build/default/production/_ext/2108356922/uart1.o
 .debug_pubnames
                  0x002008        0x3e6 build/default/production/_ext/1360907413/usb_host.o
 .debug_pubnames
                  0x0023ee         0xf4 build/default/production/_ext/1360907413/usb_host_bluetooth.o
 .debug_pubnames
                  0x0024e2        0x1fc build/default/production/_ext/1472/main.o
 .debug_pubnames
                  0x0026de         0x33 build/default/production/_ext/1472/usb_config.o
 .debug_pubnames
                  0x002711         0x72 build/default/production/_ext/1472/xprintf.o
 .debug_pubnames
                  0x002783         0xf2 build/default/production/_ext/1472/flash.o
 .debug_pubnames
                  0x002875         0x25 build/default/production/_ext/1472/dev_dragonrise.o
 .debug_pubnames
                  0x00289a         0x28 build/default/production/_ext/1472/dev_elecom_u3312s.o
 .debug_pubnames
                  0x0028c2         0x28 build/default/production/_ext/1472/dev_elecom_u3412s.o
 .debug_pubnames
                  0x0028ea         0x28 build/default/production/_ext/1472/dev_logicool_f710.o
 .debug_pubnames
                  0x002912         0x57 build/default/production/_ext/1472/dev_sony_ps3.o
 .debug_pubnames
                  0x002969         0x28 build/default/production/_ext/1472/dev_logicool_f510.o
 .debug_pubnames
                  0x002991         0x2c build/default/production/_ext/1472/TimeDelay.o

.debug_ranges
 *(.debug_ranges)

.debug_aranges    0x000000        0x2b8
 *(.debug_aranges)
 .debug_aranges
                  0x000000         0x18 build/default/production/_ext/1468720089/btstack_memory.o
 .debug_aranges
                  0x000018         0x18 build/default/production/_ext/1468720089/hci.o
 .debug_aranges
                  0x000030         0x18 build/default/production/_ext/1468720089/hci_cmds.o
 .debug_aranges
                  0x000048         0x18 build/default/production/_ext/1468720089/hci_dump.o
 .debug_aranges
                  0x000060         0x18 build/default/production/_ext/1468720089/hci_transport_picusb.o
 .debug_aranges
                  0x000078         0x18 build/default/production/_ext/1468720089/l2cap.o
 .debug_aranges
                  0x000090         0x18 build/default/production/_ext/1468720089/l2cap_signaling.o
 .debug_aranges
                  0x0000a8         0x18 build/default/production/_ext/1468720089/linked_list.o
 .debug_aranges
                  0x0000c0         0x18 build/default/production/_ext/1468720089/memory_pool.o
 .debug_aranges
                  0x0000d8         0x18 build/default/production/_ext/1468720089/remote_device_db_memory.o
 .debug_aranges
                  0x0000f0         0x18 build/default/production/_ext/1468720089/rfcomm.o
 .debug_aranges
                  0x000108         0x18 build/default/production/_ext/1468720089/run_loop.o
 .debug_aranges
                  0x000120         0x18 build/default/production/_ext/1468720089/run_loop_embedded.o
 .debug_aranges
                  0x000138         0x18 build/default/production/_ext/1468720089/sdp.o
 .debug_aranges
                  0x000150         0x18 build/default/production/_ext/1468720089/sdp_util.o
 .debug_aranges
                  0x000168         0x18 build/default/production/_ext/1468720089/utils.o
 .debug_aranges
                  0x000180         0x18 build/default/production/_ext/2108356922/uart1.o
 .debug_aranges
                  0x000198         0x18 build/default/production/_ext/1360907413/usb_host.o
 .debug_aranges
                  0x0001b0         0x18 build/default/production/_ext/1360907413/usb_host_bluetooth.o
 .debug_aranges
                  0x0001c8         0x18 build/default/production/_ext/1472/main.o
 .debug_aranges
                  0x0001e0         0x18 build/default/production/_ext/1472/xprintf.o
 .debug_aranges
                  0x0001f8         0x18 build/default/production/_ext/1472/flash.o
 .debug_aranges
                  0x000210         0x18 build/default/production/_ext/1472/dev_dragonrise.o
 .debug_aranges
                  0x000228         0x18 build/default/production/_ext/1472/dev_elecom_u3312s.o
 .debug_aranges
                  0x000240         0x18 build/default/production/_ext/1472/dev_elecom_u3412s.o
 .debug_aranges
                  0x000258         0x18 build/default/production/_ext/1472/dev_logicool_f710.o
 .debug_aranges
                  0x000270         0x18 build/default/production/_ext/1472/dev_sony_ps3.o
 .debug_aranges
                  0x000288         0x18 build/default/production/_ext/1472/dev_logicool_f510.o
 .debug_aranges
                  0x0002a0         0x18 build/default/production/_ext/1472/TimeDelay.o

.ivt              0x000004         0xfc
                  0x000004          0x4 LONG 0x352 DEFINED (__ReservedTrap0)?ABSOLUTE (__ReservedTrap0):ABSOLUTE (__DefaultInterrupt)
                  0x000006          0x4 LONG 0x352 DEFINED (__OscillatorFail)?ABSOLUTE (__OscillatorFail):ABSOLUTE (__DefaultInterrupt)
                  0x000008          0x4 LONG 0x352 DEFINED (__AddressError)?ABSOLUTE (__AddressError):ABSOLUTE (__DefaultInterrupt)
                  0x00000a          0x4 LONG 0x352 DEFINED (__StackError)?ABSOLUTE (__StackError):ABSOLUTE (__DefaultInterrupt)
                  0x00000c          0x4 LONG 0x352 DEFINED (__MathError)?ABSOLUTE (__MathError):ABSOLUTE (__DefaultInterrupt)
                  0x00000e          0x4 LONG 0x352 DEFINED (__ReservedTrap5)?ABSOLUTE (__ReservedTrap5):ABSOLUTE (__DefaultInterrupt)
                  0x000010          0x4 LONG 0x352 DEFINED (__ReservedTrap6)?ABSOLUTE (__ReservedTrap6):ABSOLUTE (__DefaultInterrupt)
                  0x000012          0x4 LONG 0x352 DEFINED (__ReservedTrap7)?ABSOLUTE (__ReservedTrap7):ABSOLUTE (__DefaultInterrupt)
                  0x000014          0x4 LONG 0x352 DEFINED (__INT0Interrupt)?ABSOLUTE (__INT0Interrupt):ABSOLUTE (__DefaultInterrupt)
                  0x000016          0x4 LONG 0x352 DEFINED (__IC1Interrupt)?ABSOLUTE (__IC1Interrupt):ABSOLUTE (__DefaultInterrupt)
                  0x000018          0x4 LONG 0x352 DEFINED (__OC1Interrupt)?ABSOLUTE (__OC1Interrupt):ABSOLUTE (__DefaultInterrupt)
                  0x00001a          0x4 LONG 0x352 DEFINED (__T1Interrupt)?ABSOLUTE (__T1Interrupt):ABSOLUTE (__DefaultInterrupt)
                  0x00001c          0x4 LONG 0x352 DEFINED (__Interrupt4)?ABSOLUTE (__Interrupt4):ABSOLUTE (__DefaultInterrupt)
                  0x00001e          0x4 LONG 0x352 DEFINED (__IC2Interrupt)?ABSOLUTE (__IC2Interrupt):ABSOLUTE (__DefaultInterrupt)
                  0x000020          0x4 LONG 0x352 DEFINED (__OC2Interrupt)?ABSOLUTE (__OC2Interrupt):ABSOLUTE (__DefaultInterrupt)
                  0x000022          0x4 LONG 0x352 DEFINED (__T2Interrupt)?ABSOLUTE (__T2Interrupt):ABSOLUTE (__DefaultInterrupt)
                  0x000024          0x4 LONG 0x352 DEFINED (__T3Interrupt)?ABSOLUTE (__T3Interrupt):ABSOLUTE (__DefaultInterrupt)
                  0x000026          0x4 LONG 0x352 DEFINED (__SPI1ErrInterrupt)?ABSOLUTE (__SPI1ErrInterrupt):ABSOLUTE (__DefaultInterrupt)
                  0x000028          0x4 LONG 0x352 DEFINED (__SPI1Interrupt)?ABSOLUTE (__SPI1Interrupt):ABSOLUTE (__DefaultInterrupt)
                  0x00002a          0x4 LONG 0x793e DEFINED (__U1RXInterrupt)?ABSOLUTE (__U1RXInterrupt):ABSOLUTE (__DefaultInterrupt)
                  0x00002c          0x4 LONG 0x797c DEFINED (__U1TXInterrupt)?ABSOLUTE (__U1TXInterrupt):ABSOLUTE (__DefaultInterrupt)
                  0x00002e          0x4 LONG 0x352 DEFINED (__ADC1Interrupt)?ABSOLUTE (__ADC1Interrupt):ABSOLUTE (__DefaultInterrupt)
                  0x000030          0x4 LONG 0x352 DEFINED (__Interrupt14)?ABSOLUTE (__Interrupt14):ABSOLUTE (__DefaultInterrupt)
                  0x000032          0x4 LONG 0x352 DEFINED (__Interrupt15)?ABSOLUTE (__Interrupt15):ABSOLUTE (__DefaultInterrupt)
                  0x000034          0x4 LONG 0x352 DEFINED (__SI2C1Interrupt)?ABSOLUTE (__SI2C1Interrupt):ABSOLUTE (__DefaultInterrupt)
                  0x000036          0x4 LONG 0x352 DEFINED (__MI2C1Interrupt)?ABSOLUTE (__MI2C1Interrupt):ABSOLUTE (__DefaultInterrupt)
                  0x000038          0x4 LONG 0x352 DEFINED (__CompInterrupt)?ABSOLUTE (__CompInterrupt):ABSOLUTE (__DefaultInterrupt)
                  0x00003a          0x4 LONG 0x352 DEFINED (__CNInterrupt)?ABSOLUTE (__CNInterrupt):ABSOLUTE (__DefaultInterrupt)
                  0x00003c          0x4 LONG 0x352 DEFINED (__INT1Interrupt)?ABSOLUTE (__INT1Interrupt):ABSOLUTE (__DefaultInterrupt)
                  0x00003e          0x4 LONG 0x352 DEFINED (__Interrupt21)?ABSOLUTE (__Interrupt21):ABSOLUTE (__DefaultInterrupt)
                  0x000040          0x4 LONG 0x352 DEFINED (__Interrupt22)?ABSOLUTE (__Interrupt22):ABSOLUTE (__DefaultInterrupt)
                  0x000042          0x4 LONG 0x352 DEFINED (__Interrupt23)?ABSOLUTE (__Interrupt23):ABSOLUTE (__DefaultInterrupt)
                  0x000044          0x4 LONG 0x352 DEFINED (__Interrupt24)?ABSOLUTE (__Interrupt24):ABSOLUTE (__DefaultInterrupt)
                  0x000046          0x4 LONG 0x352 DEFINED (__OC3Interrupt)?ABSOLUTE (__OC3Interrupt):ABSOLUTE (__DefaultInterrupt)
                  0x000048          0x4 LONG 0x352 DEFINED (__OC4Interrupt)?ABSOLUTE (__OC4Interrupt):ABSOLUTE (__DefaultInterrupt)
                  0x00004a          0x4 LONG 0x352 DEFINED (__T4Interrupt)?ABSOLUTE (__T4Interrupt):ABSOLUTE (__DefaultInterrupt)
                  0x00004c          0x4 LONG 0x352 DEFINED (__T5Interrupt)?ABSOLUTE (__T5Interrupt):ABSOLUTE (__DefaultInterrupt)
                  0x00004e          0x4 LONG 0x352 DEFINED (__INT2Interrupt)?ABSOLUTE (__INT2Interrupt):ABSOLUTE (__DefaultInterrupt)
                  0x000050          0x4 LONG 0x352 DEFINED (__U2RXInterrupt)?ABSOLUTE (__U2RXInterrupt):ABSOLUTE (__DefaultInterrupt)
                  0x000052          0x4 LONG 0x352 DEFINED (__U2TXInterrupt)?ABSOLUTE (__U2TXInterrupt):ABSOLUTE (__DefaultInterrupt)
                  0x000054          0x4 LONG 0x352 DEFINED (__SPI2ErrInterrupt)?ABSOLUTE (__SPI2ErrInterrupt):ABSOLUTE (__DefaultInterrupt)
                  0x000056          0x4 LONG 0x352 DEFINED (__SPI2Interrupt)?ABSOLUTE (__SPI2Interrupt):ABSOLUTE (__DefaultInterrupt)
                  0x000058          0x4 LONG 0x352 DEFINED (__Interrupt34)?ABSOLUTE (__Interrupt34):ABSOLUTE (__DefaultInterrupt)
                  0x00005a          0x4 LONG 0x352 DEFINED (__Interrupt35)?ABSOLUTE (__Interrupt35):ABSOLUTE (__DefaultInterrupt)
                  0x00005c          0x4 LONG 0x352 DEFINED (__Interrupt36)?ABSOLUTE (__Interrupt36):ABSOLUTE (__DefaultInterrupt)
                  0x00005e          0x4 LONG 0x352 DEFINED (__IC3Interrupt)?ABSOLUTE (__IC3Interrupt):ABSOLUTE (__DefaultInterrupt)
                  0x000060          0x4 LONG 0x352 DEFINED (__IC4Interrupt)?ABSOLUTE (__IC4Interrupt):ABSOLUTE (__DefaultInterrupt)
                  0x000062          0x4 LONG 0x352 DEFINED (__IC5Interrupt)?ABSOLUTE (__IC5Interrupt):ABSOLUTE (__DefaultInterrupt)
                  0x000064          0x4 LONG 0x352 DEFINED (__Interrupt40)?ABSOLUTE (__Interrupt40):ABSOLUTE (__DefaultInterrupt)
                  0x000066          0x4 LONG 0x352 DEFINED (__OC5Interrupt)?ABSOLUTE (__OC5Interrupt):ABSOLUTE (__DefaultInterrupt)
                  0x000068          0x4 LONG 0x352 DEFINED (__Interrupt42)?ABSOLUTE (__Interrupt42):ABSOLUTE (__DefaultInterrupt)
                  0x00006a          0x4 LONG 0x352 DEFINED (__Interrupt43)?ABSOLUTE (__Interrupt43):ABSOLUTE (__DefaultInterrupt)
                  0x00006c          0x4 LONG 0x352 DEFINED (__Interrupt44)?ABSOLUTE (__Interrupt44):ABSOLUTE (__DefaultInterrupt)
                  0x00006e          0x4 LONG 0x352 DEFINED (__PMPInterrupt)?ABSOLUTE (__PMPInterrupt):ABSOLUTE (__DefaultInterrupt)
                  0x000070          0x4 LONG 0x352 DEFINED (__Interrupt46)?ABSOLUTE (__Interrupt46):ABSOLUTE (__DefaultInterrupt)
                  0x000072          0x4 LONG 0x352 DEFINED (__Interrupt47)?ABSOLUTE (__Interrupt47):ABSOLUTE (__DefaultInterrupt)
                  0x000074          0x4 LONG 0x352 DEFINED (__Interrupt48)?ABSOLUTE (__Interrupt48):ABSOLUTE (__DefaultInterrupt)
                  0x000076          0x4 LONG 0x352 DEFINED (__SI2C2Interrupt)?ABSOLUTE (__SI2C2Interrupt):ABSOLUTE (__DefaultInterrupt)
                  0x000078          0x4 LONG 0x352 DEFINED (__MI2C2Interrupt)?ABSOLUTE (__MI2C2Interrupt):ABSOLUTE (__DefaultInterrupt)
                  0x00007a          0x4 LONG 0x352 DEFINED (__Interrupt51)?ABSOLUTE (__Interrupt51):ABSOLUTE (__DefaultInterrupt)
                  0x00007c          0x4 LONG 0x352 DEFINED (__Interrupt52)?ABSOLUTE (__Interrupt52):ABSOLUTE (__DefaultInterrupt)
                  0x00007e          0x4 LONG 0x352 DEFINED (__Interrupt53)?ABSOLUTE (__Interrupt53):ABSOLUTE (__DefaultInterrupt)
                  0x000080          0x4 LONG 0x352 DEFINED (__Interrupt54)?ABSOLUTE (__Interrupt54):ABSOLUTE (__DefaultInterrupt)
                  0x000082          0x4 LONG 0x352 DEFINED (__Interrupt55)?ABSOLUTE (__Interrupt55):ABSOLUTE (__DefaultInterrupt)
                  0x000084          0x4 LONG 0x352 DEFINED (__Interrupt56)?ABSOLUTE (__Interrupt56):ABSOLUTE (__DefaultInterrupt)
                  0x000086          0x4 LONG 0x352 DEFINED (__Interrupt57)?ABSOLUTE (__Interrupt57):ABSOLUTE (__DefaultInterrupt)
                  0x000088          0x4 LONG 0x352 DEFINED (__Interrupt58)?ABSOLUTE (__Interrupt58):ABSOLUTE (__DefaultInterrupt)
                  0x00008a          0x4 LONG 0x352 DEFINED (__Interrupt59)?ABSOLUTE (__Interrupt59):ABSOLUTE (__DefaultInterrupt)
                  0x00008c          0x4 LONG 0x352 DEFINED (__Interrupt60)?ABSOLUTE (__Interrupt60):ABSOLUTE (__DefaultInterrupt)
                  0x00008e          0x4 LONG 0x352 DEFINED (__Interrupt61)?ABSOLUTE (__Interrupt61):ABSOLUTE (__DefaultInterrupt)
                  0x000090          0x4 LONG 0x352 DEFINED (__RTCCInterrupt)?ABSOLUTE (__RTCCInterrupt):ABSOLUTE (__DefaultInterrupt)
                  0x000092          0x4 LONG 0x352 DEFINED (__Interrupt63)?ABSOLUTE (__Interrupt63):ABSOLUTE (__DefaultInterrupt)
                  0x000094          0x4 LONG 0x352 DEFINED (__Interrupt64)?ABSOLUTE (__Interrupt64):ABSOLUTE (__DefaultInterrupt)
                  0x000096          0x4 LONG 0x352 DEFINED (__U1ErrInterrupt)?ABSOLUTE (__U1ErrInterrupt):ABSOLUTE (__DefaultInterrupt)
                  0x000098          0x4 LONG 0x352 DEFINED (__U2ErrInterrupt)?ABSOLUTE (__U2ErrInterrupt):ABSOLUTE (__DefaultInterrupt)
                  0x00009a          0x4 LONG 0x352 DEFINED (__CRCInterrupt)?ABSOLUTE (__CRCInterrupt):ABSOLUTE (__DefaultInterrupt)
                  0x00009c          0x4 LONG 0x352 DEFINED (__Interrupt68)?ABSOLUTE (__Interrupt68):ABSOLUTE (__DefaultInterrupt)
                  0x00009e          0x4 LONG 0x352 DEFINED (__Interrupt69)?ABSOLUTE (__Interrupt69):ABSOLUTE (__DefaultInterrupt)
                  0x0000a0          0x4 LONG 0x352 DEFINED (__Interrupt70)?ABSOLUTE (__Interrupt70):ABSOLUTE (__DefaultInterrupt)
                  0x0000a2          0x4 LONG 0x352 DEFINED (__Interrupt71)?ABSOLUTE (__Interrupt71):ABSOLUTE (__DefaultInterrupt)
                  0x0000a4          0x4 LONG 0x352 DEFINED (__LVDInterrupt)?ABSOLUTE (__LVDInterrupt):ABSOLUTE (__DefaultInterrupt)
                  0x0000a6          0x4 LONG 0x352 DEFINED (__Interrupt73)?ABSOLUTE (__Interrupt73):ABSOLUTE (__DefaultInterrupt)
                  0x0000a8          0x4 LONG 0x352 DEFINED (__Interrupt74)?ABSOLUTE (__Interrupt74):ABSOLUTE (__DefaultInterrupt)
                  0x0000aa          0x4 LONG 0x352 DEFINED (__Interrupt75)?ABSOLUTE (__Interrupt75):ABSOLUTE (__DefaultInterrupt)
                  0x0000ac          0x4 LONG 0x352 DEFINED (__Interrupt76)?ABSOLUTE (__Interrupt76):ABSOLUTE (__DefaultInterrupt)
                  0x0000ae          0x4 LONG 0x352 DEFINED (__CTMUInterrupt)?ABSOLUTE (__CTMUInterrupt):ABSOLUTE (__DefaultInterrupt)
                  0x0000b0          0x4 LONG 0x352 DEFINED (__Interrupt78)?ABSOLUTE (__Interrupt78):ABSOLUTE (__DefaultInterrupt)
                  0x0000b2          0x4 LONG 0x352 DEFINED (__Interrupt79)?ABSOLUTE (__Interrupt79):ABSOLUTE (__DefaultInterrupt)
                  0x0000b4          0x4 LONG 0x352 DEFINED (__Interrupt80)?ABSOLUTE (__Interrupt80):ABSOLUTE (__DefaultInterrupt)
                  0x0000b6          0x4 LONG 0x352 DEFINED (__Interrupt81)?ABSOLUTE (__Interrupt81):ABSOLUTE (__DefaultInterrupt)
                  0x0000b8          0x4 LONG 0x352 DEFINED (__Interrupt82)?ABSOLUTE (__Interrupt82):ABSOLUTE (__DefaultInterrupt)
                  0x0000ba          0x4 LONG 0x352 DEFINED (__Interrupt83)?ABSOLUTE (__Interrupt83):ABSOLUTE (__DefaultInterrupt)
                  0x0000bc          0x4 LONG 0x352 DEFINED (__Interrupt84)?ABSOLUTE (__Interrupt84):ABSOLUTE (__DefaultInterrupt)
                  0x0000be          0x4 LONG 0x352 DEFINED (__Interrupt85)?ABSOLUTE (__Interrupt85):ABSOLUTE (__DefaultInterrupt)
                  0x0000c0          0x4 LONG 0x28c8 DEFINED (__USB1Interrupt)?ABSOLUTE (__USB1Interrupt):ABSOLUTE (__DefaultInterrupt)
                  0x0000c2          0x4 LONG 0x352 DEFINED (__Interrupt87)?ABSOLUTE (__Interrupt87):ABSOLUTE (__DefaultInterrupt)
                  0x0000c4          0x4 LONG 0x352 DEFINED (__Interrupt88)?ABSOLUTE (__Interrupt88):ABSOLUTE (__DefaultInterrupt)
                  0x0000c6          0x4 LONG 0x352 DEFINED (__Interrupt89)?ABSOLUTE (__Interrupt89):ABSOLUTE (__DefaultInterrupt)
                  0x0000c8          0x4 LONG 0x352 DEFINED (__Interrupt90)?ABSOLUTE (__Interrupt90):ABSOLUTE (__DefaultInterrupt)
                  0x0000ca          0x4 LONG 0x352 DEFINED (__Interrupt91)?ABSOLUTE (__Interrupt91):ABSOLUTE (__DefaultInterrupt)
                  0x0000cc          0x4 LONG 0x352 DEFINED (__Interrupt92)?ABSOLUTE (__Interrupt92):ABSOLUTE (__DefaultInterrupt)
                  0x0000ce          0x4 LONG 0x352 DEFINED (__Interrupt93)?ABSOLUTE (__Interrupt93):ABSOLUTE (__DefaultInterrupt)
                  0x0000d0          0x4 LONG 0x352 DEFINED (__Interrupt94)?ABSOLUTE (__Interrupt94):ABSOLUTE (__DefaultInterrupt)
                  0x0000d2          0x4 LONG 0x352 DEFINED (__Interrupt95)?ABSOLUTE (__Interrupt95):ABSOLUTE (__DefaultInterrupt)
                  0x0000d4          0x4 LONG 0x352 DEFINED (__Interrupt96)?ABSOLUTE (__Interrupt96):ABSOLUTE (__DefaultInterrupt)
                  0x0000d6          0x4 LONG 0x352 DEFINED (__Interrupt97)?ABSOLUTE (__Interrupt97):ABSOLUTE (__DefaultInterrupt)
                  0x0000d8          0x4 LONG 0x352 DEFINED (__Interrupt98)?ABSOLUTE (__Interrupt98):ABSOLUTE (__DefaultInterrupt)
                  0x0000da          0x4 LONG 0x352 DEFINED (__Interrupt99)?ABSOLUTE (__Interrupt99):ABSOLUTE (__DefaultInterrupt)
                  0x0000dc          0x4 LONG 0x352 DEFINED (__Interrupt100)?ABSOLUTE (__Interrupt100):ABSOLUTE (__DefaultInterrupt)
                  0x0000de          0x4 LONG 0x352 DEFINED (__Interrupt101)?ABSOLUTE (__Interrupt101):ABSOLUTE (__DefaultInterrupt)
                  0x0000e0          0x4 LONG 0x352 DEFINED (__Interrupt102)?ABSOLUTE (__Interrupt102):ABSOLUTE (__DefaultInterrupt)
                  0x0000e2          0x4 LONG 0x352 DEFINED (__Interrupt103)?ABSOLUTE (__Interrupt103):ABSOLUTE (__DefaultInterrupt)
                  0x0000e4          0x4 LONG 0x352 DEFINED (__Interrupt104)?ABSOLUTE (__Interrupt104):ABSOLUTE (__DefaultInterrupt)
                  0x0000e6          0x4 LONG 0x352 DEFINED (__Interrupt105)?ABSOLUTE (__Interrupt105):ABSOLUTE (__DefaultInterrupt)
                  0x0000e8          0x4 LONG 0x352 DEFINED (__Interrupt106)?ABSOLUTE (__Interrupt106):ABSOLUTE (__DefaultInterrupt)
                  0x0000ea          0x4 LONG 0x352 DEFINED (__Interrupt107)?ABSOLUTE (__Interrupt107):ABSOLUTE (__DefaultInterrupt)
                  0x0000ec          0x4 LONG 0x352 DEFINED (__Interrupt108)?ABSOLUTE (__Interrupt108):ABSOLUTE (__DefaultInterrupt)
                  0x0000ee          0x4 LONG 0x352 DEFINED (__Interrupt109)?ABSOLUTE (__Interrupt109):ABSOLUTE (__DefaultInterrupt)
                  0x0000f0          0x4 LONG 0x352 DEFINED (__Interrupt110)?ABSOLUTE (__Interrupt110):ABSOLUTE (__DefaultInterrupt)
                  0x0000f2          0x4 LONG 0x352 DEFINED (__Interrupt111)?ABSOLUTE (__Interrupt111):ABSOLUTE (__DefaultInterrupt)
                  0x0000f4          0x4 LONG 0x352 DEFINED (__Interrupt112)?ABSOLUTE (__Interrupt112):ABSOLUTE (__DefaultInterrupt)
                  0x0000f6          0x4 LONG 0x352 DEFINED (__Interrupt113)?ABSOLUTE (__Interrupt113):ABSOLUTE (__DefaultInterrupt)
                  0x0000f8          0x4 LONG 0x352 DEFINED (__Interrupt114)?ABSOLUTE (__Interrupt114):ABSOLUTE (__DefaultInterrupt)
                  0x0000fa          0x4 LONG 0x352 DEFINED (__Interrupt115)?ABSOLUTE (__Interrupt115):ABSOLUTE (__DefaultInterrupt)
                  0x0000fc          0x4 LONG 0x352 DEFINED (__Interrupt116)?ABSOLUTE (__Interrupt116):ABSOLUTE (__DefaultInterrupt)
                  0x0000fe          0x4 LONG 0x352 DEFINED (__Interrupt117)?ABSOLUTE (__Interrupt117):ABSOLUTE (__DefaultInterrupt)

.aivt             0x000104         0xfc
                  0x000104          0x4 LONG 0x352 DEFINED (__AltReservedTrap0)?ABSOLUTE (__AltReservedTrap0):DEFINED (__ReservedTrap0)?ABSOLUTE (__ReservedTrap0):ABSOLUTE (__DefaultInterrupt)
                  0x000106          0x4 LONG 0x352 DEFINED (__AltOscillatorFail)?ABSOLUTE (__AltOscillatorFail):DEFINED (__OscillatorFail)?ABSOLUTE (__OscillatorFail):ABSOLUTE (__DefaultInterrupt)
                  0x000108          0x4 LONG 0x352 DEFINED (__AltAddressError)?ABSOLUTE (__AltAddressError):DEFINED (__AddressError)?ABSOLUTE (__AddressError):ABSOLUTE (__DefaultInterrupt)
                  0x00010a          0x4 LONG 0x352 DEFINED (__AltStackError)?ABSOLUTE (__AltStackError):DEFINED (__StackError)?ABSOLUTE (__StackError):ABSOLUTE (__DefaultInterrupt)
                  0x00010c          0x4 LONG 0x352 DEFINED (__AltMathError)?ABSOLUTE (__AltMathError):DEFINED (__MathError)?ABSOLUTE (__MathError):ABSOLUTE (__DefaultInterrupt)
                  0x00010e          0x4 LONG 0x352 DEFINED (__AltReservedTrap5)?ABSOLUTE (__AltReservedTrap5):DEFINED (__ReservedTrap5)?ABSOLUTE (__ReservedTrap5):ABSOLUTE (__DefaultInterrupt)
                  0x000110          0x4 LONG 0x352 DEFINED (__AltReservedTrap6)?ABSOLUTE (__AltReservedTrap6):DEFINED (__ReservedTrap6)?ABSOLUTE (__ReservedTrap6):ABSOLUTE (__DefaultInterrupt)
                  0x000112          0x4 LONG 0x352 DEFINED (__AltReservedTrap7)?ABSOLUTE (__AltReservedTrap7):DEFINED (__ReservedTrap7)?ABSOLUTE (__ReservedTrap7):ABSOLUTE (__DefaultInterrupt)
                  0x000114          0x4 LONG 0x352 DEFINED (__AltINT0Interrupt)?ABSOLUTE (__AltINT0Interrupt):DEFINED (__INT0Interrupt)?ABSOLUTE (__INT0Interrupt):ABSOLUTE (__DefaultInterrupt)
                  0x000116          0x4 LONG 0x352 DEFINED (__AltIC1Interrupt)?ABSOLUTE (__AltIC1Interrupt):DEFINED (__IC1Interrupt)?ABSOLUTE (__IC1Interrupt):ABSOLUTE (__DefaultInterrupt)
                  0x000118          0x4 LONG 0x352 DEFINED (__AltOC1Interrupt)?ABSOLUTE (__AltOC1Interrupt):DEFINED (__OC1Interrupt)?ABSOLUTE (__OC1Interrupt):ABSOLUTE (__DefaultInterrupt)
                  0x00011a          0x4 LONG 0x352 DEFINED (__AltT1Interrupt)?ABSOLUTE (__AltT1Interrupt):DEFINED (__T1Interrupt)?ABSOLUTE (__T1Interrupt):ABSOLUTE (__DefaultInterrupt)
                  0x00011c          0x4 LONG 0x352 DEFINED (__AltInterrupt4)?ABSOLUTE (__AltInterrupt4):DEFINED (__Interrupt4)?ABSOLUTE (__Interrupt4):ABSOLUTE (__DefaultInterrupt)
                  0x00011e          0x4 LONG 0x352 DEFINED (__AltIC2Interrupt)?ABSOLUTE (__AltIC2Interrupt):DEFINED (__IC2Interrupt)?ABSOLUTE (__IC2Interrupt):ABSOLUTE (__DefaultInterrupt)
                  0x000120          0x4 LONG 0x352 DEFINED (__AltOC2Interrupt)?ABSOLUTE (__AltOC2Interrupt):DEFINED (__OC2Interrupt)?ABSOLUTE (__OC2Interrupt):ABSOLUTE (__DefaultInterrupt)
                  0x000122          0x4 LONG 0x352 DEFINED (__AltT2Interrupt)?ABSOLUTE (__AltT2Interrupt):DEFINED (__T2Interrupt)?ABSOLUTE (__T2Interrupt):ABSOLUTE (__DefaultInterrupt)
                  0x000124          0x4 LONG 0x352 DEFINED (__AltT3Interrupt)?ABSOLUTE (__AltT3Interrupt):DEFINED (__T3Interrupt)?ABSOLUTE (__T3Interrupt):ABSOLUTE (__DefaultInterrupt)
                  0x000126          0x4 LONG 0x352 DEFINED (__AltSPI1ErrInterrupt)?ABSOLUTE (__AltSPI1ErrInterrupt):DEFINED (__SPI1ErrInterrupt)?ABSOLUTE (__SPI1ErrInterrupt):ABSOLUTE (__DefaultInterrupt)
                  0x000128          0x4 LONG 0x352 DEFINED (__AltSPI1Interrupt)?ABSOLUTE (__AltSPI1Interrupt):DEFINED (__SPI1Interrupt)?ABSOLUTE (__SPI1Interrupt):ABSOLUTE (__DefaultInterrupt)
                  0x00012a          0x4 LONG 0x793e DEFINED (__AltU1RXInterrupt)?ABSOLUTE (__AltU1RXInterrupt):DEFINED (__U1RXInterrupt)?ABSOLUTE (__U1RXInterrupt):ABSOLUTE (__DefaultInterrupt)
                  0x00012c          0x4 LONG 0x797c DEFINED (__AltU1TXInterrupt)?ABSOLUTE (__AltU1TXInterrupt):DEFINED (__U1TXInterrupt)?ABSOLUTE (__U1TXInterrupt):ABSOLUTE (__DefaultInterrupt)
                  0x00012e          0x4 LONG 0x352 DEFINED (__AltADC1Interrupt)?ABSOLUTE (__AltADC1Interrupt):DEFINED (__ADC1Interrupt)?ABSOLUTE (__ADC1Interrupt):ABSOLUTE (__DefaultInterrupt)
                  0x000130          0x4 LONG 0x352 DEFINED (__AltInterrupt14)?ABSOLUTE (__AltInterrupt14):DEFINED (__Interrupt14)?ABSOLUTE (__Interrupt14):ABSOLUTE (__DefaultInterrupt)
                  0x000132          0x4 LONG 0x352 DEFINED (__AltInterrupt15)?ABSOLUTE (__AltInterrupt15):DEFINED (__Interrupt15)?ABSOLUTE (__Interrupt15):ABSOLUTE (__DefaultInterrupt)
                  0x000134          0x4 LONG 0x352 DEFINED (__AltSI2C1Interrupt)?ABSOLUTE (__AltSI2C1Interrupt):DEFINED (__SI2C1Interrupt)?ABSOLUTE (__SI2C1Interrupt):ABSOLUTE (__DefaultInterrupt)
                  0x000136          0x4 LONG 0x352 DEFINED (__AltMI2C1Interrupt)?ABSOLUTE (__AltMI2C1Interrupt):DEFINED (__MI2C1Interrupt)?ABSOLUTE (__MI2C1Interrupt):ABSOLUTE (__DefaultInterrupt)
                  0x000138          0x4 LONG 0x352 DEFINED (__AltCompInterrupt)?ABSOLUTE (__AltCompInterrupt):DEFINED (__CompInterrupt)?ABSOLUTE (__CompInterrupt):ABSOLUTE (__DefaultInterrupt)
                  0x00013a          0x4 LONG 0x352 DEFINED (__AltCNInterrupt)?ABSOLUTE (__AltCNInterrupt):DEFINED (__CNInterrupt)?ABSOLUTE (__CNInterrupt):ABSOLUTE (__DefaultInterrupt)
                  0x00013c          0x4 LONG 0x352 DEFINED (__AltINT1Interrupt)?ABSOLUTE (__AltINT1Interrupt):DEFINED (__INT1Interrupt)?ABSOLUTE (__INT1Interrupt):ABSOLUTE (__DefaultInterrupt)
                  0x00013e          0x4 LONG 0x352 DEFINED (__AltInterrupt21)?ABSOLUTE (__AltInterrupt21):DEFINED (__Interrupt21)?ABSOLUTE (__Interrupt21):ABSOLUTE (__DefaultInterrupt)
                  0x000140          0x4 LONG 0x352 DEFINED (__AltInterrupt22)?ABSOLUTE (__AltInterrupt22):DEFINED (__Interrupt22)?ABSOLUTE (__Interrupt22):ABSOLUTE (__DefaultInterrupt)
                  0x000142          0x4 LONG 0x352 DEFINED (__AltInterrupt23)?ABSOLUTE (__AltInterrupt23):DEFINED (__Interrupt23)?ABSOLUTE (__Interrupt23):ABSOLUTE (__DefaultInterrupt)
                  0x000144          0x4 LONG 0x352 DEFINED (__AltInterrupt24)?ABSOLUTE (__AltInterrupt24):DEFINED (__Interrupt24)?ABSOLUTE (__Interrupt24):ABSOLUTE (__DefaultInterrupt)
                  0x000146          0x4 LONG 0x352 DEFINED (__AltOC3Interrupt)?ABSOLUTE (__AltOC3Interrupt):DEFINED (__OC3Interrupt)?ABSOLUTE (__OC3Interrupt):ABSOLUTE (__DefaultInterrupt)
                  0x000148          0x4 LONG 0x352 DEFINED (__AltOC4Interrupt)?ABSOLUTE (__AltOC4Interrupt):DEFINED (__OC4Interrupt)?ABSOLUTE (__OC4Interrupt):ABSOLUTE (__DefaultInterrupt)
                  0x00014a          0x4 LONG 0x352 DEFINED (__AltT4Interrupt)?ABSOLUTE (__AltT4Interrupt):DEFINED (__T4Interrupt)?ABSOLUTE (__T4Interrupt):ABSOLUTE (__DefaultInterrupt)
                  0x00014c          0x4 LONG 0x352 DEFINED (__AltT5Interrupt)?ABSOLUTE (__AltT5Interrupt):DEFINED (__T5Interrupt)?ABSOLUTE (__T5Interrupt):ABSOLUTE (__DefaultInterrupt)
                  0x00014e          0x4 LONG 0x352 DEFINED (__AltINT2Interrupt)?ABSOLUTE (__AltINT2Interrupt):DEFINED (__INT2Interrupt)?ABSOLUTE (__INT2Interrupt):ABSOLUTE (__DefaultInterrupt)
                  0x000150          0x4 LONG 0x352 DEFINED (__AltU2RXInterrupt)?ABSOLUTE (__AltU2RXInterrupt):DEFINED (__U2RXInterrupt)?ABSOLUTE (__U2RXInterrupt):ABSOLUTE (__DefaultInterrupt)
                  0x000152          0x4 LONG 0x352 DEFINED (__AltU2TXInterrupt)?ABSOLUTE (__AltU2TXInterrupt):DEFINED (__U2TXInterrupt)?ABSOLUTE (__U2TXInterrupt):ABSOLUTE (__DefaultInterrupt)
                  0x000154          0x4 LONG 0x352 DEFINED (__AltSPI2ErrInterrupt)?ABSOLUTE (__AltSPI2ErrInterrupt):DEFINED (__SPI2ErrInterrupt)?ABSOLUTE (__SPI2ErrInterrupt):ABSOLUTE (__DefaultInterrupt)
                  0x000156          0x4 LONG 0x352 DEFINED (__AltSPI2Interrupt)?ABSOLUTE (__AltSPI2Interrupt):DEFINED (__SPI2Interrupt)?ABSOLUTE (__SPI2Interrupt):ABSOLUTE (__DefaultInterrupt)
                  0x000158          0x4 LONG 0x352 DEFINED (__AltInterrupt34)?ABSOLUTE (__AltInterrupt34):DEFINED (__Interrupt34)?ABSOLUTE (__Interrupt34):ABSOLUTE (__DefaultInterrupt)
                  0x00015a          0x4 LONG 0x352 DEFINED (__AltInterrupt35)?ABSOLUTE (__AltInterrupt35):DEFINED (__Interrupt35)?ABSOLUTE (__Interrupt35):ABSOLUTE (__DefaultInterrupt)
                  0x00015c          0x4 LONG 0x352 DEFINED (__AltInterrupt36)?ABSOLUTE (__AltInterrupt36):DEFINED (__Interrupt36)?ABSOLUTE (__Interrupt36):ABSOLUTE (__DefaultInterrupt)
                  0x00015e          0x4 LONG 0x352 DEFINED (__AltIC3Interrupt)?ABSOLUTE (__AltIC3Interrupt):DEFINED (__IC3Interrupt)?ABSOLUTE (__IC3Interrupt):ABSOLUTE (__DefaultInterrupt)
                  0x000160          0x4 LONG 0x352 DEFINED (__AltIC4Interrupt)?ABSOLUTE (__AltIC4Interrupt):DEFINED (__IC4Interrupt)?ABSOLUTE (__IC4Interrupt):ABSOLUTE (__DefaultInterrupt)
                  0x000162          0x4 LONG 0x352 DEFINED (__AltIC5Interrupt)?ABSOLUTE (__AltIC5Interrupt):DEFINED (__IC5Interrupt)?ABSOLUTE (__IC5Interrupt):ABSOLUTE (__DefaultInterrupt)
                  0x000164          0x4 LONG 0x352 DEFINED (__AltInterrupt40)?ABSOLUTE (__AltInterrupt40):DEFINED (__Interrupt40)?ABSOLUTE (__Interrupt40):ABSOLUTE (__DefaultInterrupt)
                  0x000166          0x4 LONG 0x352 DEFINED (__AltOC5Interrupt)?ABSOLUTE (__AltOC5Interrupt):DEFINED (__OC5Interrupt)?ABSOLUTE (__OC5Interrupt):ABSOLUTE (__DefaultInterrupt)
                  0x000168          0x4 LONG 0x352 DEFINED (__AltInterrupt42)?ABSOLUTE (__AltInterrupt42):DEFINED (__Interrupt42)?ABSOLUTE (__Interrupt42):ABSOLUTE (__DefaultInterrupt)
                  0x00016a          0x4 LONG 0x352 DEFINED (__AltInterrupt43)?ABSOLUTE (__AltInterrupt43):DEFINED (__Interrupt43)?ABSOLUTE (__Interrupt43):ABSOLUTE (__DefaultInterrupt)
                  0x00016c          0x4 LONG 0x352 DEFINED (__AltInterrupt44)?ABSOLUTE (__AltInterrupt44):DEFINED (__Interrupt44)?ABSOLUTE (__Interrupt44):ABSOLUTE (__DefaultInterrupt)
                  0x00016e          0x4 LONG 0x352 DEFINED (__AltPMPInterrupt)?ABSOLUTE (__AltPMPInterrupt):DEFINED (__PMPInterrupt)?ABSOLUTE (__PMPInterrupt):ABSOLUTE (__DefaultInterrupt)
                  0x000170          0x4 LONG 0x352 DEFINED (__AltInterrupt46)?ABSOLUTE (__AltInterrupt46):DEFINED (__Interrupt46)?ABSOLUTE (__Interrupt46):ABSOLUTE (__DefaultInterrupt)
                  0x000172          0x4 LONG 0x352 DEFINED (__AltInterrupt47)?ABSOLUTE (__AltInterrupt47):DEFINED (__Interrupt47)?ABSOLUTE (__Interrupt47):ABSOLUTE (__DefaultInterrupt)
                  0x000174          0x4 LONG 0x352 DEFINED (__AltInterrupt48)?ABSOLUTE (__AltInterrupt48):DEFINED (__Interrupt48)?ABSOLUTE (__Interrupt48):ABSOLUTE (__DefaultInterrupt)
                  0x000176          0x4 LONG 0x352 DEFINED (__AltSI2C2Interrupt)?ABSOLUTE (__AltSI2C2Interrupt):DEFINED (__SI2C2Interrupt)?ABSOLUTE (__SI2C2Interrupt):ABSOLUTE (__DefaultInterrupt)
                  0x000178          0x4 LONG 0x352 DEFINED (__AltMI2C2Interrupt)?ABSOLUTE (__AltMI2C2Interrupt):DEFINED (__MI2C2Interrupt)?ABSOLUTE (__MI2C2Interrupt):ABSOLUTE (__DefaultInterrupt)
                  0x00017a          0x4 LONG 0x352 DEFINED (__AltInterrupt51)?ABSOLUTE (__AltInterrupt51):DEFINED (__Interrupt51)?ABSOLUTE (__Interrupt51):ABSOLUTE (__DefaultInterrupt)
                  0x00017c          0x4 LONG 0x352 DEFINED (__AltInterrupt52)?ABSOLUTE (__AltInterrupt52):DEFINED (__Interrupt52)?ABSOLUTE (__Interrupt52):ABSOLUTE (__DefaultInterrupt)
                  0x00017e          0x4 LONG 0x352 DEFINED (__AltInterrupt53)?ABSOLUTE (__AltInterrupt53):DEFINED (__Interrupt53)?ABSOLUTE (__Interrupt53):ABSOLUTE (__DefaultInterrupt)
                  0x000180          0x4 LONG 0x352 DEFINED (__AltInterrupt54)?ABSOLUTE (__AltInterrupt54):DEFINED (__Interrupt54)?ABSOLUTE (__Interrupt54):ABSOLUTE (__DefaultInterrupt)
                  0x000182          0x4 LONG 0x352 DEFINED (__AltInterrupt55)?ABSOLUTE (__AltInterrupt55):DEFINED (__Interrupt55)?ABSOLUTE (__Interrupt55):ABSOLUTE (__DefaultInterrupt)
                  0x000184          0x4 LONG 0x352 DEFINED (__AltInterrupt56)?ABSOLUTE (__AltInterrupt56):DEFINED (__Interrupt56)?ABSOLUTE (__Interrupt56):ABSOLUTE (__DefaultInterrupt)
                  0x000186          0x4 LONG 0x352 DEFINED (__AltInterrupt57)?ABSOLUTE (__AltInterrupt57):DEFINED (__Interrupt57)?ABSOLUTE (__Interrupt57):ABSOLUTE (__DefaultInterrupt)
                  0x000188          0x4 LONG 0x352 DEFINED (__AltInterrupt58)?ABSOLUTE (__AltInterrupt58):DEFINED (__Interrupt58)?ABSOLUTE (__Interrupt58):ABSOLUTE (__DefaultInterrupt)
                  0x00018a          0x4 LONG 0x352 DEFINED (__AltInterrupt59)?ABSOLUTE (__AltInterrupt59):DEFINED (__Interrupt59)?ABSOLUTE (__Interrupt59):ABSOLUTE (__DefaultInterrupt)
                  0x00018c          0x4 LONG 0x352 DEFINED (__AltInterrupt60)?ABSOLUTE (__AltInterrupt60):DEFINED (__Interrupt60)?ABSOLUTE (__Interrupt60):ABSOLUTE (__DefaultInterrupt)
                  0x00018e          0x4 LONG 0x352 DEFINED (__AltInterrupt61)?ABSOLUTE (__AltInterrupt61):DEFINED (__Interrupt61)?ABSOLUTE (__Interrupt61):ABSOLUTE (__DefaultInterrupt)
                  0x000190          0x4 LONG 0x352 DEFINED (__AltRTCCInterrupt)?ABSOLUTE (__AltRTCCInterrupt):DEFINED (__RTCCInterrupt)?ABSOLUTE (__RTCCInterrupt):ABSOLUTE (__DefaultInterrupt)
                  0x000192          0x4 LONG 0x352 DEFINED (__AltInterrupt63)?ABSOLUTE (__AltInterrupt63):DEFINED (__Interrupt63)?ABSOLUTE (__Interrupt63):ABSOLUTE (__DefaultInterrupt)
                  0x000194          0x4 LONG 0x352 DEFINED (__AltInterrupt64)?ABSOLUTE (__AltInterrupt64):DEFINED (__Interrupt64)?ABSOLUTE (__Interrupt64):ABSOLUTE (__DefaultInterrupt)
                  0x000196          0x4 LONG 0x352 DEFINED (__AltU1ErrInterrupt)?ABSOLUTE (__AltU1ErrInterrupt):DEFINED (__U1ErrInterrupt)?ABSOLUTE (__U1ErrInterrupt):ABSOLUTE (__DefaultInterrupt)
                  0x000198          0x4 LONG 0x352 DEFINED (__AltU2ErrInterrupt)?ABSOLUTE (__AltU2ErrInterrupt):DEFINED (__U2ErrInterrupt)?ABSOLUTE (__U2ErrInterrupt):ABSOLUTE (__DefaultInterrupt)
                  0x00019a          0x4 LONG 0x352 DEFINED (__AltCRCInterrupt)?ABSOLUTE (__AltCRCInterrupt):DEFINED (__CRCInterrupt)?ABSOLUTE (__CRCInterrupt):ABSOLUTE (__DefaultInterrupt)
                  0x00019c          0x4 LONG 0x352 DEFINED (__AltInterrupt68)?ABSOLUTE (__AltInterrupt68):DEFINED (__Interrupt68)?ABSOLUTE (__Interrupt68):ABSOLUTE (__DefaultInterrupt)
                  0x00019e          0x4 LONG 0x352 DEFINED (__AltInterrupt69)?ABSOLUTE (__AltInterrupt69):DEFINED (__Interrupt69)?ABSOLUTE (__Interrupt69):ABSOLUTE (__DefaultInterrupt)
                  0x0001a0          0x4 LONG 0x352 DEFINED (__AltInterrupt70)?ABSOLUTE (__AltInterrupt70):DEFINED (__Interrupt70)?ABSOLUTE (__Interrupt70):ABSOLUTE (__DefaultInterrupt)
                  0x0001a2          0x4 LONG 0x352 DEFINED (__AltInterrupt71)?ABSOLUTE (__AltInterrupt71):DEFINED (__Interrupt71)?ABSOLUTE (__Interrupt71):ABSOLUTE (__DefaultInterrupt)
                  0x0001a4          0x4 LONG 0x352 DEFINED (__AltLVDInterrupt)?ABSOLUTE (__AltLVDInterrupt):DEFINED (__LVDInterrupt)?ABSOLUTE (__LVDInterrupt):ABSOLUTE (__DefaultInterrupt)
                  0x0001a6          0x4 LONG 0x352 DEFINED (__AltInterrupt73)?ABSOLUTE (__AltInterrupt73):DEFINED (__Interrupt73)?ABSOLUTE (__Interrupt73):ABSOLUTE (__DefaultInterrupt)
                  0x0001a8          0x4 LONG 0x352 DEFINED (__AltInterrupt74)?ABSOLUTE (__AltInterrupt74):DEFINED (__Interrupt74)?ABSOLUTE (__Interrupt74):ABSOLUTE (__DefaultInterrupt)
                  0x0001aa          0x4 LONG 0x352 DEFINED (__AltInterrupt75)?ABSOLUTE (__AltInterrupt75):DEFINED (__Interrupt75)?ABSOLUTE (__Interrupt75):ABSOLUTE (__DefaultInterrupt)
                  0x0001ac          0x4 LONG 0x352 DEFINED (__AltInterrupt76)?ABSOLUTE (__AltInterrupt76):DEFINED (__Interrupt76)?ABSOLUTE (__Interrupt76):ABSOLUTE (__DefaultInterrupt)
                  0x0001ae          0x4 LONG 0x352 DEFINED (__AltCTMUInterrupt)?ABSOLUTE (__AltCTMUInterrupt):DEFINED (__CTMUInterrupt)?ABSOLUTE (__CTMUInterrupt):ABSOLUTE (__DefaultInterrupt)
                  0x0001b0          0x4 LONG 0x352 DEFINED (__AltInterrupt78)?ABSOLUTE (__AltInterrupt78):DEFINED (__Interrupt78)?ABSOLUTE (__Interrupt78):ABSOLUTE (__DefaultInterrupt)
                  0x0001b2          0x4 LONG 0x352 DEFINED (__AltInterrupt79)?ABSOLUTE (__AltInterrupt79):DEFINED (__Interrupt79)?ABSOLUTE (__Interrupt79):ABSOLUTE (__DefaultInterrupt)
                  0x0001b4          0x4 LONG 0x352 DEFINED (__AltInterrupt80)?ABSOLUTE (__AltInterrupt80):DEFINED (__Interrupt80)?ABSOLUTE (__Interrupt80):ABSOLUTE (__DefaultInterrupt)
                  0x0001b6          0x4 LONG 0x352 DEFINED (__AltInterrupt81)?ABSOLUTE (__AltInterrupt81):DEFINED (__Interrupt81)?ABSOLUTE (__Interrupt81):ABSOLUTE (__DefaultInterrupt)
                  0x0001b8          0x4 LONG 0x352 DEFINED (__AltInterrupt82)?ABSOLUTE (__AltInterrupt82):DEFINED (__Interrupt82)?ABSOLUTE (__Interrupt82):ABSOLUTE (__DefaultInterrupt)
                  0x0001ba          0x4 LONG 0x352 DEFINED (__AltInterrupt83)?ABSOLUTE (__AltInterrupt83):DEFINED (__Interrupt83)?ABSOLUTE (__Interrupt83):ABSOLUTE (__DefaultInterrupt)
                  0x0001bc          0x4 LONG 0x352 DEFINED (__AltInterrupt84)?ABSOLUTE (__AltInterrupt84):DEFINED (__Interrupt84)?ABSOLUTE (__Interrupt84):ABSOLUTE (__DefaultInterrupt)
                  0x0001be          0x4 LONG 0x352 DEFINED (__AltInterrupt85)?ABSOLUTE (__AltInterrupt85):DEFINED (__Interrupt85)?ABSOLUTE (__Interrupt85):ABSOLUTE (__DefaultInterrupt)
                  0x0001c0          0x4 LONG 0x28c8 DEFINED (__AltUSB1Interrupt)?ABSOLUTE (__AltUSB1Interrupt):DEFINED (__USB1Interrupt)?ABSOLUTE (__USB1Interrupt):ABSOLUTE (__DefaultInterrupt)
                  0x0001c2          0x4 LONG 0x352 DEFINED (__AltInterrupt87)?ABSOLUTE (__AltInterrupt87):DEFINED (__Interrupt87)?ABSOLUTE (__Interrupt87):ABSOLUTE (__DefaultInterrupt)
                  0x0001c4          0x4 LONG 0x352 DEFINED (__AltInterrupt88)?ABSOLUTE (__AltInterrupt88):DEFINED (__Interrupt88)?ABSOLUTE (__Interrupt88):ABSOLUTE (__DefaultInterrupt)
                  0x0001c6          0x4 LONG 0x352 DEFINED (__AltInterrupt89)?ABSOLUTE (__AltInterrupt89):DEFINED (__Interrupt89)?ABSOLUTE (__Interrupt89):ABSOLUTE (__DefaultInterrupt)
                  0x0001c8          0x4 LONG 0x352 DEFINED (__AltInterrupt90)?ABSOLUTE (__AltInterrupt90):DEFINED (__Interrupt90)?ABSOLUTE (__Interrupt90):ABSOLUTE (__DefaultInterrupt)
                  0x0001ca          0x4 LONG 0x352 DEFINED (__AltInterrupt91)?ABSOLUTE (__AltInterrupt91):DEFINED (__Interrupt91)?ABSOLUTE (__Interrupt91):ABSOLUTE (__DefaultInterrupt)
                  0x0001cc          0x4 LONG 0x352 DEFINED (__AltInterrupt92)?ABSOLUTE (__AltInterrupt92):DEFINED (__Interrupt92)?ABSOLUTE (__Interrupt92):ABSOLUTE (__DefaultInterrupt)
                  0x0001ce          0x4 LONG 0x352 DEFINED (__AltInterrupt93)?ABSOLUTE (__AltInterrupt93):DEFINED (__Interrupt93)?ABSOLUTE (__Interrupt93):ABSOLUTE (__DefaultInterrupt)
                  0x0001d0          0x4 LONG 0x352 DEFINED (__AltInterrupt94)?ABSOLUTE (__AltInterrupt94):DEFINED (__Interrupt94)?ABSOLUTE (__Interrupt94):ABSOLUTE (__DefaultInterrupt)
                  0x0001d2          0x4 LONG 0x352 DEFINED (__AltInterrupt95)?ABSOLUTE (__AltInterrupt95):DEFINED (__Interrupt95)?ABSOLUTE (__Interrupt95):ABSOLUTE (__DefaultInterrupt)
                  0x0001d4          0x4 LONG 0x352 DEFINED (__AltInterrupt96)?ABSOLUTE (__AltInterrupt96):DEFINED (__Interrupt96)?ABSOLUTE (__Interrupt96):ABSOLUTE (__DefaultInterrupt)
                  0x0001d6          0x4 LONG 0x352 DEFINED (__AltInterrupt97)?ABSOLUTE (__AltInterrupt97):DEFINED (__Interrupt97)?ABSOLUTE (__Interrupt97):ABSOLUTE (__DefaultInterrupt)
                  0x0001d8          0x4 LONG 0x352 DEFINED (__AltInterrupt98)?ABSOLUTE (__AltInterrupt98):DEFINED (__Interrupt98)?ABSOLUTE (__Interrupt98):ABSOLUTE (__DefaultInterrupt)
                  0x0001da          0x4 LONG 0x352 DEFINED (__AltInterrupt99)?ABSOLUTE (__AltInterrupt99):DEFINED (__Interrupt99)?ABSOLUTE (__Interrupt99):ABSOLUTE (__DefaultInterrupt)
                  0x0001dc          0x4 LONG 0x352 DEFINED (__AltInterrupt100)?ABSOLUTE (__AltInterrupt100):DEFINED (__Interrupt100)?ABSOLUTE (__Interrupt100):ABSOLUTE (__DefaultInterrupt)
                  0x0001de          0x4 LONG 0x352 DEFINED (__AltInterrupt101)?ABSOLUTE (__AltInterrupt101):DEFINED (__Interrupt101)?ABSOLUTE (__Interrupt101):ABSOLUTE (__DefaultInterrupt)
                  0x0001e0          0x4 LONG 0x352 DEFINED (__AltInterrupt102)?ABSOLUTE (__AltInterrupt102):DEFINED (__Interrupt102)?ABSOLUTE (__Interrupt102):ABSOLUTE (__DefaultInterrupt)
                  0x0001e2          0x4 LONG 0x352 DEFINED (__AltInterrupt103)?ABSOLUTE (__AltInterrupt103):DEFINED (__Interrupt103)?ABSOLUTE (__Interrupt103):ABSOLUTE (__DefaultInterrupt)
                  0x0001e4          0x4 LONG 0x352 DEFINED (__AltInterrupt104)?ABSOLUTE (__AltInterrupt104):DEFINED (__Interrupt104)?ABSOLUTE (__Interrupt104):ABSOLUTE (__DefaultInterrupt)
                  0x0001e6          0x4 LONG 0x352 DEFINED (__AltInterrupt105)?ABSOLUTE (__AltInterrupt105):DEFINED (__Interrupt105)?ABSOLUTE (__Interrupt105):ABSOLUTE (__DefaultInterrupt)
                  0x0001e8          0x4 LONG 0x352 DEFINED (__AltInterrupt106)?ABSOLUTE (__AltInterrupt106):DEFINED (__Interrupt106)?ABSOLUTE (__Interrupt106):ABSOLUTE (__DefaultInterrupt)
                  0x0001ea          0x4 LONG 0x352 DEFINED (__AltInterrupt107)?ABSOLUTE (__AltInterrupt107):DEFINED (__Interrupt107)?ABSOLUTE (__Interrupt107):ABSOLUTE (__DefaultInterrupt)
                  0x0001ec          0x4 LONG 0x352 DEFINED (__AltInterrupt108)?ABSOLUTE (__AltInterrupt108):DEFINED (__Interrupt108)?ABSOLUTE (__Interrupt108):ABSOLUTE (__DefaultInterrupt)
                  0x0001ee          0x4 LONG 0x352 DEFINED (__AltInterrupt109)?ABSOLUTE (__AltInterrupt109):DEFINED (__Interrupt109)?ABSOLUTE (__Interrupt109):ABSOLUTE (__DefaultInterrupt)
                  0x0001f0          0x4 LONG 0x352 DEFINED (__AltInterrupt110)?ABSOLUTE (__AltInterrupt110):DEFINED (__Interrupt110)?ABSOLUTE (__Interrupt110):ABSOLUTE (__DefaultInterrupt)
                  0x0001f2          0x4 LONG 0x352 DEFINED (__AltInterrupt111)?ABSOLUTE (__AltInterrupt111):DEFINED (__Interrupt111)?ABSOLUTE (__Interrupt111):ABSOLUTE (__DefaultInterrupt)
                  0x0001f4          0x4 LONG 0x352 DEFINED (__AltInterrupt112)?ABSOLUTE (__AltInterrupt112):DEFINED (__Interrupt112)?ABSOLUTE (__Interrupt112):ABSOLUTE (__DefaultInterrupt)
                  0x0001f6          0x4 LONG 0x352 DEFINED (__AltInterrupt113)?ABSOLUTE (__AltInterrupt113):DEFINED (__Interrupt113)?ABSOLUTE (__Interrupt113):ABSOLUTE (__DefaultInterrupt)
                  0x0001f8          0x4 LONG 0x352 DEFINED (__AltInterrupt114)?ABSOLUTE (__AltInterrupt114):DEFINED (__Interrupt114)?ABSOLUTE (__Interrupt114):ABSOLUTE (__DefaultInterrupt)
                  0x0001fa          0x4 LONG 0x352 DEFINED (__AltInterrupt115)?ABSOLUTE (__AltInterrupt115):DEFINED (__Interrupt115)?ABSOLUTE (__Interrupt115):ABSOLUTE (__DefaultInterrupt)
                  0x0001fc          0x4 LONG 0x352 DEFINED (__AltInterrupt116)?ABSOLUTE (__AltInterrupt116):DEFINED (__Interrupt116)?ABSOLUTE (__Interrupt116):ABSOLUTE (__DefaultInterrupt)
                  0x0001fe          0x4 LONG 0x352 DEFINED (__AltInterrupt117)?ABSOLUTE (__AltInterrupt117):DEFINED (__Interrupt117)?ABSOLUTE (__Interrupt117):ABSOLUTE (__DefaultInterrupt)
                    0x0000                  WREG0 = 0x0
                    0x0000                  _WREG0 = 0x0
                    0x0002                  WREG1 = 0x2
                    0x0002                  _WREG1 = 0x2
                    0x0004                  WREG2 = 0x4
                    0x0004                  _WREG2 = 0x4
                    0x0006                  WREG3 = 0x6
                    0x0006                  _WREG3 = 0x6
                    0x0008                  WREG4 = 0x8
                    0x0008                  _WREG4 = 0x8
                    0x000a                  WREG5 = 0xa
                    0x000a                  _WREG5 = 0xa
                    0x000c                  WREG6 = 0xc
                    0x000c                  _WREG6 = 0xc
                    0x000e                  WREG7 = 0xe
                    0x000e                  _WREG7 = 0xe
                    0x0010                  WREG8 = 0x10
                    0x0010                  _WREG8 = 0x10
                    0x0012                  WREG9 = 0x12
                    0x0012                  _WREG9 = 0x12
                    0x0014                  WREG10 = 0x14
                    0x0014                  _WREG10 = 0x14
                    0x0016                  WREG11 = 0x16
                    0x0016                  _WREG11 = 0x16
                    0x0018                  WREG12 = 0x18
                    0x0018                  _WREG12 = 0x18
                    0x001a                  WREG13 = 0x1a
                    0x001a                  _WREG13 = 0x1a
                    0x001c                  WREG14 = 0x1c
                    0x001c                  _WREG14 = 0x1c
                    0x001e                  WREG15 = 0x1e
                    0x001e                  _WREG15 = 0x1e
                    0x0020                  SPLIM = 0x20
                    0x0020                  _SPLIM = 0x20
                    0x002e                  PCL = 0x2e
                    0x002e                  _PCL = 0x2e
                    0x0030                  PCH = 0x30
                    0x0030                  _PCH = 0x30
                    0x0032                  TBLPAG = 0x32
                    0x0032                  _TBLPAG = 0x32
                    0x0034                  PSVPAG = 0x34
                    0x0034                  _PSVPAG = 0x34
                    0x0036                  RCOUNT = 0x36
                    0x0036                  _RCOUNT = 0x36
                    0x0042                  SR = 0x42
                    0x0042                  _SR = 0x42
                    0x0042                  _SRbits = 0x42
                    0x0044                  CORCON = 0x44
                    0x0044                  _CORCON = 0x44
                    0x0044                  _CORCONbits = 0x44
                    0x0052                  DISICNT = 0x52
                    0x0052                  _DISICNT = 0x52
                    0x0060                  CNEN1 = 0x60
                    0x0060                  _CNEN1 = 0x60
                    0x0060                  _CNEN1bits = 0x60
                    0x0062                  CNEN2 = 0x62
                    0x0062                  _CNEN2 = 0x62
                    0x0062                  _CNEN2bits = 0x62
                    0x0068                  CNPU1 = 0x68
                    0x0068                  _CNPU1 = 0x68
                    0x0068                  _CNPU1bits = 0x68
                    0x006a                  CNPU2 = 0x6a
                    0x006a                  _CNPU2 = 0x6a
                    0x006a                  _CNPU2bits = 0x6a
                    0x0080                  INTCON1 = 0x80
                    0x0080                  _INTCON1 = 0x80
                    0x0080                  _INTCON1bits = 0x80
                    0x0082                  INTCON2 = 0x82
                    0x0082                  _INTCON2 = 0x82
                    0x0082                  _INTCON2bits = 0x82
                    0x0084                  IFS0 = 0x84
                    0x0084                  _IFS0 = 0x84
                    0x0084                  _IFS0bits = 0x84
                    0x0086                  IFS1 = 0x86
                    0x0086                  _IFS1 = 0x86
                    0x0086                  _IFS1bits = 0x86
                    0x0088                  IFS2 = 0x88
                    0x0088                  _IFS2 = 0x88
                    0x0088                  _IFS2bits = 0x88
                    0x008a                  IFS3 = 0x8a
                    0x008a                  _IFS3 = 0x8a
                    0x008a                  _IFS3bits = 0x8a
                    0x008c                  IFS4 = 0x8c
                    0x008c                  _IFS4 = 0x8c
                    0x008c                  _IFS4bits = 0x8c
                    0x008e                  IFS5 = 0x8e
                    0x008e                  _IFS5 = 0x8e
                    0x008e                  _IFS5bits = 0x8e
                    0x0094                  IEC0 = 0x94
                    0x0094                  _IEC0 = 0x94
                    0x0094                  _IEC0bits = 0x94
                    0x0096                  IEC1 = 0x96
                    0x0096                  _IEC1 = 0x96
                    0x0096                  _IEC1bits = 0x96
                    0x0098                  IEC2 = 0x98
                    0x0098                  _IEC2 = 0x98
                    0x0098                  _IEC2bits = 0x98
                    0x009a                  IEC3 = 0x9a
                    0x009a                  _IEC3 = 0x9a
                    0x009a                  _IEC3bits = 0x9a
                    0x009c                  IEC4 = 0x9c
                    0x009c                  _IEC4 = 0x9c
                    0x009c                  _IEC4bits = 0x9c
                    0x009e                  IEC5 = 0x9e
                    0x009e                  _IEC5 = 0x9e
                    0x009e                  _IEC5bits = 0x9e
                    0x00a4                  IPC0 = 0xa4
                    0x00a4                  _IPC0 = 0xa4
                    0x00a4                  _IPC0bits = 0xa4
                    0x00a6                  IPC1 = 0xa6
                    0x00a6                  _IPC1 = 0xa6
                    0x00a6                  _IPC1bits = 0xa6
                    0x00a8                  IPC2 = 0xa8
                    0x00a8                  _IPC2 = 0xa8
                    0x00a8                  _IPC2bits = 0xa8
                    0x00aa                  IPC3 = 0xaa
                    0x00aa                  _IPC3 = 0xaa
                    0x00aa                  _IPC3bits = 0xaa
                    0x00ac                  IPC4 = 0xac
                    0x00ac                  _IPC4 = 0xac
                    0x00ac                  _IPC4bits = 0xac
                    0x00ae                  IPC5 = 0xae
                    0x00ae                  _IPC5 = 0xae
                    0x00ae                  _IPC5bits = 0xae
                    0x00b0                  IPC6 = 0xb0
                    0x00b0                  _IPC6 = 0xb0
                    0x00b0                  _IPC6bits = 0xb0
                    0x00b2                  IPC7 = 0xb2
                    0x00b2                  _IPC7 = 0xb2
                    0x00b2                  _IPC7bits = 0xb2
                    0x00b4                  IPC8 = 0xb4
                    0x00b4                  _IPC8 = 0xb4
                    0x00b4                  _IPC8bits = 0xb4
                    0x00b6                  IPC9 = 0xb6
                    0x00b6                  _IPC9 = 0xb6
                    0x00b6                  _IPC9bits = 0xb6
                    0x00b8                  IPC10 = 0xb8
                    0x00b8                  _IPC10 = 0xb8
                    0x00b8                  _IPC10bits = 0xb8
                    0x00ba                  IPC11 = 0xba
                    0x00ba                  _IPC11 = 0xba
                    0x00ba                  _IPC11bits = 0xba
                    0x00bc                  IPC12 = 0xbc
                    0x00bc                  _IPC12 = 0xbc
                    0x00bc                  _IPC12bits = 0xbc
                    0x00c2                  IPC15 = 0xc2
                    0x00c2                  _IPC15 = 0xc2
                    0x00c2                  _IPC15bits = 0xc2
                    0x00c4                  IPC16 = 0xc4
                    0x00c4                  _IPC16 = 0xc4
                    0x00c4                  _IPC16bits = 0xc4
                    0x00c8                  IPC18 = 0xc8
                    0x00c8                  _IPC18 = 0xc8
                    0x00c8                  _IPC18bits = 0xc8
                    0x00ca                  IPC19 = 0xca
                    0x00ca                  _IPC19 = 0xca
                    0x00ca                  _IPC19bits = 0xca
                    0x00ce                  IPC21 = 0xce
                    0x00ce                  _IPC21 = 0xce
                    0x00ce                  _IPC21bits = 0xce
                    0x00e0                  INTTREG = 0xe0
                    0x00e0                  _INTTREG = 0xe0
                    0x00e0                  _INTTREGbits = 0xe0
                    0x0100                  TMR1 = 0x100
                    0x0100                  _TMR1 = 0x100
                    0x0102                  PR1 = 0x102
                    0x0102                  _PR1 = 0x102
                    0x0104                  T1CON = 0x104
                    0x0104                  _T1CON = 0x104
                    0x0104                  _T1CONbits = 0x104
                    0x0106                  TMR2 = 0x106
                    0x0106                  _TMR2 = 0x106
                    0x0108                  TMR3HLD = 0x108
                    0x0108                  _TMR3HLD = 0x108
                    0x010a                  TMR3 = 0x10a
                    0x010a                  _TMR3 = 0x10a
                    0x010c                  PR2 = 0x10c
                    0x010c                  _PR2 = 0x10c
                    0x010e                  PR3 = 0x10e
                    0x010e                  _PR3 = 0x10e
                    0x0110                  T2CON = 0x110
                    0x0110                  _T2CON = 0x110
                    0x0110                  _T2CONbits = 0x110
                    0x0112                  T3CON = 0x112
                    0x0112                  _T3CON = 0x112
                    0x0112                  _T3CONbits = 0x112
                    0x0114                  TMR4 = 0x114
                    0x0114                  _TMR4 = 0x114
                    0x0116                  TMR5HLD = 0x116
                    0x0116                  _TMR5HLD = 0x116
                    0x0118                  TMR5 = 0x118
                    0x0118                  _TMR5 = 0x118
                    0x011a                  PR4 = 0x11a
                    0x011a                  _PR4 = 0x11a
                    0x011c                  PR5 = 0x11c
                    0x011c                  _PR5 = 0x11c
                    0x011e                  T4CON = 0x11e
                    0x011e                  _T4CON = 0x11e
                    0x011e                  _T4CONbits = 0x11e
                    0x0120                  T5CON = 0x120
                    0x0120                  _T5CON = 0x120
                    0x0120                  _T5CONbits = 0x120
                    0x0140                  IC1CON1 = 0x140
                    0x0140                  _IC1CON1 = 0x140
                    0x0140                  _IC1CON1bits = 0x140
                    0x0142                  IC1CON2 = 0x142
                    0x0142                  _IC1CON2 = 0x142
                    0x0142                  _IC1CON2bits = 0x142
                    0x0144                  IC1BUF = 0x144
                    0x0144                  _IC1BUF = 0x144
                    0x0146                  IC1TMR = 0x146
                    0x0146                  _IC1TMR = 0x146
                    0x0148                  IC2CON1 = 0x148
                    0x0148                  _IC2CON1 = 0x148
                    0x0148                  _IC2CON1bits = 0x148
                    0x014a                  IC2CON2 = 0x14a
                    0x014a                  _IC2CON2 = 0x14a
                    0x014a                  _IC2CON2bits = 0x14a
                    0x014c                  IC2BUF = 0x14c
                    0x014c                  _IC2BUF = 0x14c
                    0x014e                  IC2TMR = 0x14e
                    0x014e                  _IC2TMR = 0x14e
                    0x0150                  IC3CON1 = 0x150
                    0x0150                  _IC3CON1 = 0x150
                    0x0150                  _IC3CON1bits = 0x150
                    0x0152                  IC3CON2 = 0x152
                    0x0152                  _IC3CON2 = 0x152
                    0x0152                  _IC3CON2bits = 0x152
                    0x0154                  IC3BUF = 0x154
                    0x0154                  _IC3BUF = 0x154
                    0x0156                  IC3TMR = 0x156
                    0x0156                  _IC3TMR = 0x156
                    0x0158                  IC4CON1 = 0x158
                    0x0158                  _IC4CON1 = 0x158
                    0x0158                  _IC4CON1bits = 0x158
                    0x015a                  IC4CON2 = 0x15a
                    0x015a                  _IC4CON2 = 0x15a
                    0x015a                  _IC4CON2bits = 0x15a
                    0x015c                  IC4BUF = 0x15c
                    0x015c                  _IC4BUF = 0x15c
                    0x015e                  IC4TMR = 0x15e
                    0x015e                  _IC4TMR = 0x15e
                    0x0160                  IC5CON1 = 0x160
                    0x0160                  _IC5CON1 = 0x160
                    0x0160                  _IC5CON1bits = 0x160
                    0x0162                  IC5CON2 = 0x162
                    0x0162                  _IC5CON2 = 0x162
                    0x0162                  _IC5CON2bits = 0x162
                    0x0164                  IC5BUF = 0x164
                    0x0164                  _IC5BUF = 0x164
                    0x0166                  IC5TMR = 0x166
                    0x0166                  _IC5TMR = 0x166
                    0x0190                  OC1CON1 = 0x190
                    0x0190                  _OC1CON1 = 0x190
                    0x0190                  _OC1CON1bits = 0x190
                    0x0192                  OC1CON2 = 0x192
                    0x0192                  _OC1CON2 = 0x192
                    0x0192                  _OC1CON2bits = 0x192
                    0x0194                  OC1RS = 0x194
                    0x0194                  _OC1RS = 0x194
                    0x0196                  OC1R = 0x196
                    0x0196                  _OC1R = 0x196
                    0x0198                  OC1TMR = 0x198
                    0x0198                  _OC1TMR = 0x198
                    0x019a                  OC2CON1 = 0x19a
                    0x019a                  _OC2CON1 = 0x19a
                    0x019a                  _OC2CON1bits = 0x19a
                    0x019c                  OC2CON2 = 0x19c
                    0x019c                  _OC2CON2 = 0x19c
                    0x019c                  _OC2CON2bits = 0x19c
                    0x019e                  OC2RS = 0x19e
                    0x019e                  _OC2RS = 0x19e
                    0x01a0                  OC2R = 0x1a0
                    0x01a0                  _OC2R = 0x1a0
                    0x01a2                  OC2TMR = 0x1a2
                    0x01a2                  _OC2TMR = 0x1a2
                    0x01a4                  OC3CON1 = 0x1a4
                    0x01a4                  _OC3CON1 = 0x1a4
                    0x01a4                  _OC3CON1bits = 0x1a4
                    0x01a6                  OC3CON2 = 0x1a6
                    0x01a6                  _OC3CON2 = 0x1a6
                    0x01a6                  _OC3CON2bits = 0x1a6
                    0x01a8                  OC3RS = 0x1a8
                    0x01a8                  _OC3RS = 0x1a8
                    0x01aa                  OC3R = 0x1aa
                    0x01aa                  _OC3R = 0x1aa
                    0x01ac                  OC3TMR = 0x1ac
                    0x01ac                  _OC3TMR = 0x1ac
                    0x01ae                  OC4CON1 = 0x1ae
                    0x01ae                  _OC4CON1 = 0x1ae
                    0x01ae                  _OC4CON1bits = 0x1ae
                    0x01b0                  OC4CON2 = 0x1b0
                    0x01b0                  _OC4CON2 = 0x1b0
                    0x01b0                  _OC4CON2bits = 0x1b0
                    0x01b2                  OC4RS = 0x1b2
                    0x01b2                  _OC4RS = 0x1b2
                    0x01b4                  OC4R = 0x1b4
                    0x01b4                  _OC4R = 0x1b4
                    0x01b6                  OC4TMR = 0x1b6
                    0x01b6                  _OC4TMR = 0x1b6
                    0x01b8                  OC5CON1 = 0x1b8
                    0x01b8                  _OC5CON1 = 0x1b8
                    0x01b8                  _OC5CON1bits = 0x1b8
                    0x01ba                  OC5CON2 = 0x1ba
                    0x01ba                  _OC5CON2 = 0x1ba
                    0x01ba                  _OC5CON2bits = 0x1ba
                    0x01bc                  OC5RS = 0x1bc
                    0x01bc                  _OC5RS = 0x1bc
                    0x01be                  OC5R = 0x1be
                    0x01be                  _OC5R = 0x1be
                    0x01c0                  OC5TMR = 0x1c0
                    0x01c0                  _OC5TMR = 0x1c0
                    0x0200                  I2C1RCV = 0x200
                    0x0200                  _I2C1RCV = 0x200
                    0x0202                  I2C1TRN = 0x202
                    0x0202                  _I2C1TRN = 0x202
                    0x0204                  I2C1BRG = 0x204
                    0x0204                  _I2C1BRG = 0x204
                    0x0206                  I2C1CON = 0x206
                    0x0206                  _I2C1CON = 0x206
                    0x0206                  _I2C1CONbits = 0x206
                    0x0208                  I2C1STAT = 0x208
                    0x0208                  _I2C1STAT = 0x208
                    0x0208                  _I2C1STATbits = 0x208
                    0x020a                  I2C1ADD = 0x20a
                    0x020a                  _I2C1ADD = 0x20a
                    0x020c                  I2C1MSK = 0x20c
                    0x020c                  _I2C1MSK = 0x20c
                    0x0210                  I2C2RCV = 0x210
                    0x0210                  _I2C2RCV = 0x210
                    0x0212                  I2C2TRN = 0x212
                    0x0212                  _I2C2TRN = 0x212
                    0x0214                  I2C2BRG = 0x214
                    0x0214                  _I2C2BRG = 0x214
                    0x0216                  I2C2CON = 0x216
                    0x0216                  _I2C2CON = 0x216
                    0x0216                  _I2C2CONbits = 0x216
                    0x0218                  I2C2STAT = 0x218
                    0x0218                  _I2C2STAT = 0x218
                    0x0218                  _I2C2STATbits = 0x218
                    0x021a                  I2C2ADD = 0x21a
                    0x021a                  _I2C2ADD = 0x21a
                    0x021c                  I2C2MSK = 0x21c
                    0x021c                  _I2C2MSK = 0x21c
                    0x0220                  U1MODE = 0x220
                    0x0220                  _U1MODE = 0x220
                    0x0220                  _U1MODEbits = 0x220
                    0x0222                  U1STA = 0x222
                    0x0222                  _U1STA = 0x222
                    0x0222                  _U1STAbits = 0x222
                    0x0224                  U1TXREG = 0x224
                    0x0224                  _U1TXREG = 0x224
                    0x0224                  _U1TXREGbits = 0x224
                    0x0226                  U1RXREG = 0x226
                    0x0226                  _U1RXREG = 0x226
                    0x0226                  _U1RXREGbits = 0x226
                    0x0228                  U1BRG = 0x228
                    0x0228                  _U1BRG = 0x228
                    0x0230                  U2MODE = 0x230
                    0x0230                  _U2MODE = 0x230
                    0x0230                  _U2MODEbits = 0x230
                    0x0232                  U2STA = 0x232
                    0x0232                  _U2STA = 0x232
                    0x0232                  _U2STAbits = 0x232
                    0x0234                  U2TXREG = 0x234
                    0x0234                  _U2TXREG = 0x234
                    0x0234                  _U2TXREGbits = 0x234
                    0x0236                  U2RXREG = 0x236
                    0x0236                  _U2RXREG = 0x236
                    0x0236                  _U2RXREGbits = 0x236
                    0x0238                  U2BRG = 0x238
                    0x0238                  _U2BRG = 0x238
                    0x0240                  SPI1STAT = 0x240
                    0x0240                  _SPI1STAT = 0x240
                    0x0240                  _SPI1STATbits = 0x240
                    0x0242                  SPI1CON1 = 0x242
                    0x0242                  _SPI1CON1 = 0x242
                    0x0242                  _SPI1CON1bits = 0x242
                    0x0244                  SPI1CON2 = 0x244
                    0x0244                  _SPI1CON2 = 0x244
                    0x0244                  _SPI1CON2bits = 0x244
                    0x0248                  SPI1BUF = 0x248
                    0x0248                  _SPI1BUF = 0x248
                    0x0260                  SPI2STAT = 0x260
                    0x0260                  _SPI2STAT = 0x260
                    0x0260                  _SPI2STATbits = 0x260
                    0x0262                  SPI2CON1 = 0x262
                    0x0262                  _SPI2CON1 = 0x262
                    0x0262                  _SPI2CON1bits = 0x262
                    0x0264                  SPI2CON2 = 0x264
                    0x0264                  _SPI2CON2 = 0x264
                    0x0264                  _SPI2CON2bits = 0x264
                    0x0268                  SPI2BUF = 0x268
                    0x0268                  _SPI2BUF = 0x268
                    0x02c0                  TRISA = 0x2c0
                    0x02c0                  _TRISA = 0x2c0
                    0x02c0                  _TRISAbits = 0x2c0
                    0x02c2                  PORTA = 0x2c2
                    0x02c2                  _PORTA = 0x2c2
                    0x02c2                  _PORTAbits = 0x2c2
                    0x02c4                  LATA = 0x2c4
                    0x02c4                  _LATA = 0x2c4
                    0x02c4                  _LATAbits = 0x2c4
                    0x02c6                  ODCA = 0x2c6
                    0x02c6                  _ODCA = 0x2c6
                    0x02c6                  _ODCAbits = 0x2c6
                    0x02c8                  TRISB = 0x2c8
                    0x02c8                  _TRISB = 0x2c8
                    0x02c8                  _TRISBbits = 0x2c8
                    0x02ca                  PORTB = 0x2ca
                    0x02ca                  _PORTB = 0x2ca
                    0x02ca                  _PORTBbits = 0x2ca
                    0x02cc                  LATB = 0x2cc
                    0x02cc                  _LATB = 0x2cc
                    0x02cc                  _LATBbits = 0x2cc
                    0x02ce                  ODCB = 0x2ce
                    0x02ce                  _ODCB = 0x2ce
                    0x02ce                  _ODCBbits = 0x2ce
                    0x02d0                  TRISC = 0x2d0
                    0x02d0                  _TRISC = 0x2d0
                    0x02d0                  _TRISCbits = 0x2d0
                    0x02d2                  PORTC = 0x2d2
                    0x02d2                  _PORTC = 0x2d2
                    0x02d2                  _PORTCbits = 0x2d2
                    0x02d4                  LATC = 0x2d4
                    0x02d4                  _LATC = 0x2d4
                    0x02d4                  _LATCbits = 0x2d4
                    0x02d6                  ODCC = 0x2d6
                    0x02d6                  _ODCC = 0x2d6
                    0x02d6                  _ODCCbits = 0x2d6
                    0x02fc                  PADCFG1 = 0x2fc
                    0x02fc                  _PADCFG1 = 0x2fc
                    0x02fc                  _PADCFG1bits = 0x2fc
                    0x0300                  ADC1BUF0 = 0x300
                    0x0300                  _ADC1BUF0 = 0x300
                    0x0302                  ADC1BUF1 = 0x302
                    0x0302                  _ADC1BUF1 = 0x302
                    0x0304                  ADC1BUF2 = 0x304
                    0x0304                  _ADC1BUF2 = 0x304
                    0x0306                  ADC1BUF3 = 0x306
                    0x0306                  _ADC1BUF3 = 0x306
                    0x0308                  ADC1BUF4 = 0x308
                    0x0308                  _ADC1BUF4 = 0x308
                    0x030a                  ADC1BUF5 = 0x30a
                    0x030a                  _ADC1BUF5 = 0x30a
                    0x030c                  ADC1BUF6 = 0x30c